2026-05-11 18:11:18,465|INFO|root|main|Starting collection with 2 GPU processes
2026-05-11 18:11:18,473|INFO|root|collect_sglang|SGLang version: 0.5.10
2026-05-11 18:11:18,486|WARNING|py.warnings|_showwarnmsg|/home/ai_lab/ljc/scale-up-sim/aiconfigurator/collector/sglang/collect_wan_patch_embed.py:6: UserWarning: pkg_resources is deprecated as an API. See https://setuptools.pypa.io/en/latest/pkg_resources.html. The pkg_resources package is slated for removal as early as 2025-11-30. Refrain from using this package or pin to Setuptools<81.
  import pkg_resources

2026-05-11 18:11:18,506|INFO|root|collect_module_safe|Starting collection: sglang.wan_patch_embed
2026-05-11 18:11:18,506|INFO|root|collect_module_safe|Generated 15 test cases for sglang.wan_patch_embed
2026-05-11 18:11:20,008|INFO|root|start_process|Started worker process 3538846 on device 0
2026-05-11 18:11:20,026|INFO|root|start_process|Started worker process 3538848 on device 1
2026-05-11 18:11:21,857|INFO|Worker-worker_0|worker|Worker 0 initialized for sglang.wan_patch_embed
2026-05-11 18:11:22,136|INFO|Worker-worker_1|worker|Worker 1 initialized for sglang.wan_patch_embed
2026-05-11 18:11:25,156|INFO|root|parallel_run|sglang.wan_patch_embed: Completed successfully with no errors
2026-05-11 18:11:25,158|INFO|root|collect_module_safe|Starting collection: sglang.wan_rope
2026-05-11 18:11:25,159|INFO|root|collect_module_safe|Generated 132 test cases for sglang.wan_rope
2026-05-11 18:11:26,433|INFO|root|start_process|Started worker process 3539580 on device 0
2026-05-11 18:11:26,434|INFO|root|start_process|Started worker process 3539581 on device 1
2026-05-11 18:11:28,435|INFO|Worker-worker_1|worker|Worker 1 initialized for sglang.wan_rope
2026-05-11 18:11:28,644|INFO|Worker-worker_0|worker|Worker 0 initialized for sglang.wan_rope
2026-05-11 18:11:51,994|WARNING|root|parallel_run|Progress stalled at 2/132
2026-05-11 18:12:00,530|INFO|root|parallel_run|sglang.wan_rope: Completed successfully with no errors
2026-05-11 18:12:00,533|INFO|root|collect_module_safe|Starting collection: sglang.wan_attention
2026-05-11 18:12:00,544|INFO|root|collect_module_safe|Generated 485 test cases for sglang.wan_attention
2026-05-11 18:12:02,103|INFO|root|start_process|Started worker process 3542883 on device 0
2026-05-11 18:12:02,105|INFO|root|start_process|Started worker process 3542884 on device 1
2026-05-11 18:12:04,492|INFO|Worker-worker_1|worker|Worker 1 initialized for sglang.wan_attention
2026-05-11 18:12:04,629|INFO|Worker-worker_0|worker|Worker 0 initialized for sglang.wan_attention
2026-05-11 18:12:08,893|INFO|root|parallel_run|sglang.wan_attention: Completed successfully with no errors
2026-05-11 18:12:08,896|INFO|root|collect_module_safe|Starting collection: sglang.wan_elementwise
2026-05-11 18:12:08,896|INFO|root|collect_module_safe|Generated 96 test cases for sglang.wan_elementwise
2026-05-11 18:12:10,487|INFO|root|start_process|Started worker process 3543764 on device 0
2026-05-11 18:12:10,488|INFO|root|start_process|Started worker process 3543765 on device 1
2026-05-11 18:12:12,666|INFO|Worker-worker_0|worker|Worker 0 initialized for sglang.wan_elementwise
2026-05-11 18:12:12,885|INFO|Worker-worker_1|worker|Worker 1 initialized for sglang.wan_elementwise
2026-05-11 18:12:18,710|ERROR|Worker-worker_1|worker|Task sglang.wan_elementwise:run_wan_elementwise:['rmsnorm_qk', 1, 19110, 5120, 1] failed
Traceback (most recent call last):
  File "/home/ai_lab/ljc/scale-up-sim/aiconfigurator/collector/collect.py", line 364, in worker
    func(*task, device=device)
  File "/home/ai_lab/ljc/scale-up-sim/aiconfigurator/collector/sglang/collect_wan_elementwise.py", line 55, in run_wan_elementwise
    from sglang.multimodal_gen.runtime.layers.layernorm import RMSNorm
  File "/home/ai_lab/fjw/miniforge3/envs/ljc01/lib/python3.12/site-packages/sglang/multimodal_gen/__init__.py", line 2, in <module>
    from sglang.multimodal_gen.configs.pipeline_configs import PipelineConfig
  File "/home/ai_lab/fjw/miniforge3/envs/ljc01/lib/python3.12/site-packages/sglang/multimodal_gen/configs/pipeline_configs/__init__.py", line 3, in <module>
    from sglang.multimodal_gen.configs.pipeline_configs.base import (
  File "/home/ai_lab/fjw/miniforge3/envs/ljc01/lib/python3.12/site-packages/sglang/multimodal_gen/configs/pipeline_configs/base.py", line 33, in <module>
    from sglang.multimodal_gen.runtime.models.vision_utils import get_default_height_width
  File "/home/ai_lab/fjw/miniforge3/envs/ljc01/lib/python3.12/site-packages/sglang/multimodal_gen/runtime/models/vision_utils.py", line 10, in <module>
    import imageio
ModuleNotFoundError: No module named 'imageio'
2026-05-11 18:12:20,198|ERROR|Worker-worker_0|worker|Task sglang.wan_elementwise:run_wan_elementwise:['rmsnorm_qk', 1, 19110, 2560, 2] failed
Traceback (most recent call last):
  File "/home/ai_lab/ljc/scale-up-sim/aiconfigurator/collector/collect.py", line 364, in worker
    func(*task, device=device)
  File "/home/ai_lab/ljc/scale-up-sim/aiconfigurator/collector/sglang/collect_wan_elementwise.py", line 55, in run_wan_elementwise
    from sglang.multimodal_gen.runtime.layers.layernorm import RMSNorm
  File "/home/ai_lab/fjw/miniforge3/envs/ljc01/lib/python3.12/site-packages/sglang/multimodal_gen/__init__.py", line 2, in <module>
    from sglang.multimodal_gen.configs.pipeline_configs import PipelineConfig
  File "/home/ai_lab/fjw/miniforge3/envs/ljc01/lib/python3.12/site-packages/sglang/multimodal_gen/configs/pipeline_configs/__init__.py", line 3, in <module>
    from sglang.multimodal_gen.configs.pipeline_configs.base import (
  File "/home/ai_lab/fjw/miniforge3/envs/ljc01/lib/python3.12/site-packages/sglang/multimodal_gen/configs/pipeline_configs/base.py", line 33, in <module>
    from sglang.multimodal_gen.runtime.models.vision_utils import get_default_height_width
  File "/home/ai_lab/fjw/miniforge3/envs/ljc01/lib/python3.12/site-packages/sglang/multimodal_gen/runtime/models/vision_utils.py", line 10, in <module>
    import imageio
ModuleNotFoundError: No module named 'imageio'
2026-05-11 18:12:30,900|ERROR|Worker-worker_0|worker|Task sglang.wan_elementwise:run_wan_elementwise:['scale_residual_layernorm_scale_shift', 1, 19110, 5120, 1] failed
Traceback (most recent call last):
  File "/home/ai_lab/ljc/scale-up-sim/aiconfigurator/collector/collect.py", line 364, in worker
    func(*task, device=device)
  File "/home/ai_lab/ljc/scale-up-sim/aiconfigurator/collector/sglang/collect_wan_elementwise.py", line 66, in run_wan_elementwise
    module = ScaleResidualLayerNormScaleShift(
             ^^^^^^^^^^^^^^^^^^^^^^^^^^^^^^^^^
TypeError: _ScaleResidualNormScaleShift.__init__() got an unexpected keyword argument 'norm_type'
2026-05-11 18:12:30,902|ERROR|Worker-worker_1|worker|Task sglang.wan_elementwise:run_wan_elementwise:['scale_residual_layernorm_scale_shift', 1, 19110, 5120, 2] failed
Traceback (most recent call last):
  File "/home/ai_lab/ljc/scale-up-sim/aiconfigurator/collector/collect.py", line 364, in worker
    func(*task, device=device)
  File "/home/ai_lab/ljc/scale-up-sim/aiconfigurator/collector/sglang/collect_wan_elementwise.py", line 66, in run_wan_elementwise
    module = ScaleResidualLayerNormScaleShift(
             ^^^^^^^^^^^^^^^^^^^^^^^^^^^^^^^^^
TypeError: _ScaleResidualNormScaleShift.__init__() got an unexpected keyword argument 'norm_type'
2026-05-11 18:12:30,903|ERROR|Worker-worker_0|worker|Task sglang.wan_elementwise:run_wan_elementwise:['scale_residual_layernorm_scale_shift', 1, 19110, 5120, 4] failed
Traceback (most recent call last):
  File "/home/ai_lab/ljc/scale-up-sim/aiconfigurator/collector/collect.py", line 364, in worker
    func(*task, device=device)
  File "/home/ai_lab/ljc/scale-up-sim/aiconfigurator/collector/sglang/collect_wan_elementwise.py", line 66, in run_wan_elementwise
    module = ScaleResidualLayerNormScaleShift(
             ^^^^^^^^^^^^^^^^^^^^^^^^^^^^^^^^^
TypeError: _ScaleResidualNormScaleShift.__init__() got an unexpected keyword argument 'norm_type'
2026-05-11 18:12:30,903|ERROR|Worker-worker_1|worker|Task sglang.wan_elementwise:run_wan_elementwise:['scale_residual_layernorm_scale_shift', 1, 19110, 5120, 8] failed
Traceback (most recent call last):
  File "/home/ai_lab/ljc/scale-up-sim/aiconfigurator/collector/collect.py", line 364, in worker
    func(*task, device=device)
  File "/home/ai_lab/ljc/scale-up-sim/aiconfigurator/collector/sglang/collect_wan_elementwise.py", line 66, in run_wan_elementwise
    module = ScaleResidualLayerNormScaleShift(
             ^^^^^^^^^^^^^^^^^^^^^^^^^^^^^^^^^
TypeError: _ScaleResidualNormScaleShift.__init__() got an unexpected keyword argument 'norm_type'
2026-05-11 18:12:30,905|ERROR|Worker-worker_1|worker|Task sglang.wan_elementwise:run_wan_elementwise:['scale_residual_layernorm_scale_shift', 1, 31590, 5120, 2] failed
Traceback (most recent call last):
  File "/home/ai_lab/ljc/scale-up-sim/aiconfigurator/collector/collect.py", line 364, in worker
    func(*task, device=device)
  File "/home/ai_lab/ljc/scale-up-sim/aiconfigurator/collector/sglang/collect_wan_elementwise.py", line 66, in run_wan_elementwise
    module = ScaleResidualLayerNormScaleShift(
             ^^^^^^^^^^^^^^^^^^^^^^^^^^^^^^^^^
TypeError: _ScaleResidualNormScaleShift.__init__() got an unexpected keyword argument 'norm_type'
2026-05-11 18:12:30,905|ERROR|Worker-worker_0|worker|Task sglang.wan_elementwise:run_wan_elementwise:['scale_residual_layernorm_scale_shift', 1, 31590, 5120, 1] failed
Traceback (most recent call last):
  File "/home/ai_lab/ljc/scale-up-sim/aiconfigurator/collector/collect.py", line 364, in worker
    func(*task, device=device)
  File "/home/ai_lab/ljc/scale-up-sim/aiconfigurator/collector/sglang/collect_wan_elementwise.py", line 66, in run_wan_elementwise
    module = ScaleResidualLayerNormScaleShift(
             ^^^^^^^^^^^^^^^^^^^^^^^^^^^^^^^^^
TypeError: _ScaleResidualNormScaleShift.__init__() got an unexpected keyword argument 'norm_type'
2026-05-11 18:12:30,906|ERROR|Worker-worker_1|worker|Task sglang.wan_elementwise:run_wan_elementwise:['scale_residual_layernorm_scale_shift', 1, 31590, 5120, 4] failed
Traceback (most recent call last):
  File "/home/ai_lab/ljc/scale-up-sim/aiconfigurator/collector/collect.py", line 364, in worker
    func(*task, device=device)
  File "/home/ai_lab/ljc/scale-up-sim/aiconfigurator/collector/sglang/collect_wan_elementwise.py", line 66, in run_wan_elementwise
    module = ScaleResidualLayerNormScaleShift(
             ^^^^^^^^^^^^^^^^^^^^^^^^^^^^^^^^^
TypeError: _ScaleResidualNormScaleShift.__init__() got an unexpected keyword argument 'norm_type'
2026-05-11 18:12:30,907|ERROR|Worker-worker_1|worker|Task sglang.wan_elementwise:run_wan_elementwise:['scale_residual_layernorm_scale_shift', 1, 43120, 5120, 1] failed
Traceback (most recent call last):
  File "/home/ai_lab/ljc/scale-up-sim/aiconfigurator/collector/collect.py", line 364, in worker
    func(*task, device=device)
  File "/home/ai_lab/ljc/scale-up-sim/aiconfigurator/collector/sglang/collect_wan_elementwise.py", line 66, in run_wan_elementwise
    module = ScaleResidualLayerNormScaleShift(
             ^^^^^^^^^^^^^^^^^^^^^^^^^^^^^^^^^
TypeError: _ScaleResidualNormScaleShift.__init__() got an unexpected keyword argument 'norm_type'
2026-05-11 18:12:30,907|ERROR|Worker-worker_0|worker|Task sglang.wan_elementwise:run_wan_elementwise:['scale_residual_layernorm_scale_shift', 1, 31590, 5120, 8] failed
Traceback (most recent call last):
  File "/home/ai_lab/ljc/scale-up-sim/aiconfigurator/collector/collect.py", line 364, in worker
    func(*task, device=device)
  File "/home/ai_lab/ljc/scale-up-sim/aiconfigurator/collector/sglang/collect_wan_elementwise.py", line 66, in run_wan_elementwise
    module = ScaleResidualLayerNormScaleShift(
             ^^^^^^^^^^^^^^^^^^^^^^^^^^^^^^^^^
TypeError: _ScaleResidualNormScaleShift.__init__() got an unexpected keyword argument 'norm_type'
2026-05-11 18:12:30,908|ERROR|Worker-worker_1|worker|Task sglang.wan_elementwise:run_wan_elementwise:['scale_residual_layernorm_scale_shift', 1, 43120, 5120, 2] failed
Traceback (most recent call last):
  File "/home/ai_lab/ljc/scale-up-sim/aiconfigurator/collector/collect.py", line 364, in worker
    func(*task, device=device)
  File "/home/ai_lab/ljc/scale-up-sim/aiconfigurator/collector/sglang/collect_wan_elementwise.py", line 66, in run_wan_elementwise
    module = ScaleResidualLayerNormScaleShift(
             ^^^^^^^^^^^^^^^^^^^^^^^^^^^^^^^^^
TypeError: _ScaleResidualNormScaleShift.__init__() got an unexpected keyword argument 'norm_type'
2026-05-11 18:12:30,909|ERROR|Worker-worker_1|worker|Task sglang.wan_elementwise:run_wan_elementwise:['scale_residual_layernorm_scale_shift', 1, 43120, 5120, 8] failed
Traceback (most recent call last):
  File "/home/ai_lab/ljc/scale-up-sim/aiconfigurator/collector/collect.py", line 364, in worker
    func(*task, device=device)
  File "/home/ai_lab/ljc/scale-up-sim/aiconfigurator/collector/sglang/collect_wan_elementwise.py", line 66, in run_wan_elementwise
    module = ScaleResidualLayerNormScaleShift(
             ^^^^^^^^^^^^^^^^^^^^^^^^^^^^^^^^^
TypeError: _ScaleResidualNormScaleShift.__init__() got an unexpected keyword argument 'norm_type'
2026-05-11 18:12:30,909|ERROR|Worker-worker_0|worker|Task sglang.wan_elementwise:run_wan_elementwise:['scale_residual_layernorm_scale_shift', 1, 43120, 5120, 4] failed
Traceback (most recent call last):
  File "/home/ai_lab/ljc/scale-up-sim/aiconfigurator/collector/collect.py", line 364, in worker
    func(*task, device=device)
  File "/home/ai_lab/ljc/scale-up-sim/aiconfigurator/collector/sglang/collect_wan_elementwise.py", line 66, in run_wan_elementwise
    module = ScaleResidualLayerNormScaleShift(
             ^^^^^^^^^^^^^^^^^^^^^^^^^^^^^^^^^
TypeError: _ScaleResidualNormScaleShift.__init__() got an unexpected keyword argument 'norm_type'
2026-05-11 18:12:30,910|ERROR|Worker-worker_1|worker|Task sglang.wan_elementwise:run_wan_elementwise:['scale_residual_layernorm_scale_shift', 1, 47190, 5120, 1] failed
Traceback (most recent call last):
  File "/home/ai_lab/ljc/scale-up-sim/aiconfigurator/collector/collect.py", line 364, in worker
    func(*task, device=device)
  File "/home/ai_lab/ljc/scale-up-sim/aiconfigurator/collector/sglang/collect_wan_elementwise.py", line 66, in run_wan_elementwise
    module = ScaleResidualLayerNormScaleShift(
             ^^^^^^^^^^^^^^^^^^^^^^^^^^^^^^^^^
TypeError: _ScaleResidualNormScaleShift.__init__() got an unexpected keyword argument 'norm_type'
2026-05-11 18:12:30,911|ERROR|Worker-worker_1|worker|Task sglang.wan_elementwise:run_wan_elementwise:['scale_residual_layernorm_scale_shift', 1, 47190, 5120, 4] failed
Traceback (most recent call last):
  File "/home/ai_lab/ljc/scale-up-sim/aiconfigurator/collector/collect.py", line 364, in worker
    func(*task, device=device)
  File "/home/ai_lab/ljc/scale-up-sim/aiconfigurator/collector/sglang/collect_wan_elementwise.py", line 66, in run_wan_elementwise
    module = ScaleResidualLayerNormScaleShift(
             ^^^^^^^^^^^^^^^^^^^^^^^^^^^^^^^^^
TypeError: _ScaleResidualNormScaleShift.__init__() got an unexpected keyword argument 'norm_type'
2026-05-11 18:12:30,911|ERROR|Worker-worker_0|worker|Task sglang.wan_elementwise:run_wan_elementwise:['scale_residual_layernorm_scale_shift', 1, 47190, 5120, 2] failed
Traceback (most recent call last):
  File "/home/ai_lab/ljc/scale-up-sim/aiconfigurator/collector/collect.py", line 364, in worker
    func(*task, device=device)
  File "/home/ai_lab/ljc/scale-up-sim/aiconfigurator/collector/sglang/collect_wan_elementwise.py", line 66, in run_wan_elementwise
    module = ScaleResidualLayerNormScaleShift(
             ^^^^^^^^^^^^^^^^^^^^^^^^^^^^^^^^^
TypeError: _ScaleResidualNormScaleShift.__init__() got an unexpected keyword argument 'norm_type'
2026-05-11 18:12:30,912|ERROR|Worker-worker_1|worker|Task sglang.wan_elementwise:run_wan_elementwise:['scale_residual_layernorm_scale_shift', 1, 47190, 5120, 8] failed
Traceback (most recent call last):
  File "/home/ai_lab/ljc/scale-up-sim/aiconfigurator/collector/collect.py", line 364, in worker
    func(*task, device=device)
  File "/home/ai_lab/ljc/scale-up-sim/aiconfigurator/collector/sglang/collect_wan_elementwise.py", line 66, in run_wan_elementwise
    module = ScaleResidualLayerNormScaleShift(
             ^^^^^^^^^^^^^^^^^^^^^^^^^^^^^^^^^
TypeError: _ScaleResidualNormScaleShift.__init__() got an unexpected keyword argument 'norm_type'
2026-05-11 18:12:30,913|ERROR|Worker-worker_1|worker|Task sglang.wan_elementwise:run_wan_elementwise:['scale_residual_layernorm_scale_shift', 1, 71280, 5120, 2] failed
Traceback (most recent call last):
  File "/home/ai_lab/ljc/scale-up-sim/aiconfigurator/collector/collect.py", line 364, in worker
    func(*task, device=device)
  File "/home/ai_lab/ljc/scale-up-sim/aiconfigurator/collector/sglang/collect_wan_elementwise.py", line 66, in run_wan_elementwise
    module = ScaleResidualLayerNormScaleShift(
             ^^^^^^^^^^^^^^^^^^^^^^^^^^^^^^^^^
TypeError: _ScaleResidualNormScaleShift.__init__() got an unexpected keyword argument 'norm_type'
2026-05-11 18:12:30,913|ERROR|Worker-worker_0|worker|Task sglang.wan_elementwise:run_wan_elementwise:['scale_residual_layernorm_scale_shift', 1, 71280, 5120, 1] failed
Traceback (most recent call last):
  File "/home/ai_lab/ljc/scale-up-sim/aiconfigurator/collector/collect.py", line 364, in worker
    func(*task, device=device)
  File "/home/ai_lab/ljc/scale-up-sim/aiconfigurator/collector/sglang/collect_wan_elementwise.py", line 66, in run_wan_elementwise
    module = ScaleResidualLayerNormScaleShift(
             ^^^^^^^^^^^^^^^^^^^^^^^^^^^^^^^^^
TypeError: _ScaleResidualNormScaleShift.__init__() got an unexpected keyword argument 'norm_type'
2026-05-11 18:12:30,914|ERROR|Worker-worker_1|worker|Task sglang.wan_elementwise:run_wan_elementwise:['scale_residual_layernorm_scale_shift', 1, 71280, 5120, 4] failed
Traceback (most recent call last):
  File "/home/ai_lab/ljc/scale-up-sim/aiconfigurator/collector/collect.py", line 364, in worker
    func(*task, device=device)
  File "/home/ai_lab/ljc/scale-up-sim/aiconfigurator/collector/sglang/collect_wan_elementwise.py", line 66, in run_wan_elementwise
    module = ScaleResidualLayerNormScaleShift(
             ^^^^^^^^^^^^^^^^^^^^^^^^^^^^^^^^^
TypeError: _ScaleResidualNormScaleShift.__init__() got an unexpected keyword argument 'norm_type'
2026-05-11 18:12:30,915|ERROR|Worker-worker_1|worker|Task sglang.wan_elementwise:run_wan_elementwise:['scale_residual_layernorm_scale_shift', 1, 106480, 5120, 1] failed
Traceback (most recent call last):
  File "/home/ai_lab/ljc/scale-up-sim/aiconfigurator/collector/collect.py", line 364, in worker
    func(*task, device=device)
  File "/home/ai_lab/ljc/scale-up-sim/aiconfigurator/collector/sglang/collect_wan_elementwise.py", line 66, in run_wan_elementwise
    module = ScaleResidualLayerNormScaleShift(
             ^^^^^^^^^^^^^^^^^^^^^^^^^^^^^^^^^
TypeError: _ScaleResidualNormScaleShift.__init__() got an unexpected keyword argument 'norm_type'
2026-05-11 18:12:30,915|ERROR|Worker-worker_0|worker|Task sglang.wan_elementwise:run_wan_elementwise:['scale_residual_layernorm_scale_shift', 1, 71280, 5120, 8] failed
Traceback (most recent call last):
  File "/home/ai_lab/ljc/scale-up-sim/aiconfigurator/collector/collect.py", line 364, in worker
    func(*task, device=device)
  File "/home/ai_lab/ljc/scale-up-sim/aiconfigurator/collector/sglang/collect_wan_elementwise.py", line 66, in run_wan_elementwise
    module = ScaleResidualLayerNormScaleShift(
             ^^^^^^^^^^^^^^^^^^^^^^^^^^^^^^^^^
TypeError: _ScaleResidualNormScaleShift.__init__() got an unexpected keyword argument 'norm_type'
2026-05-11 18:12:30,916|ERROR|Worker-worker_1|worker|Task sglang.wan_elementwise:run_wan_elementwise:['scale_residual_layernorm_scale_shift', 1, 106480, 5120, 2] failed
Traceback (most recent call last):
  File "/home/ai_lab/ljc/scale-up-sim/aiconfigurator/collector/collect.py", line 364, in worker
    func(*task, device=device)
  File "/home/ai_lab/ljc/scale-up-sim/aiconfigurator/collector/sglang/collect_wan_elementwise.py", line 66, in run_wan_elementwise
    module = ScaleResidualLayerNormScaleShift(
             ^^^^^^^^^^^^^^^^^^^^^^^^^^^^^^^^^
TypeError: _ScaleResidualNormScaleShift.__init__() got an unexpected keyword argument 'norm_type'
2026-05-11 18:12:30,917|ERROR|Worker-worker_1|worker|Task sglang.wan_elementwise:run_wan_elementwise:['scale_residual_layernorm_scale_shift', 1, 106480, 5120, 8] failed
Traceback (most recent call last):
  File "/home/ai_lab/ljc/scale-up-sim/aiconfigurator/collector/collect.py", line 364, in worker
    func(*task, device=device)
  File "/home/ai_lab/ljc/scale-up-sim/aiconfigurator/collector/sglang/collect_wan_elementwise.py", line 66, in run_wan_elementwise
    module = ScaleResidualLayerNormScaleShift(
             ^^^^^^^^^^^^^^^^^^^^^^^^^^^^^^^^^
TypeError: _ScaleResidualNormScaleShift.__init__() got an unexpected keyword argument 'norm_type'
2026-05-11 18:12:30,917|ERROR|Worker-worker_0|worker|Task sglang.wan_elementwise:run_wan_elementwise:['scale_residual_layernorm_scale_shift', 1, 106480, 5120, 4] failed
Traceback (most recent call last):
  File "/home/ai_lab/ljc/scale-up-sim/aiconfigurator/collector/collect.py", line 364, in worker
    func(*task, device=device)
  File "/home/ai_lab/ljc/scale-up-sim/aiconfigurator/collector/sglang/collect_wan_elementwise.py", line 66, in run_wan_elementwise
    module = ScaleResidualLayerNormScaleShift(
             ^^^^^^^^^^^^^^^^^^^^^^^^^^^^^^^^^
TypeError: _ScaleResidualNormScaleShift.__init__() got an unexpected keyword argument 'norm_type'
2026-05-11 18:12:34,769|ERROR|root|parallel_run|sglang.wan_elementwise: Completed with 26 errors
2026-05-11 18:12:34,770|ERROR|root|parallel_run|Error details saved to wan_patch_embed+wan_rope+wan_attention+wan_elementwise_20260511_181117/errors_sglang.wan_elementwise.json
2026-05-11 18:12:34,772|INFO|root|generate_collection_summary|============================================================
2026-05-11 18:12:34,772|INFO|root|generate_collection_summary|COLLECTION SUMMARY - sglang v0.5.10
2026-05-11 18:12:34,772|INFO|root|generate_collection_summary|============================================================
2026-05-11 18:12:34,772|INFO|root|generate_collection_summary|Total errors: 26
2026-05-11 18:12:34,772|INFO|root|generate_collection_summary|
Errors by module:
2026-05-11 18:12:34,772|INFO|root|generate_collection_summary|  sglang.wan_elementwise: 26
2026-05-11 18:12:34,772|INFO|root|generate_collection_summary|
Errors by type:
2026-05-11 18:12:34,773|INFO|root|generate_collection_summary|  ModuleNotFoundError: 2
2026-05-11 18:12:34,773|INFO|root|generate_collection_summary|  TypeError: 24
2026-05-11 18:12:34,773|INFO|root|generate_collection_summary|
Detailed error report saved to: wan_patch_embed+wan_rope+wan_attention+wan_elementwise_20260511_181117/collection_summary_sglang.json
