[2026-05-11 18:11:21,857] [INFO] [Worker-0] [worker_0] Worker 0 initialized for sglang.wan_patch_embed
[2026-05-11 18:11:22,136] [INFO] [Worker-1] [worker_1] Worker 1 initialized for sglang.wan_patch_embed
[2026-05-11 18:11:28,435] [INFO] [Worker-1] [worker_1] Worker 1 initialized for sglang.wan_rope
[2026-05-11 18:11:28,644] [INFO] [Worker-0] [worker_0] Worker 0 initialized for sglang.wan_rope
[2026-05-11 18:12:04,492] [INFO] [Worker-1] [worker_1] Worker 1 initialized for sglang.wan_attention
[2026-05-11 18:12:04,629] [INFO] [Worker-0] [worker_0] Worker 0 initialized for sglang.wan_attention
[2026-05-11 18:12:12,666] [INFO] [Worker-0] [worker_0] Worker 0 initialized for sglang.wan_elementwise
[2026-05-11 18:12:12,885] [INFO] [Worker-1] [worker_1] Worker 1 initialized for sglang.wan_elementwise
[2026-05-11 18:12:18,710] [ERROR] [Worker-1] [worker_1] Task sglang.wan_elementwise:run_wan_elementwise:['rmsnorm_qk', 1, 19110, 5120, 1] failed
Traceback (most recent call last):
  File "/home/ai_lab/ljc/scale-up-sim/aiconfigurator/collector/collect.py", line 364, in worker
    func(*task, device=device)
  File "/home/ai_lab/ljc/scale-up-sim/aiconfigurator/collector/sglang/collect_wan_elementwise.py", line 55, in run_wan_elementwise
    from sglang.multimodal_gen.runtime.layers.layernorm import RMSNorm
  File "/home/ai_lab/fjw/miniforge3/envs/ljc01/lib/python3.12/site-packages/sglang/multimodal_gen/__init__.py", line 2, in <module>
    from sglang.multimodal_gen.configs.pipeline_configs import PipelineConfig
  File "/home/ai_lab/fjw/miniforge3/envs/ljc01/lib/python3.12/site-packages/sglang/multimodal_gen/configs/pipeline_configs/__init__.py", line 3, in <module>
    from sglang.multimodal_gen.configs.pipeline_configs.base import (
  File "/home/ai_lab/fjw/miniforge3/envs/ljc01/lib/python3.12/site-packages/sglang/multimodal_gen/configs/pipeline_configs/base.py", line 33, in <module>
    from sglang.multimodal_gen.runtime.models.vision_utils import get_default_height_width
  File "/home/ai_lab/fjw/miniforge3/envs/ljc01/lib/python3.12/site-packages/sglang/multimodal_gen/runtime/models/vision_utils.py", line 10, in <module>
    import imageio
ModuleNotFoundError: No module named 'imageio'
2026-05-11 18:12:18,710|ERROR|Worker-worker_1|worker|Task sglang.wan_elementwise:run_wan_elementwise:['rmsnorm_qk', 1, 19110, 5120, 1] failed
Traceback (most recent call last):
  File "/home/ai_lab/ljc/scale-up-sim/aiconfigurator/collector/collect.py", line 364, in worker
    func(*task, device=device)
  File "/home/ai_lab/ljc/scale-up-sim/aiconfigurator/collector/sglang/collect_wan_elementwise.py", line 55, in run_wan_elementwise
    from sglang.multimodal_gen.runtime.layers.layernorm import RMSNorm
  File "/home/ai_lab/fjw/miniforge3/envs/ljc01/lib/python3.12/site-packages/sglang/multimodal_gen/__init__.py", line 2, in <module>
    from sglang.multimodal_gen.configs.pipeline_configs import PipelineConfig
  File "/home/ai_lab/fjw/miniforge3/envs/ljc01/lib/python3.12/site-packages/sglang/multimodal_gen/configs/pipeline_configs/__init__.py", line 3, in <module>
    from sglang.multimodal_gen.configs.pipeline_configs.base import (
  File "/home/ai_lab/fjw/miniforge3/envs/ljc01/lib/python3.12/site-packages/sglang/multimodal_gen/configs/pipeline_configs/base.py", line 33, in <module>
    from sglang.multimodal_gen.runtime.models.vision_utils import get_default_height_width
  File "/home/ai_lab/fjw/miniforge3/envs/ljc01/lib/python3.12/site-packages/sglang/multimodal_gen/runtime/models/vision_utils.py", line 10, in <module>
    import imageio
ModuleNotFoundError: No module named 'imageio'
[2026-05-11 18:12:20,198] [ERROR] [Worker-0] [worker_0] Task sglang.wan_elementwise:run_wan_elementwise:['rmsnorm_qk', 1, 19110, 2560, 2] failed
Traceback (most recent call last):
  File "/home/ai_lab/ljc/scale-up-sim/aiconfigurator/collector/collect.py", line 364, in worker
    func(*task, device=device)
  File "/home/ai_lab/ljc/scale-up-sim/aiconfigurator/collector/sglang/collect_wan_elementwise.py", line 55, in run_wan_elementwise
    from sglang.multimodal_gen.runtime.layers.layernorm import RMSNorm
  File "/home/ai_lab/fjw/miniforge3/envs/ljc01/lib/python3.12/site-packages/sglang/multimodal_gen/__init__.py", line 2, in <module>
    from sglang.multimodal_gen.configs.pipeline_configs import PipelineConfig
  File "/home/ai_lab/fjw/miniforge3/envs/ljc01/lib/python3.12/site-packages/sglang/multimodal_gen/configs/pipeline_configs/__init__.py", line 3, in <module>
    from sglang.multimodal_gen.configs.pipeline_configs.base import (
  File "/home/ai_lab/fjw/miniforge3/envs/ljc01/lib/python3.12/site-packages/sglang/multimodal_gen/configs/pipeline_configs/base.py", line 33, in <module>
    from sglang.multimodal_gen.runtime.models.vision_utils import get_default_height_width
  File "/home/ai_lab/fjw/miniforge3/envs/ljc01/lib/python3.12/site-packages/sglang/multimodal_gen/runtime/models/vision_utils.py", line 10, in <module>
    import imageio
ModuleNotFoundError: No module named 'imageio'
2026-05-11 18:12:20,198|ERROR|Worker-worker_0|worker|Task sglang.wan_elementwise:run_wan_elementwise:['rmsnorm_qk', 1, 19110, 2560, 2] failed
Traceback (most recent call last):
  File "/home/ai_lab/ljc/scale-up-sim/aiconfigurator/collector/collect.py", line 364, in worker
    func(*task, device=device)
  File "/home/ai_lab/ljc/scale-up-sim/aiconfigurator/collector/sglang/collect_wan_elementwise.py", line 55, in run_wan_elementwise
    from sglang.multimodal_gen.runtime.layers.layernorm import RMSNorm
  File "/home/ai_lab/fjw/miniforge3/envs/ljc01/lib/python3.12/site-packages/sglang/multimodal_gen/__init__.py", line 2, in <module>
    from sglang.multimodal_gen.configs.pipeline_configs import PipelineConfig
  File "/home/ai_lab/fjw/miniforge3/envs/ljc01/lib/python3.12/site-packages/sglang/multimodal_gen/configs/pipeline_configs/__init__.py", line 3, in <module>
    from sglang.multimodal_gen.configs.pipeline_configs.base import (
  File "/home/ai_lab/fjw/miniforge3/envs/ljc01/lib/python3.12/site-packages/sglang/multimodal_gen/configs/pipeline_configs/base.py", line 33, in <module>
    from sglang.multimodal_gen.runtime.models.vision_utils import get_default_height_width
  File "/home/ai_lab/fjw/miniforge3/envs/ljc01/lib/python3.12/site-packages/sglang/multimodal_gen/runtime/models/vision_utils.py", line 10, in <module>
    import imageio
ModuleNotFoundError: No module named 'imageio'
[2026-05-11 18:12:30,900] [ERROR] [Worker-0] [worker_0] Task sglang.wan_elementwise:run_wan_elementwise:['scale_residual_layernorm_scale_shift', 1, 19110, 5120, 1] failed
Traceback (most recent call last):
  File "/home/ai_lab/ljc/scale-up-sim/aiconfigurator/collector/collect.py", line 364, in worker
    func(*task, device=device)
  File "/home/ai_lab/ljc/scale-up-sim/aiconfigurator/collector/sglang/collect_wan_elementwise.py", line 66, in run_wan_elementwise
    module = ScaleResidualLayerNormScaleShift(
             ^^^^^^^^^^^^^^^^^^^^^^^^^^^^^^^^^
TypeError: _ScaleResidualNormScaleShift.__init__() got an unexpected keyword argument 'norm_type'
2026-05-11 18:12:30,900|ERROR|Worker-worker_0|worker|Task sglang.wan_elementwise:run_wan_elementwise:['scale_residual_layernorm_scale_shift', 1, 19110, 5120, 1] failed
Traceback (most recent call last):
  File "/home/ai_lab/ljc/scale-up-sim/aiconfigurator/collector/collect.py", line 364, in worker
    func(*task, device=device)
  File "/home/ai_lab/ljc/scale-up-sim/aiconfigurator/collector/sglang/collect_wan_elementwise.py", line 66, in run_wan_elementwise
    module = ScaleResidualLayerNormScaleShift(
             ^^^^^^^^^^^^^^^^^^^^^^^^^^^^^^^^^
TypeError: _ScaleResidualNormScaleShift.__init__() got an unexpected keyword argument 'norm_type'
[2026-05-11 18:12:30,902] [ERROR] [Worker-1] [worker_1] Task sglang.wan_elementwise:run_wan_elementwise:['scale_residual_layernorm_scale_shift', 1, 19110, 5120, 2] failed
Traceback (most recent call last):
  File "/home/ai_lab/ljc/scale-up-sim/aiconfigurator/collector/collect.py", line 364, in worker
    func(*task, device=device)
  File "/home/ai_lab/ljc/scale-up-sim/aiconfigurator/collector/sglang/collect_wan_elementwise.py", line 66, in run_wan_elementwise
    module = ScaleResidualLayerNormScaleShift(
             ^^^^^^^^^^^^^^^^^^^^^^^^^^^^^^^^^
TypeError: _ScaleResidualNormScaleShift.__init__() got an unexpected keyword argument 'norm_type'
2026-05-11 18:12:30,902|ERROR|Worker-worker_1|worker|Task sglang.wan_elementwise:run_wan_elementwise:['scale_residual_layernorm_scale_shift', 1, 19110, 5120, 2] failed
Traceback (most recent call last):
  File "/home/ai_lab/ljc/scale-up-sim/aiconfigurator/collector/collect.py", line 364, in worker
    func(*task, device=device)
  File "/home/ai_lab/ljc/scale-up-sim/aiconfigurator/collector/sglang/collect_wan_elementwise.py", line 66, in run_wan_elementwise
    module = ScaleResidualLayerNormScaleShift(
             ^^^^^^^^^^^^^^^^^^^^^^^^^^^^^^^^^
TypeError: _ScaleResidualNormScaleShift.__init__() got an unexpected keyword argument 'norm_type'
[2026-05-11 18:12:30,903] [ERROR] [Worker-0] [worker_0] Task sglang.wan_elementwise:run_wan_elementwise:['scale_residual_layernorm_scale_shift', 1, 19110, 5120, 4] failed
Traceback (most recent call last):
  File "/home/ai_lab/ljc/scale-up-sim/aiconfigurator/collector/collect.py", line 364, in worker
    func(*task, device=device)
  File "/home/ai_lab/ljc/scale-up-sim/aiconfigurator/collector/sglang/collect_wan_elementwise.py", line 66, in run_wan_elementwise
    module = ScaleResidualLayerNormScaleShift(
             ^^^^^^^^^^^^^^^^^^^^^^^^^^^^^^^^^
TypeError: _ScaleResidualNormScaleShift.__init__() got an unexpected keyword argument 'norm_type'
2026-05-11 18:12:30,903|ERROR|Worker-worker_0|worker|Task sglang.wan_elementwise:run_wan_elementwise:['scale_residual_layernorm_scale_shift', 1, 19110, 5120, 4] failed
Traceback (most recent call last):
  File "/home/ai_lab/ljc/scale-up-sim/aiconfigurator/collector/collect.py", line 364, in worker
    func(*task, device=device)
  File "/home/ai_lab/ljc/scale-up-sim/aiconfigurator/collector/sglang/collect_wan_elementwise.py", line 66, in run_wan_elementwise
    module = ScaleResidualLayerNormScaleShift(
             ^^^^^^^^^^^^^^^^^^^^^^^^^^^^^^^^^
TypeError: _ScaleResidualNormScaleShift.__init__() got an unexpected keyword argument 'norm_type'
[2026-05-11 18:12:30,903] [ERROR] [Worker-1] [worker_1] Task sglang.wan_elementwise:run_wan_elementwise:['scale_residual_layernorm_scale_shift', 1, 19110, 5120, 8] failed
Traceback (most recent call last):
  File "/home/ai_lab/ljc/scale-up-sim/aiconfigurator/collector/collect.py", line 364, in worker
    func(*task, device=device)
  File "/home/ai_lab/ljc/scale-up-sim/aiconfigurator/collector/sglang/collect_wan_elementwise.py", line 66, in run_wan_elementwise
    module = ScaleResidualLayerNormScaleShift(
             ^^^^^^^^^^^^^^^^^^^^^^^^^^^^^^^^^
TypeError: _ScaleResidualNormScaleShift.__init__() got an unexpected keyword argument 'norm_type'
2026-05-11 18:12:30,903|ERROR|Worker-worker_1|worker|Task sglang.wan_elementwise:run_wan_elementwise:['scale_residual_layernorm_scale_shift', 1, 19110, 5120, 8] failed
Traceback (most recent call last):
  File "/home/ai_lab/ljc/scale-up-sim/aiconfigurator/collector/collect.py", line 364, in worker
    func(*task, device=device)
  File "/home/ai_lab/ljc/scale-up-sim/aiconfigurator/collector/sglang/collect_wan_elementwise.py", line 66, in run_wan_elementwise
    module = ScaleResidualLayerNormScaleShift(
             ^^^^^^^^^^^^^^^^^^^^^^^^^^^^^^^^^
TypeError: _ScaleResidualNormScaleShift.__init__() got an unexpected keyword argument 'norm_type'
[2026-05-11 18:12:30,905] [ERROR] [Worker-1] [worker_1] Task sglang.wan_elementwise:run_wan_elementwise:['scale_residual_layernorm_scale_shift', 1, 31590, 5120, 2] failed
Traceback (most recent call last):
  File "/home/ai_lab/ljc/scale-up-sim/aiconfigurator/collector/collect.py", line 364, in worker
    func(*task, device=device)
  File "/home/ai_lab/ljc/scale-up-sim/aiconfigurator/collector/sglang/collect_wan_elementwise.py", line 66, in run_wan_elementwise
    module = ScaleResidualLayerNormScaleShift(
             ^^^^^^^^^^^^^^^^^^^^^^^^^^^^^^^^^
TypeError: _ScaleResidualNormScaleShift.__init__() got an unexpected keyword argument 'norm_type'
2026-05-11 18:12:30,905|ERROR|Worker-worker_1|worker|Task sglang.wan_elementwise:run_wan_elementwise:['scale_residual_layernorm_scale_shift', 1, 31590, 5120, 2] failed
Traceback (most recent call last):
  File "/home/ai_lab/ljc/scale-up-sim/aiconfigurator/collector/collect.py", line 364, in worker
    func(*task, device=device)
  File "/home/ai_lab/ljc/scale-up-sim/aiconfigurator/collector/sglang/collect_wan_elementwise.py", line 66, in run_wan_elementwise
    module = ScaleResidualLayerNormScaleShift(
             ^^^^^^^^^^^^^^^^^^^^^^^^^^^^^^^^^
TypeError: _ScaleResidualNormScaleShift.__init__() got an unexpected keyword argument 'norm_type'
[2026-05-11 18:12:30,905] [ERROR] [Worker-0] [worker_0] Task sglang.wan_elementwise:run_wan_elementwise:['scale_residual_layernorm_scale_shift', 1, 31590, 5120, 1] failed
Traceback (most recent call last):
  File "/home/ai_lab/ljc/scale-up-sim/aiconfigurator/collector/collect.py", line 364, in worker
    func(*task, device=device)
  File "/home/ai_lab/ljc/scale-up-sim/aiconfigurator/collector/sglang/collect_wan_elementwise.py", line 66, in run_wan_elementwise
    module = ScaleResidualLayerNormScaleShift(
             ^^^^^^^^^^^^^^^^^^^^^^^^^^^^^^^^^
TypeError: _ScaleResidualNormScaleShift.__init__() got an unexpected keyword argument 'norm_type'
2026-05-11 18:12:30,905|ERROR|Worker-worker_0|worker|Task sglang.wan_elementwise:run_wan_elementwise:['scale_residual_layernorm_scale_shift', 1, 31590, 5120, 1] failed
Traceback (most recent call last):
  File "/home/ai_lab/ljc/scale-up-sim/aiconfigurator/collector/collect.py", line 364, in worker
    func(*task, device=device)
  File "/home/ai_lab/ljc/scale-up-sim/aiconfigurator/collector/sglang/collect_wan_elementwise.py", line 66, in run_wan_elementwise
    module = ScaleResidualLayerNormScaleShift(
             ^^^^^^^^^^^^^^^^^^^^^^^^^^^^^^^^^
TypeError: _ScaleResidualNormScaleShift.__init__() got an unexpected keyword argument 'norm_type'
[2026-05-11 18:12:30,906] [ERROR] [Worker-1] [worker_1] Task sglang.wan_elementwise:run_wan_elementwise:['scale_residual_layernorm_scale_shift', 1, 31590, 5120, 4] failed
Traceback (most recent call last):
  File "/home/ai_lab/ljc/scale-up-sim/aiconfigurator/collector/collect.py", line 364, in worker
    func(*task, device=device)
  File "/home/ai_lab/ljc/scale-up-sim/aiconfigurator/collector/sglang/collect_wan_elementwise.py", line 66, in run_wan_elementwise
    module = ScaleResidualLayerNormScaleShift(
             ^^^^^^^^^^^^^^^^^^^^^^^^^^^^^^^^^
TypeError: _ScaleResidualNormScaleShift.__init__() got an unexpected keyword argument 'norm_type'
2026-05-11 18:12:30,906|ERROR|Worker-worker_1|worker|Task sglang.wan_elementwise:run_wan_elementwise:['scale_residual_layernorm_scale_shift', 1, 31590, 5120, 4] failed
Traceback (most recent call last):
  File "/home/ai_lab/ljc/scale-up-sim/aiconfigurator/collector/collect.py", line 364, in worker
    func(*task, device=device)
  File "/home/ai_lab/ljc/scale-up-sim/aiconfigurator/collector/sglang/collect_wan_elementwise.py", line 66, in run_wan_elementwise
    module = ScaleResidualLayerNormScaleShift(
             ^^^^^^^^^^^^^^^^^^^^^^^^^^^^^^^^^
TypeError: _ScaleResidualNormScaleShift.__init__() got an unexpected keyword argument 'norm_type'
[2026-05-11 18:12:30,907] [ERROR] [Worker-1] [worker_1] Task sglang.wan_elementwise:run_wan_elementwise:['scale_residual_layernorm_scale_shift', 1, 43120, 5120, 1] failed
Traceback (most recent call last):
  File "/home/ai_lab/ljc/scale-up-sim/aiconfigurator/collector/collect.py", line 364, in worker
    func(*task, device=device)
  File "/home/ai_lab/ljc/scale-up-sim/aiconfigurator/collector/sglang/collect_wan_elementwise.py", line 66, in run_wan_elementwise
    module = ScaleResidualLayerNormScaleShift(
             ^^^^^^^^^^^^^^^^^^^^^^^^^^^^^^^^^
TypeError: _ScaleResidualNormScaleShift.__init__() got an unexpected keyword argument 'norm_type'
2026-05-11 18:12:30,907|ERROR|Worker-worker_1|worker|Task sglang.wan_elementwise:run_wan_elementwise:['scale_residual_layernorm_scale_shift', 1, 43120, 5120, 1] failed
Traceback (most recent call last):
  File "/home/ai_lab/ljc/scale-up-sim/aiconfigurator/collector/collect.py", line 364, in worker
    func(*task, device=device)
  File "/home/ai_lab/ljc/scale-up-sim/aiconfigurator/collector/sglang/collect_wan_elementwise.py", line 66, in run_wan_elementwise
    module = ScaleResidualLayerNormScaleShift(
             ^^^^^^^^^^^^^^^^^^^^^^^^^^^^^^^^^
TypeError: _ScaleResidualNormScaleShift.__init__() got an unexpected keyword argument 'norm_type'
[2026-05-11 18:12:30,907] [ERROR] [Worker-0] [worker_0] Task sglang.wan_elementwise:run_wan_elementwise:['scale_residual_layernorm_scale_shift', 1, 31590, 5120, 8] failed
Traceback (most recent call last):
  File "/home/ai_lab/ljc/scale-up-sim/aiconfigurator/collector/collect.py", line 364, in worker
    func(*task, device=device)
  File "/home/ai_lab/ljc/scale-up-sim/aiconfigurator/collector/sglang/collect_wan_elementwise.py", line 66, in run_wan_elementwise
    module = ScaleResidualLayerNormScaleShift(
             ^^^^^^^^^^^^^^^^^^^^^^^^^^^^^^^^^
TypeError: _ScaleResidualNormScaleShift.__init__() got an unexpected keyword argument 'norm_type'
2026-05-11 18:12:30,907|ERROR|Worker-worker_0|worker|Task sglang.wan_elementwise:run_wan_elementwise:['scale_residual_layernorm_scale_shift', 1, 31590, 5120, 8] failed
Traceback (most recent call last):
  File "/home/ai_lab/ljc/scale-up-sim/aiconfigurator/collector/collect.py", line 364, in worker
    func(*task, device=device)
  File "/home/ai_lab/ljc/scale-up-sim/aiconfigurator/collector/sglang/collect_wan_elementwise.py", line 66, in run_wan_elementwise
    module = ScaleResidualLayerNormScaleShift(
             ^^^^^^^^^^^^^^^^^^^^^^^^^^^^^^^^^
TypeError: _ScaleResidualNormScaleShift.__init__() got an unexpected keyword argument 'norm_type'
[2026-05-11 18:12:30,908] [ERROR] [Worker-1] [worker_1] Task sglang.wan_elementwise:run_wan_elementwise:['scale_residual_layernorm_scale_shift', 1, 43120, 5120, 2] failed
Traceback (most recent call last):
  File "/home/ai_lab/ljc/scale-up-sim/aiconfigurator/collector/collect.py", line 364, in worker
    func(*task, device=device)
  File "/home/ai_lab/ljc/scale-up-sim/aiconfigurator/collector/sglang/collect_wan_elementwise.py", line 66, in run_wan_elementwise
    module = ScaleResidualLayerNormScaleShift(
             ^^^^^^^^^^^^^^^^^^^^^^^^^^^^^^^^^
TypeError: _ScaleResidualNormScaleShift.__init__() got an unexpected keyword argument 'norm_type'
2026-05-11 18:12:30,908|ERROR|Worker-worker_1|worker|Task sglang.wan_elementwise:run_wan_elementwise:['scale_residual_layernorm_scale_shift', 1, 43120, 5120, 2] failed
Traceback (most recent call last):
  File "/home/ai_lab/ljc/scale-up-sim/aiconfigurator/collector/collect.py", line 364, in worker
    func(*task, device=device)
  File "/home/ai_lab/ljc/scale-up-sim/aiconfigurator/collector/sglang/collect_wan_elementwise.py", line 66, in run_wan_elementwise
    module = ScaleResidualLayerNormScaleShift(
             ^^^^^^^^^^^^^^^^^^^^^^^^^^^^^^^^^
TypeError: _ScaleResidualNormScaleShift.__init__() got an unexpected keyword argument 'norm_type'
[2026-05-11 18:12:30,909] [ERROR] [Worker-1] [worker_1] Task sglang.wan_elementwise:run_wan_elementwise:['scale_residual_layernorm_scale_shift', 1, 43120, 5120, 8] failed
Traceback (most recent call last):
  File "/home/ai_lab/ljc/scale-up-sim/aiconfigurator/collector/collect.py", line 364, in worker
    func(*task, device=device)
  File "/home/ai_lab/ljc/scale-up-sim/aiconfigurator/collector/sglang/collect_wan_elementwise.py", line 66, in run_wan_elementwise
    module = ScaleResidualLayerNormScaleShift(
             ^^^^^^^^^^^^^^^^^^^^^^^^^^^^^^^^^
TypeError: _ScaleResidualNormScaleShift.__init__() got an unexpected keyword argument 'norm_type'
2026-05-11 18:12:30,909|ERROR|Worker-worker_1|worker|Task sglang.wan_elementwise:run_wan_elementwise:['scale_residual_layernorm_scale_shift', 1, 43120, 5120, 8] failed
Traceback (most recent call last):
  File "/home/ai_lab/ljc/scale-up-sim/aiconfigurator/collector/collect.py", line 364, in worker
    func(*task, device=device)
  File "/home/ai_lab/ljc/scale-up-sim/aiconfigurator/collector/sglang/collect_wan_elementwise.py", line 66, in run_wan_elementwise
    module = ScaleResidualLayerNormScaleShift(
             ^^^^^^^^^^^^^^^^^^^^^^^^^^^^^^^^^
TypeError: _ScaleResidualNormScaleShift.__init__() got an unexpected keyword argument 'norm_type'
[2026-05-11 18:12:30,909] [ERROR] [Worker-0] [worker_0] Task sglang.wan_elementwise:run_wan_elementwise:['scale_residual_layernorm_scale_shift', 1, 43120, 5120, 4] failed
Traceback (most recent call last):
  File "/home/ai_lab/ljc/scale-up-sim/aiconfigurator/collector/collect.py", line 364, in worker
    func(*task, device=device)
  File "/home/ai_lab/ljc/scale-up-sim/aiconfigurator/collector/sglang/collect_wan_elementwise.py", line 66, in run_wan_elementwise
    module = ScaleResidualLayerNormScaleShift(
             ^^^^^^^^^^^^^^^^^^^^^^^^^^^^^^^^^
TypeError: _ScaleResidualNormScaleShift.__init__() got an unexpected keyword argument 'norm_type'
2026-05-11 18:12:30,909|ERROR|Worker-worker_0|worker|Task sglang.wan_elementwise:run_wan_elementwise:['scale_residual_layernorm_scale_shift', 1, 43120, 5120, 4] failed
Traceback (most recent call last):
  File "/home/ai_lab/ljc/scale-up-sim/aiconfigurator/collector/collect.py", line 364, in worker
    func(*task, device=device)
  File "/home/ai_lab/ljc/scale-up-sim/aiconfigurator/collector/sglang/collect_wan_elementwise.py", line 66, in run_wan_elementwise
    module = ScaleResidualLayerNormScaleShift(
             ^^^^^^^^^^^^^^^^^^^^^^^^^^^^^^^^^
TypeError: _ScaleResidualNormScaleShift.__init__() got an unexpected keyword argument 'norm_type'
[2026-05-11 18:12:30,910] [ERROR] [Worker-1] [worker_1] Task sglang.wan_elementwise:run_wan_elementwise:['scale_residual_layernorm_scale_shift', 1, 47190, 5120, 1] failed
Traceback (most recent call last):
  File "/home/ai_lab/ljc/scale-up-sim/aiconfigurator/collector/collect.py", line 364, in worker
    func(*task, device=device)
  File "/home/ai_lab/ljc/scale-up-sim/aiconfigurator/collector/sglang/collect_wan_elementwise.py", line 66, in run_wan_elementwise
    module = ScaleResidualLayerNormScaleShift(
             ^^^^^^^^^^^^^^^^^^^^^^^^^^^^^^^^^
TypeError: _ScaleResidualNormScaleShift.__init__() got an unexpected keyword argument 'norm_type'
2026-05-11 18:12:30,910|ERROR|Worker-worker_1|worker|Task sglang.wan_elementwise:run_wan_elementwise:['scale_residual_layernorm_scale_shift', 1, 47190, 5120, 1] failed
Traceback (most recent call last):
  File "/home/ai_lab/ljc/scale-up-sim/aiconfigurator/collector/collect.py", line 364, in worker
    func(*task, device=device)
  File "/home/ai_lab/ljc/scale-up-sim/aiconfigurator/collector/sglang/collect_wan_elementwise.py", line 66, in run_wan_elementwise
    module = ScaleResidualLayerNormScaleShift(
             ^^^^^^^^^^^^^^^^^^^^^^^^^^^^^^^^^
TypeError: _ScaleResidualNormScaleShift.__init__() got an unexpected keyword argument 'norm_type'
[2026-05-11 18:12:30,911] [ERROR] [Worker-1] [worker_1] Task sglang.wan_elementwise:run_wan_elementwise:['scale_residual_layernorm_scale_shift', 1, 47190, 5120, 4] failed
Traceback (most recent call last):
  File "/home/ai_lab/ljc/scale-up-sim/aiconfigurator/collector/collect.py", line 364, in worker
    func(*task, device=device)
  File "/home/ai_lab/ljc/scale-up-sim/aiconfigurator/collector/sglang/collect_wan_elementwise.py", line 66, in run_wan_elementwise
    module = ScaleResidualLayerNormScaleShift(
             ^^^^^^^^^^^^^^^^^^^^^^^^^^^^^^^^^
TypeError: _ScaleResidualNormScaleShift.__init__() got an unexpected keyword argument 'norm_type'
2026-05-11 18:12:30,911|ERROR|Worker-worker_1|worker|Task sglang.wan_elementwise:run_wan_elementwise:['scale_residual_layernorm_scale_shift', 1, 47190, 5120, 4] failed
Traceback (most recent call last):
  File "/home/ai_lab/ljc/scale-up-sim/aiconfigurator/collector/collect.py", line 364, in worker
    func(*task, device=device)
  File "/home/ai_lab/ljc/scale-up-sim/aiconfigurator/collector/sglang/collect_wan_elementwise.py", line 66, in run_wan_elementwise
    module = ScaleResidualLayerNormScaleShift(
             ^^^^^^^^^^^^^^^^^^^^^^^^^^^^^^^^^
TypeError: _ScaleResidualNormScaleShift.__init__() got an unexpected keyword argument 'norm_type'
[2026-05-11 18:12:30,911] [ERROR] [Worker-0] [worker_0] Task sglang.wan_elementwise:run_wan_elementwise:['scale_residual_layernorm_scale_shift', 1, 47190, 5120, 2] failed
Traceback (most recent call last):
  File "/home/ai_lab/ljc/scale-up-sim/aiconfigurator/collector/collect.py", line 364, in worker
    func(*task, device=device)
  File "/home/ai_lab/ljc/scale-up-sim/aiconfigurator/collector/sglang/collect_wan_elementwise.py", line 66, in run_wan_elementwise
    module = ScaleResidualLayerNormScaleShift(
             ^^^^^^^^^^^^^^^^^^^^^^^^^^^^^^^^^
TypeError: _ScaleResidualNormScaleShift.__init__() got an unexpected keyword argument 'norm_type'
2026-05-11 18:12:30,911|ERROR|Worker-worker_0|worker|Task sglang.wan_elementwise:run_wan_elementwise:['scale_residual_layernorm_scale_shift', 1, 47190, 5120, 2] failed
Traceback (most recent call last):
  File "/home/ai_lab/ljc/scale-up-sim/aiconfigurator/collector/collect.py", line 364, in worker
    func(*task, device=device)
  File "/home/ai_lab/ljc/scale-up-sim/aiconfigurator/collector/sglang/collect_wan_elementwise.py", line 66, in run_wan_elementwise
    module = ScaleResidualLayerNormScaleShift(
             ^^^^^^^^^^^^^^^^^^^^^^^^^^^^^^^^^
TypeError: _ScaleResidualNormScaleShift.__init__() got an unexpected keyword argument 'norm_type'
[2026-05-11 18:12:30,912] [ERROR] [Worker-1] [worker_1] Task sglang.wan_elementwise:run_wan_elementwise:['scale_residual_layernorm_scale_shift', 1, 47190, 5120, 8] failed
Traceback (most recent call last):
  File "/home/ai_lab/ljc/scale-up-sim/aiconfigurator/collector/collect.py", line 364, in worker
    func(*task, device=device)
  File "/home/ai_lab/ljc/scale-up-sim/aiconfigurator/collector/sglang/collect_wan_elementwise.py", line 66, in run_wan_elementwise
    module = ScaleResidualLayerNormScaleShift(
             ^^^^^^^^^^^^^^^^^^^^^^^^^^^^^^^^^
TypeError: _ScaleResidualNormScaleShift.__init__() got an unexpected keyword argument 'norm_type'
2026-05-11 18:12:30,912|ERROR|Worker-worker_1|worker|Task sglang.wan_elementwise:run_wan_elementwise:['scale_residual_layernorm_scale_shift', 1, 47190, 5120, 8] failed
Traceback (most recent call last):
  File "/home/ai_lab/ljc/scale-up-sim/aiconfigurator/collector/collect.py", line 364, in worker
    func(*task, device=device)
  File "/home/ai_lab/ljc/scale-up-sim/aiconfigurator/collector/sglang/collect_wan_elementwise.py", line 66, in run_wan_elementwise
    module = ScaleResidualLayerNormScaleShift(
             ^^^^^^^^^^^^^^^^^^^^^^^^^^^^^^^^^
TypeError: _ScaleResidualNormScaleShift.__init__() got an unexpected keyword argument 'norm_type'
[2026-05-11 18:12:30,913] [ERROR] [Worker-1] [worker_1] Task sglang.wan_elementwise:run_wan_elementwise:['scale_residual_layernorm_scale_shift', 1, 71280, 5120, 2] failed
Traceback (most recent call last):
  File "/home/ai_lab/ljc/scale-up-sim/aiconfigurator/collector/collect.py", line 364, in worker
    func(*task, device=device)
  File "/home/ai_lab/ljc/scale-up-sim/aiconfigurator/collector/sglang/collect_wan_elementwise.py", line 66, in run_wan_elementwise
    module = ScaleResidualLayerNormScaleShift(
             ^^^^^^^^^^^^^^^^^^^^^^^^^^^^^^^^^
TypeError: _ScaleResidualNormScaleShift.__init__() got an unexpected keyword argument 'norm_type'
2026-05-11 18:12:30,913|ERROR|Worker-worker_1|worker|Task sglang.wan_elementwise:run_wan_elementwise:['scale_residual_layernorm_scale_shift', 1, 71280, 5120, 2] failed
Traceback (most recent call last):
  File "/home/ai_lab/ljc/scale-up-sim/aiconfigurator/collector/collect.py", line 364, in worker
    func(*task, device=device)
  File "/home/ai_lab/ljc/scale-up-sim/aiconfigurator/collector/sglang/collect_wan_elementwise.py", line 66, in run_wan_elementwise
    module = ScaleResidualLayerNormScaleShift(
             ^^^^^^^^^^^^^^^^^^^^^^^^^^^^^^^^^
TypeError: _ScaleResidualNormScaleShift.__init__() got an unexpected keyword argument 'norm_type'
[2026-05-11 18:12:30,913] [ERROR] [Worker-0] [worker_0] Task sglang.wan_elementwise:run_wan_elementwise:['scale_residual_layernorm_scale_shift', 1, 71280, 5120, 1] failed
Traceback (most recent call last):
  File "/home/ai_lab/ljc/scale-up-sim/aiconfigurator/collector/collect.py", line 364, in worker
    func(*task, device=device)
  File "/home/ai_lab/ljc/scale-up-sim/aiconfigurator/collector/sglang/collect_wan_elementwise.py", line 66, in run_wan_elementwise
    module = ScaleResidualLayerNormScaleShift(
             ^^^^^^^^^^^^^^^^^^^^^^^^^^^^^^^^^
TypeError: _ScaleResidualNormScaleShift.__init__() got an unexpected keyword argument 'norm_type'
2026-05-11 18:12:30,913|ERROR|Worker-worker_0|worker|Task sglang.wan_elementwise:run_wan_elementwise:['scale_residual_layernorm_scale_shift', 1, 71280, 5120, 1] failed
Traceback (most recent call last):
  File "/home/ai_lab/ljc/scale-up-sim/aiconfigurator/collector/collect.py", line 364, in worker
    func(*task, device=device)
  File "/home/ai_lab/ljc/scale-up-sim/aiconfigurator/collector/sglang/collect_wan_elementwise.py", line 66, in run_wan_elementwise
    module = ScaleResidualLayerNormScaleShift(
             ^^^^^^^^^^^^^^^^^^^^^^^^^^^^^^^^^
TypeError: _ScaleResidualNormScaleShift.__init__() got an unexpected keyword argument 'norm_type'
[2026-05-11 18:12:30,914] [ERROR] [Worker-1] [worker_1] Task sglang.wan_elementwise:run_wan_elementwise:['scale_residual_layernorm_scale_shift', 1, 71280, 5120, 4] failed
Traceback (most recent call last):
  File "/home/ai_lab/ljc/scale-up-sim/aiconfigurator/collector/collect.py", line 364, in worker
    func(*task, device=device)
  File "/home/ai_lab/ljc/scale-up-sim/aiconfigurator/collector/sglang/collect_wan_elementwise.py", line 66, in run_wan_elementwise
    module = ScaleResidualLayerNormScaleShift(
             ^^^^^^^^^^^^^^^^^^^^^^^^^^^^^^^^^
TypeError: _ScaleResidualNormScaleShift.__init__() got an unexpected keyword argument 'norm_type'
2026-05-11 18:12:30,914|ERROR|Worker-worker_1|worker|Task sglang.wan_elementwise:run_wan_elementwise:['scale_residual_layernorm_scale_shift', 1, 71280, 5120, 4] failed
Traceback (most recent call last):
  File "/home/ai_lab/ljc/scale-up-sim/aiconfigurator/collector/collect.py", line 364, in worker
    func(*task, device=device)
  File "/home/ai_lab/ljc/scale-up-sim/aiconfigurator/collector/sglang/collect_wan_elementwise.py", line 66, in run_wan_elementwise
    module = ScaleResidualLayerNormScaleShift(
             ^^^^^^^^^^^^^^^^^^^^^^^^^^^^^^^^^
TypeError: _ScaleResidualNormScaleShift.__init__() got an unexpected keyword argument 'norm_type'
[2026-05-11 18:12:30,915] [ERROR] [Worker-1] [worker_1] Task sglang.wan_elementwise:run_wan_elementwise:['scale_residual_layernorm_scale_shift', 1, 106480, 5120, 1] failed
Traceback (most recent call last):
  File "/home/ai_lab/ljc/scale-up-sim/aiconfigurator/collector/collect.py", line 364, in worker
    func(*task, device=device)
  File "/home/ai_lab/ljc/scale-up-sim/aiconfigurator/collector/sglang/collect_wan_elementwise.py", line 66, in run_wan_elementwise
    module = ScaleResidualLayerNormScaleShift(
             ^^^^^^^^^^^^^^^^^^^^^^^^^^^^^^^^^
TypeError: _ScaleResidualNormScaleShift.__init__() got an unexpected keyword argument 'norm_type'
2026-05-11 18:12:30,915|ERROR|Worker-worker_1|worker|Task sglang.wan_elementwise:run_wan_elementwise:['scale_residual_layernorm_scale_shift', 1, 106480, 5120, 1] failed
Traceback (most recent call last):
  File "/home/ai_lab/ljc/scale-up-sim/aiconfigurator/collector/collect.py", line 364, in worker
    func(*task, device=device)
  File "/home/ai_lab/ljc/scale-up-sim/aiconfigurator/collector/sglang/collect_wan_elementwise.py", line 66, in run_wan_elementwise
    module = ScaleResidualLayerNormScaleShift(
             ^^^^^^^^^^^^^^^^^^^^^^^^^^^^^^^^^
TypeError: _ScaleResidualNormScaleShift.__init__() got an unexpected keyword argument 'norm_type'
[2026-05-11 18:12:30,915] [ERROR] [Worker-0] [worker_0] Task sglang.wan_elementwise:run_wan_elementwise:['scale_residual_layernorm_scale_shift', 1, 71280, 5120, 8] failed
Traceback (most recent call last):
  File "/home/ai_lab/ljc/scale-up-sim/aiconfigurator/collector/collect.py", line 364, in worker
    func(*task, device=device)
  File "/home/ai_lab/ljc/scale-up-sim/aiconfigurator/collector/sglang/collect_wan_elementwise.py", line 66, in run_wan_elementwise
    module = ScaleResidualLayerNormScaleShift(
             ^^^^^^^^^^^^^^^^^^^^^^^^^^^^^^^^^
TypeError: _ScaleResidualNormScaleShift.__init__() got an unexpected keyword argument 'norm_type'
2026-05-11 18:12:30,915|ERROR|Worker-worker_0|worker|Task sglang.wan_elementwise:run_wan_elementwise:['scale_residual_layernorm_scale_shift', 1, 71280, 5120, 8] failed
Traceback (most recent call last):
  File "/home/ai_lab/ljc/scale-up-sim/aiconfigurator/collector/collect.py", line 364, in worker
    func(*task, device=device)
  File "/home/ai_lab/ljc/scale-up-sim/aiconfigurator/collector/sglang/collect_wan_elementwise.py", line 66, in run_wan_elementwise
    module = ScaleResidualLayerNormScaleShift(
             ^^^^^^^^^^^^^^^^^^^^^^^^^^^^^^^^^
TypeError: _ScaleResidualNormScaleShift.__init__() got an unexpected keyword argument 'norm_type'
[2026-05-11 18:12:30,916] [ERROR] [Worker-1] [worker_1] Task sglang.wan_elementwise:run_wan_elementwise:['scale_residual_layernorm_scale_shift', 1, 106480, 5120, 2] failed
Traceback (most recent call last):
  File "/home/ai_lab/ljc/scale-up-sim/aiconfigurator/collector/collect.py", line 364, in worker
    func(*task, device=device)
  File "/home/ai_lab/ljc/scale-up-sim/aiconfigurator/collector/sglang/collect_wan_elementwise.py", line 66, in run_wan_elementwise
    module = ScaleResidualLayerNormScaleShift(
             ^^^^^^^^^^^^^^^^^^^^^^^^^^^^^^^^^
TypeError: _ScaleResidualNormScaleShift.__init__() got an unexpected keyword argument 'norm_type'
2026-05-11 18:12:30,916|ERROR|Worker-worker_1|worker|Task sglang.wan_elementwise:run_wan_elementwise:['scale_residual_layernorm_scale_shift', 1, 106480, 5120, 2] failed
Traceback (most recent call last):
  File "/home/ai_lab/ljc/scale-up-sim/aiconfigurator/collector/collect.py", line 364, in worker
    func(*task, device=device)
  File "/home/ai_lab/ljc/scale-up-sim/aiconfigurator/collector/sglang/collect_wan_elementwise.py", line 66, in run_wan_elementwise
    module = ScaleResidualLayerNormScaleShift(
             ^^^^^^^^^^^^^^^^^^^^^^^^^^^^^^^^^
TypeError: _ScaleResidualNormScaleShift.__init__() got an unexpected keyword argument 'norm_type'
[2026-05-11 18:12:30,917] [ERROR] [Worker-1] [worker_1] Task sglang.wan_elementwise:run_wan_elementwise:['scale_residual_layernorm_scale_shift', 1, 106480, 5120, 8] failed
Traceback (most recent call last):
  File "/home/ai_lab/ljc/scale-up-sim/aiconfigurator/collector/collect.py", line 364, in worker
    func(*task, device=device)
  File "/home/ai_lab/ljc/scale-up-sim/aiconfigurator/collector/sglang/collect_wan_elementwise.py", line 66, in run_wan_elementwise
    module = ScaleResidualLayerNormScaleShift(
             ^^^^^^^^^^^^^^^^^^^^^^^^^^^^^^^^^
TypeError: _ScaleResidualNormScaleShift.__init__() got an unexpected keyword argument 'norm_type'
2026-05-11 18:12:30,917|ERROR|Worker-worker_1|worker|Task sglang.wan_elementwise:run_wan_elementwise:['scale_residual_layernorm_scale_shift', 1, 106480, 5120, 8] failed
Traceback (most recent call last):
  File "/home/ai_lab/ljc/scale-up-sim/aiconfigurator/collector/collect.py", line 364, in worker
    func(*task, device=device)
  File "/home/ai_lab/ljc/scale-up-sim/aiconfigurator/collector/sglang/collect_wan_elementwise.py", line 66, in run_wan_elementwise
    module = ScaleResidualLayerNormScaleShift(
             ^^^^^^^^^^^^^^^^^^^^^^^^^^^^^^^^^
TypeError: _ScaleResidualNormScaleShift.__init__() got an unexpected keyword argument 'norm_type'
[2026-05-11 18:12:30,917] [ERROR] [Worker-0] [worker_0] Task sglang.wan_elementwise:run_wan_elementwise:['scale_residual_layernorm_scale_shift', 1, 106480, 5120, 4] failed
Traceback (most recent call last):
  File "/home/ai_lab/ljc/scale-up-sim/aiconfigurator/collector/collect.py", line 364, in worker
    func(*task, device=device)
  File "/home/ai_lab/ljc/scale-up-sim/aiconfigurator/collector/sglang/collect_wan_elementwise.py", line 66, in run_wan_elementwise
    module = ScaleResidualLayerNormScaleShift(
             ^^^^^^^^^^^^^^^^^^^^^^^^^^^^^^^^^
TypeError: _ScaleResidualNormScaleShift.__init__() got an unexpected keyword argument 'norm_type'
2026-05-11 18:12:30,917|ERROR|Worker-worker_0|worker|Task sglang.wan_elementwise:run_wan_elementwise:['scale_residual_layernorm_scale_shift', 1, 106480, 5120, 4] failed
Traceback (most recent call last):
  File "/home/ai_lab/ljc/scale-up-sim/aiconfigurator/collector/collect.py", line 364, in worker
    func(*task, device=device)
  File "/home/ai_lab/ljc/scale-up-sim/aiconfigurator/collector/sglang/collect_wan_elementwise.py", line 66, in run_wan_elementwise
    module = ScaleResidualLayerNormScaleShift(
             ^^^^^^^^^^^^^^^^^^^^^^^^^^^^^^^^^
TypeError: _ScaleResidualNormScaleShift.__init__() got an unexpected keyword argument 'norm_type'
2026-05-11 18:12:34,769|ERROR|root|parallel_run|sglang.wan_elementwise: Completed with 26 errors
2026-05-11 18:12:34,770|ERROR|root|parallel_run|Error details saved to wan_patch_embed+wan_rope+wan_attention+wan_elementwise_20260511_181117/errors_sglang.wan_elementwise.json
