[2026-05-12 11:37:10,330] [INFO] [Worker-0] [worker_0] Worker 0 initialized for sglang.wan_t5
WARNING:py.warnings:/sgl-workspace/sglang/python/sglang/multimodal_gen/runtime/entrypoints/post_training/weights_api.py:10: FastAPIDeprecationWarning: ORJSONResponse is deprecated, FastAPI now serializes data directly to JSON bytes via Pydantic when a return type or response model is set, which is faster and doesn't need a custom response class. Read more in the FastAPI docs: https://fastapi.tiangolo.com/advanced/custom-response/#orjson-or-response-model and https://fastapi.tiangolo.com/tutorial/response-model/
  from sglang.srt.utils.json_response import orjson_response

[2026-05-12 11:37:31,708] [ERROR] [Worker-0] [worker_0] Task sglang.wan_t5:run_wan_t5:['embedding', 1, 512, 4096, 64, 64, 10240] failed
Traceback (most recent call last):
  File "/workspace/collector/collect.py", line 364, in worker
    func(*task, device=device)
  File "/workspace/collector/sglang/collect_wan_t5.py", line 117, in run_wan_t5
    with benchmark_with_power(
  File "/usr/lib/python3.12/contextlib.py", line 137, in __enter__
    return next(self.gen)
           ^^^^^^^^^^^^^^
  File "/workspace/collector/helper.py", line 245, in benchmark_with_power
    kernel_func()
  File "/workspace/collector/sglang/collect_wan_t5.py", line 75, in kernel_func
    return module(input_ids)
           ^^^^^^^^^^^^^^^^^
  File "/usr/local/lib/python3.12/dist-packages/torch/nn/modules/module.py", line 1775, in _wrapped_call_impl
    return self._call_impl(*args, **kwargs)
           ^^^^^^^^^^^^^^^^^^^^^^^^^^^^^^^^
  File "/usr/local/lib/python3.12/dist-packages/torch/nn/modules/module.py", line 1786, in _call_impl
    return forward_call(*args, **kwargs)
           ^^^^^^^^^^^^^^^^^^^^^^^^^^^^^
  File "/sgl-workspace/sglang/python/sglang/multimodal_gen/runtime/layers/vocab_parallel_embedding.py", line 479, in forward
    output = tensor_model_parallel_all_reduce(
             ^^^^^^^^^^^^^^^^^^^^^^^^^^^^^^^^^
  File "/sgl-workspace/sglang/python/sglang/multimodal_gen/runtime/distributed/communication_op.py", line 21, in tensor_model_parallel_all_reduce
    return tp_group.all_reduce(input_)
           ^^^^^^^^^^^^^^^^^^^
AttributeError: 'SingleRankGroup' object has no attribute 'all_reduce'
2026-05-12 11:37:31,708|ERROR|Worker-worker_0|worker|Task sglang.wan_t5:run_wan_t5:['embedding', 1, 512, 4096, 64, 64, 10240] failed
Traceback (most recent call last):
  File "/workspace/collector/collect.py", line 364, in worker
    func(*task, device=device)
  File "/workspace/collector/sglang/collect_wan_t5.py", line 117, in run_wan_t5
    with benchmark_with_power(
  File "/usr/lib/python3.12/contextlib.py", line 137, in __enter__
    return next(self.gen)
           ^^^^^^^^^^^^^^
  File "/workspace/collector/helper.py", line 245, in benchmark_with_power
    kernel_func()
  File "/workspace/collector/sglang/collect_wan_t5.py", line 75, in kernel_func
    return module(input_ids)
           ^^^^^^^^^^^^^^^^^
  File "/usr/local/lib/python3.12/dist-packages/torch/nn/modules/module.py", line 1775, in _wrapped_call_impl
    return self._call_impl(*args, **kwargs)
           ^^^^^^^^^^^^^^^^^^^^^^^^^^^^^^^^
  File "/usr/local/lib/python3.12/dist-packages/torch/nn/modules/module.py", line 1786, in _call_impl
    return forward_call(*args, **kwargs)
           ^^^^^^^^^^^^^^^^^^^^^^^^^^^^^
  File "/sgl-workspace/sglang/python/sglang/multimodal_gen/runtime/layers/vocab_parallel_embedding.py", line 479, in forward
    output = tensor_model_parallel_all_reduce(
             ^^^^^^^^^^^^^^^^^^^^^^^^^^^^^^^^^
  File "/sgl-workspace/sglang/python/sglang/multimodal_gen/runtime/distributed/communication_op.py", line 21, in tensor_model_parallel_all_reduce
    return tp_group.all_reduce(input_)
           ^^^^^^^^^^^^^^^^^^^
AttributeError: 'SingleRankGroup' object has no attribute 'all_reduce'
2026-05-12 11:37:36,812|ERROR|root|parallel_run|sglang.wan_t5: Completed with 1 errors
2026-05-12 11:37:36,813|ERROR|root|parallel_run|Error details saved to wan_t5_20260512_113706/errors_sglang.wan_t5.json
