[2026-05-12 08:57:57,625] [INFO] [Worker-0] [worker_0] Worker 0 initialized for sglang.wan_patch_embed
[2026-05-12 08:58:01,485] [INFO] [Worker-0] [worker_0] Worker 0 initialized for sglang.wan_rope
WARNING:py.warnings:/sgl-workspace/sglang/python/sglang/multimodal_gen/runtime/entrypoints/post_training/weights_api.py:10: FastAPIDeprecationWarning: ORJSONResponse is deprecated, FastAPI now serializes data directly to JSON bytes via Pydantic when a return type or response model is set, which is faster and doesn't need a custom response class. Read more in the FastAPI docs: https://fastapi.tiangolo.com/advanced/custom-response/#orjson-or-response-model and https://fastapi.tiangolo.com/tutorial/response-model/
  from sglang.srt.utils.json_response import orjson_response

[2026-05-12 08:58:17,075] [INFO] [Worker-0] [worker_0] Worker 0 initialized for sglang.wan_attention
WARNING:py.warnings:/sgl-workspace/sglang/python/sglang/multimodal_gen/runtime/entrypoints/post_training/weights_api.py:10: FastAPIDeprecationWarning: ORJSONResponse is deprecated, FastAPI now serializes data directly to JSON bytes via Pydantic when a return type or response model is set, which is faster and doesn't need a custom response class. Read more in the FastAPI docs: https://fastapi.tiangolo.com/advanced/custom-response/#orjson-or-response-model and https://fastapi.tiangolo.com/tutorial/response-model/
  from sglang.srt.utils.json_response import orjson_response

[2026-05-12 08:58:23,413] [ERROR] [Worker-0] [worker_0] Task sglang.wan_attention:run_wan_attention:['Wan2.2-I2V-A14B', 'i2v', 'cross_attn_text', 'auto', 1, 7898, 512, 10, 128, 4, 4, 'ring'] failed
Traceback (most recent call last):
  File "/workspace/collector/collect.py", line 364, in worker
    func(*task, device=device)
  File "/workspace/collector/sglang/collect_wan_attention.py", line 164, in run_wan_attention
    impl, actual_backend = _build_impl(backend, num_heads, head_dim)
                           ^^^^^^^^^^^^^^^^^^^^^^^^^^^^^^^^^^^^^^^^^
  File "/workspace/collector/sglang/collect_wan_attention.py", line 122, in _build_impl
    backend_cls = get_attn_backend(
                  ^^^^^^^^^^^^^^^^^
  File "/sgl-workspace/sglang/python/sglang/multimodal_gen/runtime/layers/attention/selector.py", line 101, in get_attn_backend
    return _cached_get_attn_backend(head_size, dtype, be_tuple)
           ^^^^^^^^^^^^^^^^^^^^^^^^^^^^^^^^^^^^^^^^^^^^^^^^^^^^
  File "/sgl-workspace/sglang/python/sglang/multimodal_gen/runtime/layers/attention/selector.py", line 123, in _cached_get_attn_backend
    server_args = get_global_server_args()
                  ^^^^^^^^^^^^^^^^^^^^^^^^
  File "/sgl-workspace/sglang/python/sglang/multimodal_gen/runtime/server_args.py", line 1290, in get_global_server_args
    raise ValueError("Global sgl_diffusion args is not set.")
ValueError: Global sgl_diffusion args is not set.
2026-05-12 08:58:23,413|ERROR|Worker-worker_0|worker|Task sglang.wan_attention:run_wan_attention:['Wan2.2-I2V-A14B', 'i2v', 'cross_attn_text', 'auto', 1, 7898, 512, 10, 128, 4, 4, 'ring'] failed
Traceback (most recent call last):
  File "/workspace/collector/collect.py", line 364, in worker
    func(*task, device=device)
  File "/workspace/collector/sglang/collect_wan_attention.py", line 164, in run_wan_attention
    impl, actual_backend = _build_impl(backend, num_heads, head_dim)
                           ^^^^^^^^^^^^^^^^^^^^^^^^^^^^^^^^^^^^^^^^^
  File "/workspace/collector/sglang/collect_wan_attention.py", line 122, in _build_impl
    backend_cls = get_attn_backend(
                  ^^^^^^^^^^^^^^^^^
  File "/sgl-workspace/sglang/python/sglang/multimodal_gen/runtime/layers/attention/selector.py", line 101, in get_attn_backend
    return _cached_get_attn_backend(head_size, dtype, be_tuple)
           ^^^^^^^^^^^^^^^^^^^^^^^^^^^^^^^^^^^^^^^^^^^^^^^^^^^^
  File "/sgl-workspace/sglang/python/sglang/multimodal_gen/runtime/layers/attention/selector.py", line 123, in _cached_get_attn_backend
    server_args = get_global_server_args()
                  ^^^^^^^^^^^^^^^^^^^^^^^^
  File "/sgl-workspace/sglang/python/sglang/multimodal_gen/runtime/server_args.py", line 1290, in get_global_server_args
    raise ValueError("Global sgl_diffusion args is not set.")
ValueError: Global sgl_diffusion args is not set.
[2026-05-12 08:58:23,420] [ERROR] [Worker-0] [worker_0] Task sglang.wan_attention:run_wan_attention:['Wan2.2-T2V-A14B', 't2v', 'self_attn', 'auto', 1, 11798, 11798, 10, 128, 4, 4, 'ring'] failed
Traceback (most recent call last):
  File "/workspace/collector/collect.py", line 364, in worker
    func(*task, device=device)
  File "/workspace/collector/sglang/collect_wan_attention.py", line 164, in run_wan_attention
    impl, actual_backend = _build_impl(backend, num_heads, head_dim)
                           ^^^^^^^^^^^^^^^^^^^^^^^^^^^^^^^^^^^^^^^^^
  File "/workspace/collector/sglang/collect_wan_attention.py", line 122, in _build_impl
    backend_cls = get_attn_backend(
                  ^^^^^^^^^^^^^^^^^
  File "/sgl-workspace/sglang/python/sglang/multimodal_gen/runtime/layers/attention/selector.py", line 101, in get_attn_backend
    return _cached_get_attn_backend(head_size, dtype, be_tuple)
           ^^^^^^^^^^^^^^^^^^^^^^^^^^^^^^^^^^^^^^^^^^^^^^^^^^^^
  File "/sgl-workspace/sglang/python/sglang/multimodal_gen/runtime/layers/attention/selector.py", line 123, in _cached_get_attn_backend
    server_args = get_global_server_args()
                  ^^^^^^^^^^^^^^^^^^^^^^^^
  File "/sgl-workspace/sglang/python/sglang/multimodal_gen/runtime/server_args.py", line 1290, in get_global_server_args
    raise ValueError("Global sgl_diffusion args is not set.")
ValueError: Global sgl_diffusion args is not set.
2026-05-12 08:58:23,420|ERROR|Worker-worker_0|worker|Task sglang.wan_attention:run_wan_attention:['Wan2.2-T2V-A14B', 't2v', 'self_attn', 'auto', 1, 11798, 11798, 10, 128, 4, 4, 'ring'] failed
Traceback (most recent call last):
  File "/workspace/collector/collect.py", line 364, in worker
    func(*task, device=device)
  File "/workspace/collector/sglang/collect_wan_attention.py", line 164, in run_wan_attention
    impl, actual_backend = _build_impl(backend, num_heads, head_dim)
                           ^^^^^^^^^^^^^^^^^^^^^^^^^^^^^^^^^^^^^^^^^
  File "/workspace/collector/sglang/collect_wan_attention.py", line 122, in _build_impl
    backend_cls = get_attn_backend(
                  ^^^^^^^^^^^^^^^^^
  File "/sgl-workspace/sglang/python/sglang/multimodal_gen/runtime/layers/attention/selector.py", line 101, in get_attn_backend
    return _cached_get_attn_backend(head_size, dtype, be_tuple)
           ^^^^^^^^^^^^^^^^^^^^^^^^^^^^^^^^^^^^^^^^^^^^^^^^^^^^
  File "/sgl-workspace/sglang/python/sglang/multimodal_gen/runtime/layers/attention/selector.py", line 123, in _cached_get_attn_backend
    server_args = get_global_server_args()
                  ^^^^^^^^^^^^^^^^^^^^^^^^
  File "/sgl-workspace/sglang/python/sglang/multimodal_gen/runtime/server_args.py", line 1290, in get_global_server_args
    raise ValueError("Global sgl_diffusion args is not set.")
ValueError: Global sgl_diffusion args is not set.
[2026-05-12 08:58:23,421] [ERROR] [Worker-0] [worker_0] Task sglang.wan_attention:run_wan_attention:['Wan2.2-TI2V-5B', 'ti2v', 'cross_attn_text', 'auto', 1, 35640, 512, 10, 128, 4, 2, 'ring'] failed
Traceback (most recent call last):
  File "/workspace/collector/collect.py", line 364, in worker
    func(*task, device=device)
  File "/workspace/collector/sglang/collect_wan_attention.py", line 164, in run_wan_attention
    impl, actual_backend = _build_impl(backend, num_heads, head_dim)
                           ^^^^^^^^^^^^^^^^^^^^^^^^^^^^^^^^^^^^^^^^^
  File "/workspace/collector/sglang/collect_wan_attention.py", line 122, in _build_impl
    backend_cls = get_attn_backend(
                  ^^^^^^^^^^^^^^^^^
  File "/sgl-workspace/sglang/python/sglang/multimodal_gen/runtime/layers/attention/selector.py", line 101, in get_attn_backend
    return _cached_get_attn_backend(head_size, dtype, be_tuple)
           ^^^^^^^^^^^^^^^^^^^^^^^^^^^^^^^^^^^^^^^^^^^^^^^^^^^^
  File "/sgl-workspace/sglang/python/sglang/multimodal_gen/runtime/layers/attention/selector.py", line 123, in _cached_get_attn_backend
    server_args = get_global_server_args()
                  ^^^^^^^^^^^^^^^^^^^^^^^^
  File "/sgl-workspace/sglang/python/sglang/multimodal_gen/runtime/server_args.py", line 1290, in get_global_server_args
    raise ValueError("Global sgl_diffusion args is not set.")
ValueError: Global sgl_diffusion args is not set.
2026-05-12 08:58:23,421|ERROR|Worker-worker_0|worker|Task sglang.wan_attention:run_wan_attention:['Wan2.2-TI2V-5B', 'ti2v', 'cross_attn_text', 'auto', 1, 35640, 512, 10, 128, 4, 2, 'ring'] failed
Traceback (most recent call last):
  File "/workspace/collector/collect.py", line 364, in worker
    func(*task, device=device)
  File "/workspace/collector/sglang/collect_wan_attention.py", line 164, in run_wan_attention
    impl, actual_backend = _build_impl(backend, num_heads, head_dim)
                           ^^^^^^^^^^^^^^^^^^^^^^^^^^^^^^^^^^^^^^^^^
  File "/workspace/collector/sglang/collect_wan_attention.py", line 122, in _build_impl
    backend_cls = get_attn_backend(
                  ^^^^^^^^^^^^^^^^^
  File "/sgl-workspace/sglang/python/sglang/multimodal_gen/runtime/layers/attention/selector.py", line 101, in get_attn_backend
    return _cached_get_attn_backend(head_size, dtype, be_tuple)
           ^^^^^^^^^^^^^^^^^^^^^^^^^^^^^^^^^^^^^^^^^^^^^^^^^^^^
  File "/sgl-workspace/sglang/python/sglang/multimodal_gen/runtime/layers/attention/selector.py", line 123, in _cached_get_attn_backend
    server_args = get_global_server_args()
                  ^^^^^^^^^^^^^^^^^^^^^^^^
  File "/sgl-workspace/sglang/python/sglang/multimodal_gen/runtime/server_args.py", line 1290, in get_global_server_args
    raise ValueError("Global sgl_diffusion args is not set.")
ValueError: Global sgl_diffusion args is not set.
[2026-05-12 08:58:23,422] [ERROR] [Worker-0] [worker_0] Task sglang.wan_attention:run_wan_attention:['Wan2.2-TI2V-5B', 'ti2v', 'self_attn', 'auto', 1, 8910, 8910, 10, 128, 4, 8, 'ring'] failed
Traceback (most recent call last):
  File "/workspace/collector/collect.py", line 364, in worker
    func(*task, device=device)
  File "/workspace/collector/sglang/collect_wan_attention.py", line 164, in run_wan_attention
    impl, actual_backend = _build_impl(backend, num_heads, head_dim)
                           ^^^^^^^^^^^^^^^^^^^^^^^^^^^^^^^^^^^^^^^^^
  File "/workspace/collector/sglang/collect_wan_attention.py", line 122, in _build_impl
    backend_cls = get_attn_backend(
                  ^^^^^^^^^^^^^^^^^
  File "/sgl-workspace/sglang/python/sglang/multimodal_gen/runtime/layers/attention/selector.py", line 101, in get_attn_backend
    return _cached_get_attn_backend(head_size, dtype, be_tuple)
           ^^^^^^^^^^^^^^^^^^^^^^^^^^^^^^^^^^^^^^^^^^^^^^^^^^^^
  File "/sgl-workspace/sglang/python/sglang/multimodal_gen/runtime/layers/attention/selector.py", line 123, in _cached_get_attn_backend
    server_args = get_global_server_args()
                  ^^^^^^^^^^^^^^^^^^^^^^^^
  File "/sgl-workspace/sglang/python/sglang/multimodal_gen/runtime/server_args.py", line 1290, in get_global_server_args
    raise ValueError("Global sgl_diffusion args is not set.")
ValueError: Global sgl_diffusion args is not set.
2026-05-12 08:58:23,422|ERROR|Worker-worker_0|worker|Task sglang.wan_attention:run_wan_attention:['Wan2.2-TI2V-5B', 'ti2v', 'self_attn', 'auto', 1, 8910, 8910, 10, 128, 4, 8, 'ring'] failed
Traceback (most recent call last):
  File "/workspace/collector/collect.py", line 364, in worker
    func(*task, device=device)
  File "/workspace/collector/sglang/collect_wan_attention.py", line 164, in run_wan_attention
    impl, actual_backend = _build_impl(backend, num_heads, head_dim)
                           ^^^^^^^^^^^^^^^^^^^^^^^^^^^^^^^^^^^^^^^^^
  File "/workspace/collector/sglang/collect_wan_attention.py", line 122, in _build_impl
    backend_cls = get_attn_backend(
                  ^^^^^^^^^^^^^^^^^
  File "/sgl-workspace/sglang/python/sglang/multimodal_gen/runtime/layers/attention/selector.py", line 101, in get_attn_backend
    return _cached_get_attn_backend(head_size, dtype, be_tuple)
           ^^^^^^^^^^^^^^^^^^^^^^^^^^^^^^^^^^^^^^^^^^^^^^^^^^^^
  File "/sgl-workspace/sglang/python/sglang/multimodal_gen/runtime/layers/attention/selector.py", line 123, in _cached_get_attn_backend
    server_args = get_global_server_args()
                  ^^^^^^^^^^^^^^^^^^^^^^^^
  File "/sgl-workspace/sglang/python/sglang/multimodal_gen/runtime/server_args.py", line 1290, in get_global_server_args
    raise ValueError("Global sgl_diffusion args is not set.")
ValueError: Global sgl_diffusion args is not set.
2026-05-12 08:58:25,123|ERROR|root|parallel_run|sglang.wan_attention: Completed with 4 errors
2026-05-12 08:58:25,124|ERROR|root|parallel_run|Error details saved to wan_patch_embed+wan_rope+wan_attention+wan_elementwise_20260512_085754/errors_sglang.wan_attention.json
[2026-05-12 08:58:27,789] [INFO] [Worker-0] [worker_0] Worker 0 initialized for sglang.wan_elementwise
WARNING:py.warnings:/sgl-workspace/sglang/python/sglang/multimodal_gen/runtime/entrypoints/post_training/weights_api.py:10: FastAPIDeprecationWarning: ORJSONResponse is deprecated, FastAPI now serializes data directly to JSON bytes via Pydantic when a return type or response model is set, which is faster and doesn't need a custom response class. Read more in the FastAPI docs: https://fastapi.tiangolo.com/advanced/custom-response/#orjson-or-response-model and https://fastapi.tiangolo.com/tutorial/response-model/
  from sglang.srt.utils.json_response import orjson_response

