2026-05-11 18:16:04,460|INFO|root|main|Resume enabled: dir=checkpoints (retrying previously failed tasks)
2026-05-11 18:16:05,371|INFO|root|main|Starting collection with 2 GPU processes
2026-05-11 18:16:05,389|INFO|root|collect_sglang|SGLang version: 0.5.10
2026-05-11 18:16:05,414|WARNING|py.warnings|_showwarnmsg|/home/ai_lab/ljc/scale-up-sim/aiconfigurator/collector/sglang/collect_wan_elementwise.py:6: UserWarning: pkg_resources is deprecated as an API. See https://setuptools.pypa.io/en/latest/pkg_resources.html. The pkg_resources package is slated for removal as early as 2025-11-30. Refrain from using this package or pin to Setuptools<81.
  import pkg_resources

2026-05-11 18:16:05,441|INFO|root|collect_module_safe|Starting collection: sglang.wan_elementwise
2026-05-11 18:16:05,441|INFO|root|collect_module_safe|Generated 96 test cases for sglang.wan_elementwise
2026-05-11 18:16:05,442|INFO|root|load_existing|sglang.wan_elementwise: loaded checkpoint — 70 passed, 26 failed
2026-05-11 18:16:05,442|INFO|root|filter_done|sglang.wan_elementwise: skipping 70 passed, retrying 26 previously failed, running 26
2026-05-11 18:16:06,667|INFO|root|start_process|Started worker process 3563080 on device 0
2026-05-11 18:16:06,686|INFO|root|start_process|Started worker process 3563085 on device 1
2026-05-11 18:16:08,690|INFO|Worker-worker_0|worker|Worker 0 initialized for sglang.wan_elementwise
2026-05-11 18:16:08,789|INFO|Worker-worker_1|worker|Worker 1 initialized for sglang.wan_elementwise
2026-05-11 18:16:14,192|ERROR|Worker-worker_0|worker|Task sglang.wan_elementwise:run_wan_elementwise:['scale_residual_layernorm_scale_shift', 1, 19110, 5120, 1] failed
Traceback (most recent call last):
  File "/home/ai_lab/ljc/scale-up-sim/aiconfigurator/collector/collect.py", line 364, in worker
    func(*task, device=device)
  File "/home/ai_lab/ljc/scale-up-sim/aiconfigurator/collector/sglang/collect_wan_elementwise.py", line 113, in run_wan_elementwise
    with benchmark_with_power(
         ^^^^^^^^^^^^^^^^^^^^^
  File "/home/ai_lab/fjw/miniforge3/envs/ljc01/lib/python3.12/contextlib.py", line 137, in __enter__
    return next(self.gen)
           ^^^^^^^^^^^^^^
  File "/home/ai_lab/ljc/scale-up-sim/aiconfigurator/collector/helper.py", line 245, in benchmark_with_power
    kernel_func()
  File "/home/ai_lab/ljc/scale-up-sim/aiconfigurator/collector/sglang/collect_wan_elementwise.py", line 86, in kernel_func
    return module(residual, x, gate, shift, scale)
           ^^^^^^^^^^^^^^^^^^^^^^^^^^^^^^^^^^^^^^^
  File "/home/ai_lab/fjw/miniforge3/envs/ljc01/lib/python3.12/site-packages/torch/nn/modules/module.py", line 1775, in _wrapped_call_impl
    return self._call_impl(*args, **kwargs)
           ^^^^^^^^^^^^^^^^^^^^^^^^^^^^^^^^
  File "/home/ai_lab/fjw/miniforge3/envs/ljc01/lib/python3.12/site-packages/torch/nn/modules/module.py", line 1786, in _call_impl
    return forward_call(*args, **kwargs)
           ^^^^^^^^^^^^^^^^^^^^^^^^^^^^^
  File "/home/ai_lab/fjw/miniforge3/envs/ljc01/lib/python3.12/site-packages/sglang/multimodal_gen/runtime/layers/custom_op.py", line 31, in forward
    return self._forward_method(*args, **kwargs)
           ^^^^^^^^^^^^^^^^^^^^^^^^^^^^^^^^^^^^^
  File "/home/ai_lab/fjw/miniforge3/envs/ljc01/lib/python3.12/site-packages/sglang/multimodal_gen/runtime/layers/layernorm.py", line 382, in forward_cuda
    from sglang.jit_kernel.diffusion.cutedsl.scale_residual_norm_scale_shift import (
  File "/home/ai_lab/fjw/miniforge3/envs/ljc01/lib/python3.12/site-packages/sglang/jit_kernel/diffusion/cutedsl/scale_residual_norm_scale_shift.py", line 4, in <module>
    import cutlass
ModuleNotFoundError: No module named 'cutlass'
2026-05-11 18:16:14,195|ERROR|Worker-worker_0|worker|Task sglang.wan_elementwise:run_wan_elementwise:['scale_residual_layernorm_scale_shift', 1, 19110, 5120, 2] failed
Traceback (most recent call last):
  File "/home/ai_lab/ljc/scale-up-sim/aiconfigurator/collector/collect.py", line 364, in worker
    func(*task, device=device)
  File "/home/ai_lab/ljc/scale-up-sim/aiconfigurator/collector/sglang/collect_wan_elementwise.py", line 113, in run_wan_elementwise
    with benchmark_with_power(
         ^^^^^^^^^^^^^^^^^^^^^
  File "/home/ai_lab/fjw/miniforge3/envs/ljc01/lib/python3.12/contextlib.py", line 137, in __enter__
    return next(self.gen)
           ^^^^^^^^^^^^^^
  File "/home/ai_lab/ljc/scale-up-sim/aiconfigurator/collector/helper.py", line 245, in benchmark_with_power
    kernel_func()
  File "/home/ai_lab/ljc/scale-up-sim/aiconfigurator/collector/sglang/collect_wan_elementwise.py", line 86, in kernel_func
    return module(residual, x, gate, shift, scale)
           ^^^^^^^^^^^^^^^^^^^^^^^^^^^^^^^^^^^^^^^
  File "/home/ai_lab/fjw/miniforge3/envs/ljc01/lib/python3.12/site-packages/torch/nn/modules/module.py", line 1775, in _wrapped_call_impl
    return self._call_impl(*args, **kwargs)
           ^^^^^^^^^^^^^^^^^^^^^^^^^^^^^^^^
  File "/home/ai_lab/fjw/miniforge3/envs/ljc01/lib/python3.12/site-packages/torch/nn/modules/module.py", line 1786, in _call_impl
    return forward_call(*args, **kwargs)
           ^^^^^^^^^^^^^^^^^^^^^^^^^^^^^
  File "/home/ai_lab/fjw/miniforge3/envs/ljc01/lib/python3.12/site-packages/sglang/multimodal_gen/runtime/layers/custom_op.py", line 31, in forward
    return self._forward_method(*args, **kwargs)
           ^^^^^^^^^^^^^^^^^^^^^^^^^^^^^^^^^^^^^
  File "/home/ai_lab/fjw/miniforge3/envs/ljc01/lib/python3.12/site-packages/sglang/multimodal_gen/runtime/layers/layernorm.py", line 382, in forward_cuda
    from sglang.jit_kernel.diffusion.cutedsl.scale_residual_norm_scale_shift import (
  File "/home/ai_lab/fjw/miniforge3/envs/ljc01/lib/python3.12/site-packages/sglang/jit_kernel/diffusion/cutedsl/scale_residual_norm_scale_shift.py", line 4, in <module>
    import cutlass
ModuleNotFoundError: No module named 'cutlass'
2026-05-11 18:16:14,197|ERROR|Worker-worker_0|worker|Task sglang.wan_elementwise:run_wan_elementwise:['scale_residual_layernorm_scale_shift', 1, 19110, 5120, 4] failed
Traceback (most recent call last):
  File "/home/ai_lab/ljc/scale-up-sim/aiconfigurator/collector/collect.py", line 364, in worker
    func(*task, device=device)
  File "/home/ai_lab/ljc/scale-up-sim/aiconfigurator/collector/sglang/collect_wan_elementwise.py", line 113, in run_wan_elementwise
    with benchmark_with_power(
         ^^^^^^^^^^^^^^^^^^^^^
  File "/home/ai_lab/fjw/miniforge3/envs/ljc01/lib/python3.12/contextlib.py", line 137, in __enter__
    return next(self.gen)
           ^^^^^^^^^^^^^^
  File "/home/ai_lab/ljc/scale-up-sim/aiconfigurator/collector/helper.py", line 245, in benchmark_with_power
    kernel_func()
  File "/home/ai_lab/ljc/scale-up-sim/aiconfigurator/collector/sglang/collect_wan_elementwise.py", line 86, in kernel_func
    return module(residual, x, gate, shift, scale)
           ^^^^^^^^^^^^^^^^^^^^^^^^^^^^^^^^^^^^^^^
  File "/home/ai_lab/fjw/miniforge3/envs/ljc01/lib/python3.12/site-packages/torch/nn/modules/module.py", line 1775, in _wrapped_call_impl
    return self._call_impl(*args, **kwargs)
           ^^^^^^^^^^^^^^^^^^^^^^^^^^^^^^^^
  File "/home/ai_lab/fjw/miniforge3/envs/ljc01/lib/python3.12/site-packages/torch/nn/modules/module.py", line 1786, in _call_impl
    return forward_call(*args, **kwargs)
           ^^^^^^^^^^^^^^^^^^^^^^^^^^^^^
  File "/home/ai_lab/fjw/miniforge3/envs/ljc01/lib/python3.12/site-packages/sglang/multimodal_gen/runtime/layers/custom_op.py", line 31, in forward
    return self._forward_method(*args, **kwargs)
           ^^^^^^^^^^^^^^^^^^^^^^^^^^^^^^^^^^^^^
  File "/home/ai_lab/fjw/miniforge3/envs/ljc01/lib/python3.12/site-packages/sglang/multimodal_gen/runtime/layers/layernorm.py", line 382, in forward_cuda
    from sglang.jit_kernel.diffusion.cutedsl.scale_residual_norm_scale_shift import (
  File "/home/ai_lab/fjw/miniforge3/envs/ljc01/lib/python3.12/site-packages/sglang/jit_kernel/diffusion/cutedsl/scale_residual_norm_scale_shift.py", line 4, in <module>
    import cutlass
ModuleNotFoundError: No module named 'cutlass'
2026-05-11 18:16:14,199|ERROR|Worker-worker_0|worker|Task sglang.wan_elementwise:run_wan_elementwise:['scale_residual_layernorm_scale_shift', 1, 19110, 5120, 8] failed
Traceback (most recent call last):
  File "/home/ai_lab/ljc/scale-up-sim/aiconfigurator/collector/collect.py", line 364, in worker
    func(*task, device=device)
  File "/home/ai_lab/ljc/scale-up-sim/aiconfigurator/collector/sglang/collect_wan_elementwise.py", line 113, in run_wan_elementwise
    with benchmark_with_power(
         ^^^^^^^^^^^^^^^^^^^^^
  File "/home/ai_lab/fjw/miniforge3/envs/ljc01/lib/python3.12/contextlib.py", line 137, in __enter__
    return next(self.gen)
           ^^^^^^^^^^^^^^
  File "/home/ai_lab/ljc/scale-up-sim/aiconfigurator/collector/helper.py", line 245, in benchmark_with_power
    kernel_func()
  File "/home/ai_lab/ljc/scale-up-sim/aiconfigurator/collector/sglang/collect_wan_elementwise.py", line 86, in kernel_func
    return module(residual, x, gate, shift, scale)
           ^^^^^^^^^^^^^^^^^^^^^^^^^^^^^^^^^^^^^^^
  File "/home/ai_lab/fjw/miniforge3/envs/ljc01/lib/python3.12/site-packages/torch/nn/modules/module.py", line 1775, in _wrapped_call_impl
    return self._call_impl(*args, **kwargs)
           ^^^^^^^^^^^^^^^^^^^^^^^^^^^^^^^^
  File "/home/ai_lab/fjw/miniforge3/envs/ljc01/lib/python3.12/site-packages/torch/nn/modules/module.py", line 1786, in _call_impl
    return forward_call(*args, **kwargs)
           ^^^^^^^^^^^^^^^^^^^^^^^^^^^^^
  File "/home/ai_lab/fjw/miniforge3/envs/ljc01/lib/python3.12/site-packages/sglang/multimodal_gen/runtime/layers/custom_op.py", line 31, in forward
    return self._forward_method(*args, **kwargs)
           ^^^^^^^^^^^^^^^^^^^^^^^^^^^^^^^^^^^^^
  File "/home/ai_lab/fjw/miniforge3/envs/ljc01/lib/python3.12/site-packages/sglang/multimodal_gen/runtime/layers/layernorm.py", line 382, in forward_cuda
    from sglang.jit_kernel.diffusion.cutedsl.scale_residual_norm_scale_shift import (
  File "/home/ai_lab/fjw/miniforge3/envs/ljc01/lib/python3.12/site-packages/sglang/jit_kernel/diffusion/cutedsl/scale_residual_norm_scale_shift.py", line 4, in <module>
    import cutlass
ModuleNotFoundError: No module named 'cutlass'
2026-05-11 18:16:14,201|ERROR|Worker-worker_0|worker|Task sglang.wan_elementwise:run_wan_elementwise:['scale_residual_layernorm_scale_shift', 1, 31590, 5120, 1] failed
Traceback (most recent call last):
  File "/home/ai_lab/ljc/scale-up-sim/aiconfigurator/collector/collect.py", line 364, in worker
    func(*task, device=device)
  File "/home/ai_lab/ljc/scale-up-sim/aiconfigurator/collector/sglang/collect_wan_elementwise.py", line 113, in run_wan_elementwise
    with benchmark_with_power(
         ^^^^^^^^^^^^^^^^^^^^^
  File "/home/ai_lab/fjw/miniforge3/envs/ljc01/lib/python3.12/contextlib.py", line 137, in __enter__
    return next(self.gen)
           ^^^^^^^^^^^^^^
  File "/home/ai_lab/ljc/scale-up-sim/aiconfigurator/collector/helper.py", line 245, in benchmark_with_power
    kernel_func()
  File "/home/ai_lab/ljc/scale-up-sim/aiconfigurator/collector/sglang/collect_wan_elementwise.py", line 86, in kernel_func
    return module(residual, x, gate, shift, scale)
           ^^^^^^^^^^^^^^^^^^^^^^^^^^^^^^^^^^^^^^^
  File "/home/ai_lab/fjw/miniforge3/envs/ljc01/lib/python3.12/site-packages/torch/nn/modules/module.py", line 1775, in _wrapped_call_impl
    return self._call_impl(*args, **kwargs)
           ^^^^^^^^^^^^^^^^^^^^^^^^^^^^^^^^
  File "/home/ai_lab/fjw/miniforge3/envs/ljc01/lib/python3.12/site-packages/torch/nn/modules/module.py", line 1786, in _call_impl
    return forward_call(*args, **kwargs)
           ^^^^^^^^^^^^^^^^^^^^^^^^^^^^^
  File "/home/ai_lab/fjw/miniforge3/envs/ljc01/lib/python3.12/site-packages/sglang/multimodal_gen/runtime/layers/custom_op.py", line 31, in forward
    return self._forward_method(*args, **kwargs)
           ^^^^^^^^^^^^^^^^^^^^^^^^^^^^^^^^^^^^^
  File "/home/ai_lab/fjw/miniforge3/envs/ljc01/lib/python3.12/site-packages/sglang/multimodal_gen/runtime/layers/layernorm.py", line 382, in forward_cuda
    from sglang.jit_kernel.diffusion.cutedsl.scale_residual_norm_scale_shift import (
  File "/home/ai_lab/fjw/miniforge3/envs/ljc01/lib/python3.12/site-packages/sglang/jit_kernel/diffusion/cutedsl/scale_residual_norm_scale_shift.py", line 4, in <module>
    import cutlass
ModuleNotFoundError: No module named 'cutlass'
2026-05-11 18:16:14,204|ERROR|Worker-worker_0|worker|Task sglang.wan_elementwise:run_wan_elementwise:['scale_residual_layernorm_scale_shift', 1, 31590, 5120, 2] failed
Traceback (most recent call last):
  File "/home/ai_lab/ljc/scale-up-sim/aiconfigurator/collector/collect.py", line 364, in worker
    func(*task, device=device)
  File "/home/ai_lab/ljc/scale-up-sim/aiconfigurator/collector/sglang/collect_wan_elementwise.py", line 113, in run_wan_elementwise
    with benchmark_with_power(
         ^^^^^^^^^^^^^^^^^^^^^
  File "/home/ai_lab/fjw/miniforge3/envs/ljc01/lib/python3.12/contextlib.py", line 137, in __enter__
    return next(self.gen)
           ^^^^^^^^^^^^^^
  File "/home/ai_lab/ljc/scale-up-sim/aiconfigurator/collector/helper.py", line 245, in benchmark_with_power
    kernel_func()
  File "/home/ai_lab/ljc/scale-up-sim/aiconfigurator/collector/sglang/collect_wan_elementwise.py", line 86, in kernel_func
    return module(residual, x, gate, shift, scale)
           ^^^^^^^^^^^^^^^^^^^^^^^^^^^^^^^^^^^^^^^
  File "/home/ai_lab/fjw/miniforge3/envs/ljc01/lib/python3.12/site-packages/torch/nn/modules/module.py", line 1775, in _wrapped_call_impl
    return self._call_impl(*args, **kwargs)
           ^^^^^^^^^^^^^^^^^^^^^^^^^^^^^^^^
  File "/home/ai_lab/fjw/miniforge3/envs/ljc01/lib/python3.12/site-packages/torch/nn/modules/module.py", line 1786, in _call_impl
    return forward_call(*args, **kwargs)
           ^^^^^^^^^^^^^^^^^^^^^^^^^^^^^
  File "/home/ai_lab/fjw/miniforge3/envs/ljc01/lib/python3.12/site-packages/sglang/multimodal_gen/runtime/layers/custom_op.py", line 31, in forward
    return self._forward_method(*args, **kwargs)
           ^^^^^^^^^^^^^^^^^^^^^^^^^^^^^^^^^^^^^
  File "/home/ai_lab/fjw/miniforge3/envs/ljc01/lib/python3.12/site-packages/sglang/multimodal_gen/runtime/layers/layernorm.py", line 382, in forward_cuda
    from sglang.jit_kernel.diffusion.cutedsl.scale_residual_norm_scale_shift import (
  File "/home/ai_lab/fjw/miniforge3/envs/ljc01/lib/python3.12/site-packages/sglang/jit_kernel/diffusion/cutedsl/scale_residual_norm_scale_shift.py", line 4, in <module>
    import cutlass
ModuleNotFoundError: No module named 'cutlass'
2026-05-11 18:16:14,206|ERROR|Worker-worker_0|worker|Task sglang.wan_elementwise:run_wan_elementwise:['scale_residual_layernorm_scale_shift', 1, 31590, 5120, 4] failed
Traceback (most recent call last):
  File "/home/ai_lab/ljc/scale-up-sim/aiconfigurator/collector/collect.py", line 364, in worker
    func(*task, device=device)
  File "/home/ai_lab/ljc/scale-up-sim/aiconfigurator/collector/sglang/collect_wan_elementwise.py", line 113, in run_wan_elementwise
    with benchmark_with_power(
         ^^^^^^^^^^^^^^^^^^^^^
  File "/home/ai_lab/fjw/miniforge3/envs/ljc01/lib/python3.12/contextlib.py", line 137, in __enter__
    return next(self.gen)
           ^^^^^^^^^^^^^^
  File "/home/ai_lab/ljc/scale-up-sim/aiconfigurator/collector/helper.py", line 245, in benchmark_with_power
    kernel_func()
  File "/home/ai_lab/ljc/scale-up-sim/aiconfigurator/collector/sglang/collect_wan_elementwise.py", line 86, in kernel_func
    return module(residual, x, gate, shift, scale)
           ^^^^^^^^^^^^^^^^^^^^^^^^^^^^^^^^^^^^^^^
  File "/home/ai_lab/fjw/miniforge3/envs/ljc01/lib/python3.12/site-packages/torch/nn/modules/module.py", line 1775, in _wrapped_call_impl
    return self._call_impl(*args, **kwargs)
           ^^^^^^^^^^^^^^^^^^^^^^^^^^^^^^^^
  File "/home/ai_lab/fjw/miniforge3/envs/ljc01/lib/python3.12/site-packages/torch/nn/modules/module.py", line 1786, in _call_impl
    return forward_call(*args, **kwargs)
           ^^^^^^^^^^^^^^^^^^^^^^^^^^^^^
  File "/home/ai_lab/fjw/miniforge3/envs/ljc01/lib/python3.12/site-packages/sglang/multimodal_gen/runtime/layers/custom_op.py", line 31, in forward
    return self._forward_method(*args, **kwargs)
           ^^^^^^^^^^^^^^^^^^^^^^^^^^^^^^^^^^^^^
  File "/home/ai_lab/fjw/miniforge3/envs/ljc01/lib/python3.12/site-packages/sglang/multimodal_gen/runtime/layers/layernorm.py", line 382, in forward_cuda
    from sglang.jit_kernel.diffusion.cutedsl.scale_residual_norm_scale_shift import (
  File "/home/ai_lab/fjw/miniforge3/envs/ljc01/lib/python3.12/site-packages/sglang/jit_kernel/diffusion/cutedsl/scale_residual_norm_scale_shift.py", line 4, in <module>
    import cutlass
ModuleNotFoundError: No module named 'cutlass'
2026-05-11 18:16:14,208|ERROR|Worker-worker_0|worker|Task sglang.wan_elementwise:run_wan_elementwise:['scale_residual_layernorm_scale_shift', 1, 31590, 5120, 8] failed
Traceback (most recent call last):
  File "/home/ai_lab/ljc/scale-up-sim/aiconfigurator/collector/collect.py", line 364, in worker
    func(*task, device=device)
  File "/home/ai_lab/ljc/scale-up-sim/aiconfigurator/collector/sglang/collect_wan_elementwise.py", line 113, in run_wan_elementwise
    with benchmark_with_power(
         ^^^^^^^^^^^^^^^^^^^^^
  File "/home/ai_lab/fjw/miniforge3/envs/ljc01/lib/python3.12/contextlib.py", line 137, in __enter__
    return next(self.gen)
           ^^^^^^^^^^^^^^
  File "/home/ai_lab/ljc/scale-up-sim/aiconfigurator/collector/helper.py", line 245, in benchmark_with_power
    kernel_func()
  File "/home/ai_lab/ljc/scale-up-sim/aiconfigurator/collector/sglang/collect_wan_elementwise.py", line 86, in kernel_func
    return module(residual, x, gate, shift, scale)
           ^^^^^^^^^^^^^^^^^^^^^^^^^^^^^^^^^^^^^^^
  File "/home/ai_lab/fjw/miniforge3/envs/ljc01/lib/python3.12/site-packages/torch/nn/modules/module.py", line 1775, in _wrapped_call_impl
    return self._call_impl(*args, **kwargs)
           ^^^^^^^^^^^^^^^^^^^^^^^^^^^^^^^^
  File "/home/ai_lab/fjw/miniforge3/envs/ljc01/lib/python3.12/site-packages/torch/nn/modules/module.py", line 1786, in _call_impl
    return forward_call(*args, **kwargs)
           ^^^^^^^^^^^^^^^^^^^^^^^^^^^^^
  File "/home/ai_lab/fjw/miniforge3/envs/ljc01/lib/python3.12/site-packages/sglang/multimodal_gen/runtime/layers/custom_op.py", line 31, in forward
    return self._forward_method(*args, **kwargs)
           ^^^^^^^^^^^^^^^^^^^^^^^^^^^^^^^^^^^^^
  File "/home/ai_lab/fjw/miniforge3/envs/ljc01/lib/python3.12/site-packages/sglang/multimodal_gen/runtime/layers/layernorm.py", line 382, in forward_cuda
    from sglang.jit_kernel.diffusion.cutedsl.scale_residual_norm_scale_shift import (
  File "/home/ai_lab/fjw/miniforge3/envs/ljc01/lib/python3.12/site-packages/sglang/jit_kernel/diffusion/cutedsl/scale_residual_norm_scale_shift.py", line 4, in <module>
    import cutlass
ModuleNotFoundError: No module named 'cutlass'
2026-05-11 18:16:14,211|ERROR|Worker-worker_0|worker|Task sglang.wan_elementwise:run_wan_elementwise:['scale_residual_layernorm_scale_shift', 1, 43120, 5120, 1] failed
Traceback (most recent call last):
  File "/home/ai_lab/ljc/scale-up-sim/aiconfigurator/collector/collect.py", line 364, in worker
    func(*task, device=device)
  File "/home/ai_lab/ljc/scale-up-sim/aiconfigurator/collector/sglang/collect_wan_elementwise.py", line 113, in run_wan_elementwise
    with benchmark_with_power(
         ^^^^^^^^^^^^^^^^^^^^^
  File "/home/ai_lab/fjw/miniforge3/envs/ljc01/lib/python3.12/contextlib.py", line 137, in __enter__
    return next(self.gen)
           ^^^^^^^^^^^^^^
  File "/home/ai_lab/ljc/scale-up-sim/aiconfigurator/collector/helper.py", line 245, in benchmark_with_power
    kernel_func()
  File "/home/ai_lab/ljc/scale-up-sim/aiconfigurator/collector/sglang/collect_wan_elementwise.py", line 86, in kernel_func
    return module(residual, x, gate, shift, scale)
           ^^^^^^^^^^^^^^^^^^^^^^^^^^^^^^^^^^^^^^^
  File "/home/ai_lab/fjw/miniforge3/envs/ljc01/lib/python3.12/site-packages/torch/nn/modules/module.py", line 1775, in _wrapped_call_impl
    return self._call_impl(*args, **kwargs)
           ^^^^^^^^^^^^^^^^^^^^^^^^^^^^^^^^
  File "/home/ai_lab/fjw/miniforge3/envs/ljc01/lib/python3.12/site-packages/torch/nn/modules/module.py", line 1786, in _call_impl
    return forward_call(*args, **kwargs)
           ^^^^^^^^^^^^^^^^^^^^^^^^^^^^^
  File "/home/ai_lab/fjw/miniforge3/envs/ljc01/lib/python3.12/site-packages/sglang/multimodal_gen/runtime/layers/custom_op.py", line 31, in forward
    return self._forward_method(*args, **kwargs)
           ^^^^^^^^^^^^^^^^^^^^^^^^^^^^^^^^^^^^^
  File "/home/ai_lab/fjw/miniforge3/envs/ljc01/lib/python3.12/site-packages/sglang/multimodal_gen/runtime/layers/layernorm.py", line 382, in forward_cuda
    from sglang.jit_kernel.diffusion.cutedsl.scale_residual_norm_scale_shift import (
  File "/home/ai_lab/fjw/miniforge3/envs/ljc01/lib/python3.12/site-packages/sglang/jit_kernel/diffusion/cutedsl/scale_residual_norm_scale_shift.py", line 4, in <module>
    import cutlass
ModuleNotFoundError: No module named 'cutlass'
2026-05-11 18:16:14,214|ERROR|Worker-worker_0|worker|Task sglang.wan_elementwise:run_wan_elementwise:['scale_residual_layernorm_scale_shift', 1, 43120, 5120, 2] failed
Traceback (most recent call last):
  File "/home/ai_lab/ljc/scale-up-sim/aiconfigurator/collector/collect.py", line 364, in worker
    func(*task, device=device)
  File "/home/ai_lab/ljc/scale-up-sim/aiconfigurator/collector/sglang/collect_wan_elementwise.py", line 113, in run_wan_elementwise
    with benchmark_with_power(
         ^^^^^^^^^^^^^^^^^^^^^
  File "/home/ai_lab/fjw/miniforge3/envs/ljc01/lib/python3.12/contextlib.py", line 137, in __enter__
    return next(self.gen)
           ^^^^^^^^^^^^^^
  File "/home/ai_lab/ljc/scale-up-sim/aiconfigurator/collector/helper.py", line 245, in benchmark_with_power
    kernel_func()
  File "/home/ai_lab/ljc/scale-up-sim/aiconfigurator/collector/sglang/collect_wan_elementwise.py", line 86, in kernel_func
    return module(residual, x, gate, shift, scale)
           ^^^^^^^^^^^^^^^^^^^^^^^^^^^^^^^^^^^^^^^
  File "/home/ai_lab/fjw/miniforge3/envs/ljc01/lib/python3.12/site-packages/torch/nn/modules/module.py", line 1775, in _wrapped_call_impl
    return self._call_impl(*args, **kwargs)
           ^^^^^^^^^^^^^^^^^^^^^^^^^^^^^^^^
  File "/home/ai_lab/fjw/miniforge3/envs/ljc01/lib/python3.12/site-packages/torch/nn/modules/module.py", line 1786, in _call_impl
    return forward_call(*args, **kwargs)
           ^^^^^^^^^^^^^^^^^^^^^^^^^^^^^
  File "/home/ai_lab/fjw/miniforge3/envs/ljc01/lib/python3.12/site-packages/sglang/multimodal_gen/runtime/layers/custom_op.py", line 31, in forward
    return self._forward_method(*args, **kwargs)
           ^^^^^^^^^^^^^^^^^^^^^^^^^^^^^^^^^^^^^
  File "/home/ai_lab/fjw/miniforge3/envs/ljc01/lib/python3.12/site-packages/sglang/multimodal_gen/runtime/layers/layernorm.py", line 382, in forward_cuda
    from sglang.jit_kernel.diffusion.cutedsl.scale_residual_norm_scale_shift import (
  File "/home/ai_lab/fjw/miniforge3/envs/ljc01/lib/python3.12/site-packages/sglang/jit_kernel/diffusion/cutedsl/scale_residual_norm_scale_shift.py", line 4, in <module>
    import cutlass
ModuleNotFoundError: No module named 'cutlass'
2026-05-11 18:16:14,217|ERROR|Worker-worker_0|worker|Task sglang.wan_elementwise:run_wan_elementwise:['scale_residual_layernorm_scale_shift', 1, 43120, 5120, 4] failed
Traceback (most recent call last):
  File "/home/ai_lab/ljc/scale-up-sim/aiconfigurator/collector/collect.py", line 364, in worker
    func(*task, device=device)
  File "/home/ai_lab/ljc/scale-up-sim/aiconfigurator/collector/sglang/collect_wan_elementwise.py", line 113, in run_wan_elementwise
    with benchmark_with_power(
         ^^^^^^^^^^^^^^^^^^^^^
  File "/home/ai_lab/fjw/miniforge3/envs/ljc01/lib/python3.12/contextlib.py", line 137, in __enter__
    return next(self.gen)
           ^^^^^^^^^^^^^^
  File "/home/ai_lab/ljc/scale-up-sim/aiconfigurator/collector/helper.py", line 245, in benchmark_with_power
    kernel_func()
  File "/home/ai_lab/ljc/scale-up-sim/aiconfigurator/collector/sglang/collect_wan_elementwise.py", line 86, in kernel_func
    return module(residual, x, gate, shift, scale)
           ^^^^^^^^^^^^^^^^^^^^^^^^^^^^^^^^^^^^^^^
  File "/home/ai_lab/fjw/miniforge3/envs/ljc01/lib/python3.12/site-packages/torch/nn/modules/module.py", line 1775, in _wrapped_call_impl
    return self._call_impl(*args, **kwargs)
           ^^^^^^^^^^^^^^^^^^^^^^^^^^^^^^^^
  File "/home/ai_lab/fjw/miniforge3/envs/ljc01/lib/python3.12/site-packages/torch/nn/modules/module.py", line 1786, in _call_impl
    return forward_call(*args, **kwargs)
           ^^^^^^^^^^^^^^^^^^^^^^^^^^^^^
  File "/home/ai_lab/fjw/miniforge3/envs/ljc01/lib/python3.12/site-packages/sglang/multimodal_gen/runtime/layers/custom_op.py", line 31, in forward
    return self._forward_method(*args, **kwargs)
           ^^^^^^^^^^^^^^^^^^^^^^^^^^^^^^^^^^^^^
  File "/home/ai_lab/fjw/miniforge3/envs/ljc01/lib/python3.12/site-packages/sglang/multimodal_gen/runtime/layers/layernorm.py", line 382, in forward_cuda
    from sglang.jit_kernel.diffusion.cutedsl.scale_residual_norm_scale_shift import (
  File "/home/ai_lab/fjw/miniforge3/envs/ljc01/lib/python3.12/site-packages/sglang/jit_kernel/diffusion/cutedsl/scale_residual_norm_scale_shift.py", line 4, in <module>
    import cutlass
ModuleNotFoundError: No module named 'cutlass'
2026-05-11 18:16:14,219|ERROR|Worker-worker_0|worker|Task sglang.wan_elementwise:run_wan_elementwise:['scale_residual_layernorm_scale_shift', 1, 43120, 5120, 8] failed
Traceback (most recent call last):
  File "/home/ai_lab/ljc/scale-up-sim/aiconfigurator/collector/collect.py", line 364, in worker
    func(*task, device=device)
  File "/home/ai_lab/ljc/scale-up-sim/aiconfigurator/collector/sglang/collect_wan_elementwise.py", line 113, in run_wan_elementwise
    with benchmark_with_power(
         ^^^^^^^^^^^^^^^^^^^^^
  File "/home/ai_lab/fjw/miniforge3/envs/ljc01/lib/python3.12/contextlib.py", line 137, in __enter__
    return next(self.gen)
           ^^^^^^^^^^^^^^
  File "/home/ai_lab/ljc/scale-up-sim/aiconfigurator/collector/helper.py", line 245, in benchmark_with_power
    kernel_func()
  File "/home/ai_lab/ljc/scale-up-sim/aiconfigurator/collector/sglang/collect_wan_elementwise.py", line 86, in kernel_func
    return module(residual, x, gate, shift, scale)
           ^^^^^^^^^^^^^^^^^^^^^^^^^^^^^^^^^^^^^^^
  File "/home/ai_lab/fjw/miniforge3/envs/ljc01/lib/python3.12/site-packages/torch/nn/modules/module.py", line 1775, in _wrapped_call_impl
    return self._call_impl(*args, **kwargs)
           ^^^^^^^^^^^^^^^^^^^^^^^^^^^^^^^^
  File "/home/ai_lab/fjw/miniforge3/envs/ljc01/lib/python3.12/site-packages/torch/nn/modules/module.py", line 1786, in _call_impl
    return forward_call(*args, **kwargs)
           ^^^^^^^^^^^^^^^^^^^^^^^^^^^^^
  File "/home/ai_lab/fjw/miniforge3/envs/ljc01/lib/python3.12/site-packages/sglang/multimodal_gen/runtime/layers/custom_op.py", line 31, in forward
    return self._forward_method(*args, **kwargs)
           ^^^^^^^^^^^^^^^^^^^^^^^^^^^^^^^^^^^^^
  File "/home/ai_lab/fjw/miniforge3/envs/ljc01/lib/python3.12/site-packages/sglang/multimodal_gen/runtime/layers/layernorm.py", line 382, in forward_cuda
    from sglang.jit_kernel.diffusion.cutedsl.scale_residual_norm_scale_shift import (
  File "/home/ai_lab/fjw/miniforge3/envs/ljc01/lib/python3.12/site-packages/sglang/jit_kernel/diffusion/cutedsl/scale_residual_norm_scale_shift.py", line 4, in <module>
    import cutlass
ModuleNotFoundError: No module named 'cutlass'
2026-05-11 18:16:14,222|ERROR|Worker-worker_0|worker|Task sglang.wan_elementwise:run_wan_elementwise:['scale_residual_layernorm_scale_shift', 1, 47190, 5120, 1] failed
Traceback (most recent call last):
  File "/home/ai_lab/ljc/scale-up-sim/aiconfigurator/collector/collect.py", line 364, in worker
    func(*task, device=device)
  File "/home/ai_lab/ljc/scale-up-sim/aiconfigurator/collector/sglang/collect_wan_elementwise.py", line 113, in run_wan_elementwise
    with benchmark_with_power(
         ^^^^^^^^^^^^^^^^^^^^^
  File "/home/ai_lab/fjw/miniforge3/envs/ljc01/lib/python3.12/contextlib.py", line 137, in __enter__
    return next(self.gen)
           ^^^^^^^^^^^^^^
  File "/home/ai_lab/ljc/scale-up-sim/aiconfigurator/collector/helper.py", line 245, in benchmark_with_power
    kernel_func()
  File "/home/ai_lab/ljc/scale-up-sim/aiconfigurator/collector/sglang/collect_wan_elementwise.py", line 86, in kernel_func
    return module(residual, x, gate, shift, scale)
           ^^^^^^^^^^^^^^^^^^^^^^^^^^^^^^^^^^^^^^^
  File "/home/ai_lab/fjw/miniforge3/envs/ljc01/lib/python3.12/site-packages/torch/nn/modules/module.py", line 1775, in _wrapped_call_impl
    return self._call_impl(*args, **kwargs)
           ^^^^^^^^^^^^^^^^^^^^^^^^^^^^^^^^
  File "/home/ai_lab/fjw/miniforge3/envs/ljc01/lib/python3.12/site-packages/torch/nn/modules/module.py", line 1786, in _call_impl
    return forward_call(*args, **kwargs)
           ^^^^^^^^^^^^^^^^^^^^^^^^^^^^^
  File "/home/ai_lab/fjw/miniforge3/envs/ljc01/lib/python3.12/site-packages/sglang/multimodal_gen/runtime/layers/custom_op.py", line 31, in forward
    return self._forward_method(*args, **kwargs)
           ^^^^^^^^^^^^^^^^^^^^^^^^^^^^^^^^^^^^^
  File "/home/ai_lab/fjw/miniforge3/envs/ljc01/lib/python3.12/site-packages/sglang/multimodal_gen/runtime/layers/layernorm.py", line 382, in forward_cuda
    from sglang.jit_kernel.diffusion.cutedsl.scale_residual_norm_scale_shift import (
  File "/home/ai_lab/fjw/miniforge3/envs/ljc01/lib/python3.12/site-packages/sglang/jit_kernel/diffusion/cutedsl/scale_residual_norm_scale_shift.py", line 4, in <module>
    import cutlass
ModuleNotFoundError: No module named 'cutlass'
2026-05-11 18:16:14,224|ERROR|Worker-worker_0|worker|Task sglang.wan_elementwise:run_wan_elementwise:['scale_residual_layernorm_scale_shift', 1, 47190, 5120, 2] failed
Traceback (most recent call last):
  File "/home/ai_lab/ljc/scale-up-sim/aiconfigurator/collector/collect.py", line 364, in worker
    func(*task, device=device)
  File "/home/ai_lab/ljc/scale-up-sim/aiconfigurator/collector/sglang/collect_wan_elementwise.py", line 113, in run_wan_elementwise
    with benchmark_with_power(
         ^^^^^^^^^^^^^^^^^^^^^
  File "/home/ai_lab/fjw/miniforge3/envs/ljc01/lib/python3.12/contextlib.py", line 137, in __enter__
    return next(self.gen)
           ^^^^^^^^^^^^^^
  File "/home/ai_lab/ljc/scale-up-sim/aiconfigurator/collector/helper.py", line 245, in benchmark_with_power
    kernel_func()
  File "/home/ai_lab/ljc/scale-up-sim/aiconfigurator/collector/sglang/collect_wan_elementwise.py", line 86, in kernel_func
    return module(residual, x, gate, shift, scale)
           ^^^^^^^^^^^^^^^^^^^^^^^^^^^^^^^^^^^^^^^
  File "/home/ai_lab/fjw/miniforge3/envs/ljc01/lib/python3.12/site-packages/torch/nn/modules/module.py", line 1775, in _wrapped_call_impl
    return self._call_impl(*args, **kwargs)
           ^^^^^^^^^^^^^^^^^^^^^^^^^^^^^^^^
  File "/home/ai_lab/fjw/miniforge3/envs/ljc01/lib/python3.12/site-packages/torch/nn/modules/module.py", line 1786, in _call_impl
    return forward_call(*args, **kwargs)
           ^^^^^^^^^^^^^^^^^^^^^^^^^^^^^
  File "/home/ai_lab/fjw/miniforge3/envs/ljc01/lib/python3.12/site-packages/sglang/multimodal_gen/runtime/layers/custom_op.py", line 31, in forward
    return self._forward_method(*args, **kwargs)
           ^^^^^^^^^^^^^^^^^^^^^^^^^^^^^^^^^^^^^
  File "/home/ai_lab/fjw/miniforge3/envs/ljc01/lib/python3.12/site-packages/sglang/multimodal_gen/runtime/layers/layernorm.py", line 382, in forward_cuda
    from sglang.jit_kernel.diffusion.cutedsl.scale_residual_norm_scale_shift import (
  File "/home/ai_lab/fjw/miniforge3/envs/ljc01/lib/python3.12/site-packages/sglang/jit_kernel/diffusion/cutedsl/scale_residual_norm_scale_shift.py", line 4, in <module>
    import cutlass
ModuleNotFoundError: No module named 'cutlass'
2026-05-11 18:16:14,227|ERROR|Worker-worker_0|worker|Task sglang.wan_elementwise:run_wan_elementwise:['scale_residual_layernorm_scale_shift', 1, 47190, 5120, 4] failed
Traceback (most recent call last):
  File "/home/ai_lab/ljc/scale-up-sim/aiconfigurator/collector/collect.py", line 364, in worker
    func(*task, device=device)
  File "/home/ai_lab/ljc/scale-up-sim/aiconfigurator/collector/sglang/collect_wan_elementwise.py", line 113, in run_wan_elementwise
    with benchmark_with_power(
         ^^^^^^^^^^^^^^^^^^^^^
  File "/home/ai_lab/fjw/miniforge3/envs/ljc01/lib/python3.12/contextlib.py", line 137, in __enter__
    return next(self.gen)
           ^^^^^^^^^^^^^^
  File "/home/ai_lab/ljc/scale-up-sim/aiconfigurator/collector/helper.py", line 245, in benchmark_with_power
    kernel_func()
  File "/home/ai_lab/ljc/scale-up-sim/aiconfigurator/collector/sglang/collect_wan_elementwise.py", line 86, in kernel_func
    return module(residual, x, gate, shift, scale)
           ^^^^^^^^^^^^^^^^^^^^^^^^^^^^^^^^^^^^^^^
  File "/home/ai_lab/fjw/miniforge3/envs/ljc01/lib/python3.12/site-packages/torch/nn/modules/module.py", line 1775, in _wrapped_call_impl
    return self._call_impl(*args, **kwargs)
           ^^^^^^^^^^^^^^^^^^^^^^^^^^^^^^^^
  File "/home/ai_lab/fjw/miniforge3/envs/ljc01/lib/python3.12/site-packages/torch/nn/modules/module.py", line 1786, in _call_impl
    return forward_call(*args, **kwargs)
           ^^^^^^^^^^^^^^^^^^^^^^^^^^^^^
  File "/home/ai_lab/fjw/miniforge3/envs/ljc01/lib/python3.12/site-packages/sglang/multimodal_gen/runtime/layers/custom_op.py", line 31, in forward
    return self._forward_method(*args, **kwargs)
           ^^^^^^^^^^^^^^^^^^^^^^^^^^^^^^^^^^^^^
  File "/home/ai_lab/fjw/miniforge3/envs/ljc01/lib/python3.12/site-packages/sglang/multimodal_gen/runtime/layers/layernorm.py", line 382, in forward_cuda
    from sglang.jit_kernel.diffusion.cutedsl.scale_residual_norm_scale_shift import (
  File "/home/ai_lab/fjw/miniforge3/envs/ljc01/lib/python3.12/site-packages/sglang/jit_kernel/diffusion/cutedsl/scale_residual_norm_scale_shift.py", line 4, in <module>
    import cutlass
ModuleNotFoundError: No module named 'cutlass'
2026-05-11 18:16:14,230|ERROR|Worker-worker_0|worker|Task sglang.wan_elementwise:run_wan_elementwise:['scale_residual_layernorm_scale_shift', 1, 47190, 5120, 8] failed
Traceback (most recent call last):
  File "/home/ai_lab/ljc/scale-up-sim/aiconfigurator/collector/collect.py", line 364, in worker
    func(*task, device=device)
  File "/home/ai_lab/ljc/scale-up-sim/aiconfigurator/collector/sglang/collect_wan_elementwise.py", line 113, in run_wan_elementwise
    with benchmark_with_power(
         ^^^^^^^^^^^^^^^^^^^^^
  File "/home/ai_lab/fjw/miniforge3/envs/ljc01/lib/python3.12/contextlib.py", line 137, in __enter__
    return next(self.gen)
           ^^^^^^^^^^^^^^
  File "/home/ai_lab/ljc/scale-up-sim/aiconfigurator/collector/helper.py", line 245, in benchmark_with_power
    kernel_func()
  File "/home/ai_lab/ljc/scale-up-sim/aiconfigurator/collector/sglang/collect_wan_elementwise.py", line 86, in kernel_func
    return module(residual, x, gate, shift, scale)
           ^^^^^^^^^^^^^^^^^^^^^^^^^^^^^^^^^^^^^^^
  File "/home/ai_lab/fjw/miniforge3/envs/ljc01/lib/python3.12/site-packages/torch/nn/modules/module.py", line 1775, in _wrapped_call_impl
    return self._call_impl(*args, **kwargs)
           ^^^^^^^^^^^^^^^^^^^^^^^^^^^^^^^^
  File "/home/ai_lab/fjw/miniforge3/envs/ljc01/lib/python3.12/site-packages/torch/nn/modules/module.py", line 1786, in _call_impl
    return forward_call(*args, **kwargs)
           ^^^^^^^^^^^^^^^^^^^^^^^^^^^^^
  File "/home/ai_lab/fjw/miniforge3/envs/ljc01/lib/python3.12/site-packages/sglang/multimodal_gen/runtime/layers/custom_op.py", line 31, in forward
    return self._forward_method(*args, **kwargs)
           ^^^^^^^^^^^^^^^^^^^^^^^^^^^^^^^^^^^^^
  File "/home/ai_lab/fjw/miniforge3/envs/ljc01/lib/python3.12/site-packages/sglang/multimodal_gen/runtime/layers/layernorm.py", line 382, in forward_cuda
    from sglang.jit_kernel.diffusion.cutedsl.scale_residual_norm_scale_shift import (
  File "/home/ai_lab/fjw/miniforge3/envs/ljc01/lib/python3.12/site-packages/sglang/jit_kernel/diffusion/cutedsl/scale_residual_norm_scale_shift.py", line 4, in <module>
    import cutlass
ModuleNotFoundError: No module named 'cutlass'
2026-05-11 18:16:14,233|ERROR|Worker-worker_0|worker|Task sglang.wan_elementwise:run_wan_elementwise:['scale_residual_layernorm_scale_shift', 1, 71280, 5120, 1] failed
Traceback (most recent call last):
  File "/home/ai_lab/ljc/scale-up-sim/aiconfigurator/collector/collect.py", line 364, in worker
    func(*task, device=device)
  File "/home/ai_lab/ljc/scale-up-sim/aiconfigurator/collector/sglang/collect_wan_elementwise.py", line 113, in run_wan_elementwise
    with benchmark_with_power(
         ^^^^^^^^^^^^^^^^^^^^^
  File "/home/ai_lab/fjw/miniforge3/envs/ljc01/lib/python3.12/contextlib.py", line 137, in __enter__
    return next(self.gen)
           ^^^^^^^^^^^^^^
  File "/home/ai_lab/ljc/scale-up-sim/aiconfigurator/collector/helper.py", line 245, in benchmark_with_power
    kernel_func()
  File "/home/ai_lab/ljc/scale-up-sim/aiconfigurator/collector/sglang/collect_wan_elementwise.py", line 86, in kernel_func
    return module(residual, x, gate, shift, scale)
           ^^^^^^^^^^^^^^^^^^^^^^^^^^^^^^^^^^^^^^^
  File "/home/ai_lab/fjw/miniforge3/envs/ljc01/lib/python3.12/site-packages/torch/nn/modules/module.py", line 1775, in _wrapped_call_impl
    return self._call_impl(*args, **kwargs)
           ^^^^^^^^^^^^^^^^^^^^^^^^^^^^^^^^
  File "/home/ai_lab/fjw/miniforge3/envs/ljc01/lib/python3.12/site-packages/torch/nn/modules/module.py", line 1786, in _call_impl
    return forward_call(*args, **kwargs)
           ^^^^^^^^^^^^^^^^^^^^^^^^^^^^^
  File "/home/ai_lab/fjw/miniforge3/envs/ljc01/lib/python3.12/site-packages/sglang/multimodal_gen/runtime/layers/custom_op.py", line 31, in forward
    return self._forward_method(*args, **kwargs)
           ^^^^^^^^^^^^^^^^^^^^^^^^^^^^^^^^^^^^^
  File "/home/ai_lab/fjw/miniforge3/envs/ljc01/lib/python3.12/site-packages/sglang/multimodal_gen/runtime/layers/layernorm.py", line 382, in forward_cuda
    from sglang.jit_kernel.diffusion.cutedsl.scale_residual_norm_scale_shift import (
  File "/home/ai_lab/fjw/miniforge3/envs/ljc01/lib/python3.12/site-packages/sglang/jit_kernel/diffusion/cutedsl/scale_residual_norm_scale_shift.py", line 4, in <module>
    import cutlass
ModuleNotFoundError: No module named 'cutlass'
2026-05-11 18:16:14,236|ERROR|Worker-worker_0|worker|Task sglang.wan_elementwise:run_wan_elementwise:['scale_residual_layernorm_scale_shift', 1, 71280, 5120, 2] failed
Traceback (most recent call last):
  File "/home/ai_lab/ljc/scale-up-sim/aiconfigurator/collector/collect.py", line 364, in worker
    func(*task, device=device)
  File "/home/ai_lab/ljc/scale-up-sim/aiconfigurator/collector/sglang/collect_wan_elementwise.py", line 113, in run_wan_elementwise
    with benchmark_with_power(
         ^^^^^^^^^^^^^^^^^^^^^
  File "/home/ai_lab/fjw/miniforge3/envs/ljc01/lib/python3.12/contextlib.py", line 137, in __enter__
    return next(self.gen)
           ^^^^^^^^^^^^^^
  File "/home/ai_lab/ljc/scale-up-sim/aiconfigurator/collector/helper.py", line 245, in benchmark_with_power
    kernel_func()
  File "/home/ai_lab/ljc/scale-up-sim/aiconfigurator/collector/sglang/collect_wan_elementwise.py", line 86, in kernel_func
    return module(residual, x, gate, shift, scale)
           ^^^^^^^^^^^^^^^^^^^^^^^^^^^^^^^^^^^^^^^
  File "/home/ai_lab/fjw/miniforge3/envs/ljc01/lib/python3.12/site-packages/torch/nn/modules/module.py", line 1775, in _wrapped_call_impl
    return self._call_impl(*args, **kwargs)
           ^^^^^^^^^^^^^^^^^^^^^^^^^^^^^^^^
  File "/home/ai_lab/fjw/miniforge3/envs/ljc01/lib/python3.12/site-packages/torch/nn/modules/module.py", line 1786, in _call_impl
    return forward_call(*args, **kwargs)
           ^^^^^^^^^^^^^^^^^^^^^^^^^^^^^
  File "/home/ai_lab/fjw/miniforge3/envs/ljc01/lib/python3.12/site-packages/sglang/multimodal_gen/runtime/layers/custom_op.py", line 31, in forward
    return self._forward_method(*args, **kwargs)
           ^^^^^^^^^^^^^^^^^^^^^^^^^^^^^^^^^^^^^
  File "/home/ai_lab/fjw/miniforge3/envs/ljc01/lib/python3.12/site-packages/sglang/multimodal_gen/runtime/layers/layernorm.py", line 382, in forward_cuda
    from sglang.jit_kernel.diffusion.cutedsl.scale_residual_norm_scale_shift import (
  File "/home/ai_lab/fjw/miniforge3/envs/ljc01/lib/python3.12/site-packages/sglang/jit_kernel/diffusion/cutedsl/scale_residual_norm_scale_shift.py", line 4, in <module>
    import cutlass
ModuleNotFoundError: No module named 'cutlass'
2026-05-11 18:16:14,240|ERROR|Worker-worker_0|worker|Task sglang.wan_elementwise:run_wan_elementwise:['scale_residual_layernorm_scale_shift', 1, 71280, 5120, 4] failed
Traceback (most recent call last):
  File "/home/ai_lab/ljc/scale-up-sim/aiconfigurator/collector/collect.py", line 364, in worker
    func(*task, device=device)
  File "/home/ai_lab/ljc/scale-up-sim/aiconfigurator/collector/sglang/collect_wan_elementwise.py", line 113, in run_wan_elementwise
    with benchmark_with_power(
         ^^^^^^^^^^^^^^^^^^^^^
  File "/home/ai_lab/fjw/miniforge3/envs/ljc01/lib/python3.12/contextlib.py", line 137, in __enter__
    return next(self.gen)
           ^^^^^^^^^^^^^^
  File "/home/ai_lab/ljc/scale-up-sim/aiconfigurator/collector/helper.py", line 245, in benchmark_with_power
    kernel_func()
  File "/home/ai_lab/ljc/scale-up-sim/aiconfigurator/collector/sglang/collect_wan_elementwise.py", line 86, in kernel_func
    return module(residual, x, gate, shift, scale)
           ^^^^^^^^^^^^^^^^^^^^^^^^^^^^^^^^^^^^^^^
  File "/home/ai_lab/fjw/miniforge3/envs/ljc01/lib/python3.12/site-packages/torch/nn/modules/module.py", line 1775, in _wrapped_call_impl
    return self._call_impl(*args, **kwargs)
           ^^^^^^^^^^^^^^^^^^^^^^^^^^^^^^^^
  File "/home/ai_lab/fjw/miniforge3/envs/ljc01/lib/python3.12/site-packages/torch/nn/modules/module.py", line 1786, in _call_impl
    return forward_call(*args, **kwargs)
           ^^^^^^^^^^^^^^^^^^^^^^^^^^^^^
  File "/home/ai_lab/fjw/miniforge3/envs/ljc01/lib/python3.12/site-packages/sglang/multimodal_gen/runtime/layers/custom_op.py", line 31, in forward
    return self._forward_method(*args, **kwargs)
           ^^^^^^^^^^^^^^^^^^^^^^^^^^^^^^^^^^^^^
  File "/home/ai_lab/fjw/miniforge3/envs/ljc01/lib/python3.12/site-packages/sglang/multimodal_gen/runtime/layers/layernorm.py", line 382, in forward_cuda
    from sglang.jit_kernel.diffusion.cutedsl.scale_residual_norm_scale_shift import (
  File "/home/ai_lab/fjw/miniforge3/envs/ljc01/lib/python3.12/site-packages/sglang/jit_kernel/diffusion/cutedsl/scale_residual_norm_scale_shift.py", line 4, in <module>
    import cutlass
ModuleNotFoundError: No module named 'cutlass'
2026-05-11 18:16:14,243|ERROR|Worker-worker_0|worker|Task sglang.wan_elementwise:run_wan_elementwise:['scale_residual_layernorm_scale_shift', 1, 71280, 5120, 8] failed
Traceback (most recent call last):
  File "/home/ai_lab/ljc/scale-up-sim/aiconfigurator/collector/collect.py", line 364, in worker
    func(*task, device=device)
  File "/home/ai_lab/ljc/scale-up-sim/aiconfigurator/collector/sglang/collect_wan_elementwise.py", line 113, in run_wan_elementwise
    with benchmark_with_power(
         ^^^^^^^^^^^^^^^^^^^^^
  File "/home/ai_lab/fjw/miniforge3/envs/ljc01/lib/python3.12/contextlib.py", line 137, in __enter__
    return next(self.gen)
           ^^^^^^^^^^^^^^
  File "/home/ai_lab/ljc/scale-up-sim/aiconfigurator/collector/helper.py", line 245, in benchmark_with_power
    kernel_func()
  File "/home/ai_lab/ljc/scale-up-sim/aiconfigurator/collector/sglang/collect_wan_elementwise.py", line 86, in kernel_func
    return module(residual, x, gate, shift, scale)
           ^^^^^^^^^^^^^^^^^^^^^^^^^^^^^^^^^^^^^^^
  File "/home/ai_lab/fjw/miniforge3/envs/ljc01/lib/python3.12/site-packages/torch/nn/modules/module.py", line 1775, in _wrapped_call_impl
    return self._call_impl(*args, **kwargs)
           ^^^^^^^^^^^^^^^^^^^^^^^^^^^^^^^^
  File "/home/ai_lab/fjw/miniforge3/envs/ljc01/lib/python3.12/site-packages/torch/nn/modules/module.py", line 1786, in _call_impl
    return forward_call(*args, **kwargs)
           ^^^^^^^^^^^^^^^^^^^^^^^^^^^^^
  File "/home/ai_lab/fjw/miniforge3/envs/ljc01/lib/python3.12/site-packages/sglang/multimodal_gen/runtime/layers/custom_op.py", line 31, in forward
    return self._forward_method(*args, **kwargs)
           ^^^^^^^^^^^^^^^^^^^^^^^^^^^^^^^^^^^^^
  File "/home/ai_lab/fjw/miniforge3/envs/ljc01/lib/python3.12/site-packages/sglang/multimodal_gen/runtime/layers/layernorm.py", line 382, in forward_cuda
    from sglang.jit_kernel.diffusion.cutedsl.scale_residual_norm_scale_shift import (
  File "/home/ai_lab/fjw/miniforge3/envs/ljc01/lib/python3.12/site-packages/sglang/jit_kernel/diffusion/cutedsl/scale_residual_norm_scale_shift.py", line 4, in <module>
    import cutlass
ModuleNotFoundError: No module named 'cutlass'
2026-05-11 18:16:14,247|ERROR|Worker-worker_0|worker|Task sglang.wan_elementwise:run_wan_elementwise:['scale_residual_layernorm_scale_shift', 1, 106480, 5120, 1] failed
Traceback (most recent call last):
  File "/home/ai_lab/ljc/scale-up-sim/aiconfigurator/collector/collect.py", line 364, in worker
    func(*task, device=device)
  File "/home/ai_lab/ljc/scale-up-sim/aiconfigurator/collector/sglang/collect_wan_elementwise.py", line 113, in run_wan_elementwise
    with benchmark_with_power(
         ^^^^^^^^^^^^^^^^^^^^^
  File "/home/ai_lab/fjw/miniforge3/envs/ljc01/lib/python3.12/contextlib.py", line 137, in __enter__
    return next(self.gen)
           ^^^^^^^^^^^^^^
  File "/home/ai_lab/ljc/scale-up-sim/aiconfigurator/collector/helper.py", line 245, in benchmark_with_power
    kernel_func()
  File "/home/ai_lab/ljc/scale-up-sim/aiconfigurator/collector/sglang/collect_wan_elementwise.py", line 86, in kernel_func
    return module(residual, x, gate, shift, scale)
           ^^^^^^^^^^^^^^^^^^^^^^^^^^^^^^^^^^^^^^^
  File "/home/ai_lab/fjw/miniforge3/envs/ljc01/lib/python3.12/site-packages/torch/nn/modules/module.py", line 1775, in _wrapped_call_impl
    return self._call_impl(*args, **kwargs)
           ^^^^^^^^^^^^^^^^^^^^^^^^^^^^^^^^
  File "/home/ai_lab/fjw/miniforge3/envs/ljc01/lib/python3.12/site-packages/torch/nn/modules/module.py", line 1786, in _call_impl
    return forward_call(*args, **kwargs)
           ^^^^^^^^^^^^^^^^^^^^^^^^^^^^^
  File "/home/ai_lab/fjw/miniforge3/envs/ljc01/lib/python3.12/site-packages/sglang/multimodal_gen/runtime/layers/custom_op.py", line 31, in forward
    return self._forward_method(*args, **kwargs)
           ^^^^^^^^^^^^^^^^^^^^^^^^^^^^^^^^^^^^^
  File "/home/ai_lab/fjw/miniforge3/envs/ljc01/lib/python3.12/site-packages/sglang/multimodal_gen/runtime/layers/layernorm.py", line 382, in forward_cuda
    from sglang.jit_kernel.diffusion.cutedsl.scale_residual_norm_scale_shift import (
  File "/home/ai_lab/fjw/miniforge3/envs/ljc01/lib/python3.12/site-packages/sglang/jit_kernel/diffusion/cutedsl/scale_residual_norm_scale_shift.py", line 4, in <module>
    import cutlass
ModuleNotFoundError: No module named 'cutlass'
2026-05-11 18:16:14,251|ERROR|Worker-worker_0|worker|Task sglang.wan_elementwise:run_wan_elementwise:['scale_residual_layernorm_scale_shift', 1, 106480, 5120, 2] failed
Traceback (most recent call last):
  File "/home/ai_lab/ljc/scale-up-sim/aiconfigurator/collector/collect.py", line 364, in worker
    func(*task, device=device)
  File "/home/ai_lab/ljc/scale-up-sim/aiconfigurator/collector/sglang/collect_wan_elementwise.py", line 113, in run_wan_elementwise
    with benchmark_with_power(
         ^^^^^^^^^^^^^^^^^^^^^
  File "/home/ai_lab/fjw/miniforge3/envs/ljc01/lib/python3.12/contextlib.py", line 137, in __enter__
    return next(self.gen)
           ^^^^^^^^^^^^^^
  File "/home/ai_lab/ljc/scale-up-sim/aiconfigurator/collector/helper.py", line 245, in benchmark_with_power
    kernel_func()
  File "/home/ai_lab/ljc/scale-up-sim/aiconfigurator/collector/sglang/collect_wan_elementwise.py", line 86, in kernel_func
    return module(residual, x, gate, shift, scale)
           ^^^^^^^^^^^^^^^^^^^^^^^^^^^^^^^^^^^^^^^
  File "/home/ai_lab/fjw/miniforge3/envs/ljc01/lib/python3.12/site-packages/torch/nn/modules/module.py", line 1775, in _wrapped_call_impl
    return self._call_impl(*args, **kwargs)
           ^^^^^^^^^^^^^^^^^^^^^^^^^^^^^^^^
  File "/home/ai_lab/fjw/miniforge3/envs/ljc01/lib/python3.12/site-packages/torch/nn/modules/module.py", line 1786, in _call_impl
    return forward_call(*args, **kwargs)
           ^^^^^^^^^^^^^^^^^^^^^^^^^^^^^
  File "/home/ai_lab/fjw/miniforge3/envs/ljc01/lib/python3.12/site-packages/sglang/multimodal_gen/runtime/layers/custom_op.py", line 31, in forward
    return self._forward_method(*args, **kwargs)
           ^^^^^^^^^^^^^^^^^^^^^^^^^^^^^^^^^^^^^
  File "/home/ai_lab/fjw/miniforge3/envs/ljc01/lib/python3.12/site-packages/sglang/multimodal_gen/runtime/layers/layernorm.py", line 382, in forward_cuda
    from sglang.jit_kernel.diffusion.cutedsl.scale_residual_norm_scale_shift import (
  File "/home/ai_lab/fjw/miniforge3/envs/ljc01/lib/python3.12/site-packages/sglang/jit_kernel/diffusion/cutedsl/scale_residual_norm_scale_shift.py", line 4, in <module>
    import cutlass
ModuleNotFoundError: No module named 'cutlass'
2026-05-11 18:16:14,255|ERROR|Worker-worker_0|worker|Task sglang.wan_elementwise:run_wan_elementwise:['scale_residual_layernorm_scale_shift', 1, 106480, 5120, 4] failed
Traceback (most recent call last):
  File "/home/ai_lab/ljc/scale-up-sim/aiconfigurator/collector/collect.py", line 364, in worker
    func(*task, device=device)
  File "/home/ai_lab/ljc/scale-up-sim/aiconfigurator/collector/sglang/collect_wan_elementwise.py", line 113, in run_wan_elementwise
    with benchmark_with_power(
         ^^^^^^^^^^^^^^^^^^^^^
  File "/home/ai_lab/fjw/miniforge3/envs/ljc01/lib/python3.12/contextlib.py", line 137, in __enter__
    return next(self.gen)
           ^^^^^^^^^^^^^^
  File "/home/ai_lab/ljc/scale-up-sim/aiconfigurator/collector/helper.py", line 245, in benchmark_with_power
    kernel_func()
  File "/home/ai_lab/ljc/scale-up-sim/aiconfigurator/collector/sglang/collect_wan_elementwise.py", line 86, in kernel_func
    return module(residual, x, gate, shift, scale)
           ^^^^^^^^^^^^^^^^^^^^^^^^^^^^^^^^^^^^^^^
  File "/home/ai_lab/fjw/miniforge3/envs/ljc01/lib/python3.12/site-packages/torch/nn/modules/module.py", line 1775, in _wrapped_call_impl
    return self._call_impl(*args, **kwargs)
           ^^^^^^^^^^^^^^^^^^^^^^^^^^^^^^^^
  File "/home/ai_lab/fjw/miniforge3/envs/ljc01/lib/python3.12/site-packages/torch/nn/modules/module.py", line 1786, in _call_impl
    return forward_call(*args, **kwargs)
           ^^^^^^^^^^^^^^^^^^^^^^^^^^^^^
  File "/home/ai_lab/fjw/miniforge3/envs/ljc01/lib/python3.12/site-packages/sglang/multimodal_gen/runtime/layers/custom_op.py", line 31, in forward
    return self._forward_method(*args, **kwargs)
           ^^^^^^^^^^^^^^^^^^^^^^^^^^^^^^^^^^^^^
  File "/home/ai_lab/fjw/miniforge3/envs/ljc01/lib/python3.12/site-packages/sglang/multimodal_gen/runtime/layers/layernorm.py", line 382, in forward_cuda
    from sglang.jit_kernel.diffusion.cutedsl.scale_residual_norm_scale_shift import (
  File "/home/ai_lab/fjw/miniforge3/envs/ljc01/lib/python3.12/site-packages/sglang/jit_kernel/diffusion/cutedsl/scale_residual_norm_scale_shift.py", line 4, in <module>
    import cutlass
ModuleNotFoundError: No module named 'cutlass'
2026-05-11 18:16:14,259|ERROR|Worker-worker_0|worker|Task sglang.wan_elementwise:run_wan_elementwise:['scale_residual_layernorm_scale_shift', 1, 106480, 5120, 8] failed
Traceback (most recent call last):
  File "/home/ai_lab/ljc/scale-up-sim/aiconfigurator/collector/collect.py", line 364, in worker
    func(*task, device=device)
  File "/home/ai_lab/ljc/scale-up-sim/aiconfigurator/collector/sglang/collect_wan_elementwise.py", line 113, in run_wan_elementwise
    with benchmark_with_power(
         ^^^^^^^^^^^^^^^^^^^^^
  File "/home/ai_lab/fjw/miniforge3/envs/ljc01/lib/python3.12/contextlib.py", line 137, in __enter__
    return next(self.gen)
           ^^^^^^^^^^^^^^
  File "/home/ai_lab/ljc/scale-up-sim/aiconfigurator/collector/helper.py", line 245, in benchmark_with_power
    kernel_func()
  File "/home/ai_lab/ljc/scale-up-sim/aiconfigurator/collector/sglang/collect_wan_elementwise.py", line 86, in kernel_func
    return module(residual, x, gate, shift, scale)
           ^^^^^^^^^^^^^^^^^^^^^^^^^^^^^^^^^^^^^^^
  File "/home/ai_lab/fjw/miniforge3/envs/ljc01/lib/python3.12/site-packages/torch/nn/modules/module.py", line 1775, in _wrapped_call_impl
    return self._call_impl(*args, **kwargs)
           ^^^^^^^^^^^^^^^^^^^^^^^^^^^^^^^^
  File "/home/ai_lab/fjw/miniforge3/envs/ljc01/lib/python3.12/site-packages/torch/nn/modules/module.py", line 1786, in _call_impl
    return forward_call(*args, **kwargs)
           ^^^^^^^^^^^^^^^^^^^^^^^^^^^^^
  File "/home/ai_lab/fjw/miniforge3/envs/ljc01/lib/python3.12/site-packages/sglang/multimodal_gen/runtime/layers/custom_op.py", line 31, in forward
    return self._forward_method(*args, **kwargs)
           ^^^^^^^^^^^^^^^^^^^^^^^^^^^^^^^^^^^^^
  File "/home/ai_lab/fjw/miniforge3/envs/ljc01/lib/python3.12/site-packages/sglang/multimodal_gen/runtime/layers/layernorm.py", line 382, in forward_cuda
    from sglang.jit_kernel.diffusion.cutedsl.scale_residual_norm_scale_shift import (
  File "/home/ai_lab/fjw/miniforge3/envs/ljc01/lib/python3.12/site-packages/sglang/jit_kernel/diffusion/cutedsl/scale_residual_norm_scale_shift.py", line 4, in <module>
    import cutlass
ModuleNotFoundError: No module named 'cutlass'
2026-05-11 18:16:17,062|ERROR|root|parallel_run|sglang.wan_elementwise: Completed with 24 errors
2026-05-11 18:16:17,064|ERROR|root|parallel_run|Error details saved to wan_elementwise_20260511_181604/errors_sglang.wan_elementwise.json
2026-05-11 18:16:17,067|INFO|root|generate_collection_summary|============================================================
2026-05-11 18:16:17,067|INFO|root|generate_collection_summary|COLLECTION SUMMARY - sglang v0.5.10
2026-05-11 18:16:17,067|INFO|root|generate_collection_summary|============================================================
2026-05-11 18:16:17,067|INFO|root|generate_collection_summary|Total errors: 24
2026-05-11 18:16:17,067|INFO|root|generate_collection_summary|
Errors by module:
2026-05-11 18:16:17,068|INFO|root|generate_collection_summary|  sglang.wan_elementwise: 24
2026-05-11 18:16:17,068|INFO|root|generate_collection_summary|
Errors by type:
2026-05-11 18:16:17,068|INFO|root|generate_collection_summary|  ModuleNotFoundError: 24
2026-05-11 18:16:17,068|INFO|root|generate_collection_summary|
Detailed error report saved to: wan_elementwise_20260511_181604/collection_summary_sglang.json
