[2026-05-11 18:01:30,569] [INFO] [Worker-0] [worker_0] Worker 0 initialized for sglang.wan_patch_embed
[2026-05-11 18:01:30,681] [INFO] [Worker-1] [worker_1] Worker 1 initialized for sglang.wan_patch_embed
[2026-05-11 18:01:35,342] [INFO] [Worker-0] [worker_0] Worker 0 initialized for sglang.wan_rope
[2026-05-11 18:01:35,669] [INFO] [Worker-1] [worker_1] Worker 1 initialized for sglang.wan_rope
[2026-05-11 18:01:38,580] [INFO] [Worker-1] [worker_1] Worker 1 initialized for sglang.wan_rope
[2026-05-11 18:01:41,124] [INFO] [Worker-1] [worker_1] Worker 1 initialized for sglang.wan_rope
[2026-05-11 18:01:43,708] [INFO] [Worker-1] [worker_1] Worker 1 initialized for sglang.wan_rope
[2026-05-11 18:01:47,919] [INFO] [Worker-1] [worker_1] Worker 1 initialized for sglang.wan_attention
[2026-05-11 18:01:48,156] [INFO] [Worker-0] [worker_0] Worker 0 initialized for sglang.wan_attention
[2026-05-11 18:01:50,937] [INFO] [Worker-0] [worker_0] Worker 0 initialized for sglang.wan_attention
[2026-05-11 18:01:52,678] [ERROR] [Worker-1] [worker_1] Task sglang.wan_attention:run_wan_attention:['Wan2.2-TI2V-5B', 'ti2v', 'cross_attn_text', 'sdpa', 1, 106480, 512, 5, 128, 1, 8, 'ulysses'] failed
Traceback (most recent call last):
  File "/home/ai_lab/ljc/scale-up-sim/aiconfigurator/collector/collect.py", line 364, in worker
    func(*task, device=device)
  File "/home/ai_lab/ljc/scale-up-sim/aiconfigurator/collector/sglang/collect_wan_attention.py", line 172, in run_wan_attention
    impl = _build_impl(backend, num_heads, head_dim)
           ^^^^^^^^^^^^^^^^^^^^^^^^^^^^^^^^^^^^^^^^^
  File "/home/ai_lab/ljc/scale-up-sim/aiconfigurator/collector/sglang/collect_wan_attention.py", line 138, in _build_impl
    from sglang.multimodal_gen.runtime.layers.attention.backends.sdpa import SDPAImpl
  File "/home/ai_lab/fjw/miniforge3/envs/ljc01/lib/python3.12/site-packages/sglang/multimodal_gen/__init__.py", line 2, in <module>
    from sglang.multimodal_gen.configs.pipeline_configs import PipelineConfig
  File "/home/ai_lab/fjw/miniforge3/envs/ljc01/lib/python3.12/site-packages/sglang/multimodal_gen/configs/pipeline_configs/__init__.py", line 3, in <module>
    from sglang.multimodal_gen.configs.pipeline_configs.base import (
  File "/home/ai_lab/fjw/miniforge3/envs/ljc01/lib/python3.12/site-packages/sglang/multimodal_gen/configs/pipeline_configs/base.py", line 33, in <module>
    from sglang.multimodal_gen.runtime.models.vision_utils import get_default_height_width
  File "/home/ai_lab/fjw/miniforge3/envs/ljc01/lib/python3.12/site-packages/sglang/multimodal_gen/runtime/models/vision_utils.py", line 10, in <module>
    import imageio
ModuleNotFoundError: No module named 'imageio'
2026-05-11 18:01:52,678|ERROR|Worker-worker_1|worker|Task sglang.wan_attention:run_wan_attention:['Wan2.2-TI2V-5B', 'ti2v', 'cross_attn_text', 'sdpa', 1, 106480, 512, 5, 128, 1, 8, 'ulysses'] failed
Traceback (most recent call last):
  File "/home/ai_lab/ljc/scale-up-sim/aiconfigurator/collector/collect.py", line 364, in worker
    func(*task, device=device)
  File "/home/ai_lab/ljc/scale-up-sim/aiconfigurator/collector/sglang/collect_wan_attention.py", line 172, in run_wan_attention
    impl = _build_impl(backend, num_heads, head_dim)
           ^^^^^^^^^^^^^^^^^^^^^^^^^^^^^^^^^^^^^^^^^
  File "/home/ai_lab/ljc/scale-up-sim/aiconfigurator/collector/sglang/collect_wan_attention.py", line 138, in _build_impl
    from sglang.multimodal_gen.runtime.layers.attention.backends.sdpa import SDPAImpl
  File "/home/ai_lab/fjw/miniforge3/envs/ljc01/lib/python3.12/site-packages/sglang/multimodal_gen/__init__.py", line 2, in <module>
    from sglang.multimodal_gen.configs.pipeline_configs import PipelineConfig
  File "/home/ai_lab/fjw/miniforge3/envs/ljc01/lib/python3.12/site-packages/sglang/multimodal_gen/configs/pipeline_configs/__init__.py", line 3, in <module>
    from sglang.multimodal_gen.configs.pipeline_configs.base import (
  File "/home/ai_lab/fjw/miniforge3/envs/ljc01/lib/python3.12/site-packages/sglang/multimodal_gen/configs/pipeline_configs/base.py", line 33, in <module>
    from sglang.multimodal_gen.runtime.models.vision_utils import get_default_height_width
  File "/home/ai_lab/fjw/miniforge3/envs/ljc01/lib/python3.12/site-packages/sglang/multimodal_gen/runtime/models/vision_utils.py", line 10, in <module>
    import imageio
ModuleNotFoundError: No module named 'imageio'
[2026-05-11 18:01:53,477] [INFO] [Worker-0] [worker_0] Worker 0 initialized for sglang.wan_attention
2026-05-11 18:01:54,470|ERROR|root|parallel_run|sglang.wan_attention: Completed with 1 errors
2026-05-11 18:01:54,470|ERROR|root|parallel_run|Error details saved to wan_patch_embed+wan_rope+wan_attention+wan_elementwise_20260511_180126/errors_sglang.wan_attention.json
[2026-05-11 18:01:57,372] [INFO] [Worker-1] [worker_1] Worker 1 initialized for sglang.wan_elementwise
[2026-05-11 18:01:57,688] [INFO] [Worker-0] [worker_0] Worker 0 initialized for sglang.wan_elementwise
