2026-05-12 09:13:06,017|INFO|root|main|Starting collection with 1 GPU processes
2026-05-12 09:13:06,031|INFO|root|collect_sglang|SGLang version: 0.5.10.post1
2026-05-12 09:13:13,002|INFO|root|collect_module_safe|Starting collection: sglang.gemm
2026-05-12 09:13:13,005|INFO|root|collect_module_safe|Generated 1173 test cases for sglang.gemm
2026-05-12 09:13:14,548|INFO|root|start_process|Started worker process 254 on device 0
2026-05-12 09:13:23,256|INFO|Worker-worker_0|worker|Worker 0 initialized for sglang.gemm
2026-05-12 09:14:00,362|ERROR|Worker-worker_0|worker|Task sglang.gemm:run_gemm:['fp8_block', 11798, 5120, 1728] failed
Traceback (most recent call last):
  File "/workspace/collector/collect.py", line 364, in worker
    func(*task, device=device)
  File "/workspace/collector/sglang/collect_gemm.py", line 348, in run_gemm
    with benchmark_with_power(
         ^^^^^^^^^^^^^^^^^^^^^
  File "/usr/lib/python3.12/contextlib.py", line 137, in __enter__
    return next(self.gen)
           ^^^^^^^^^^^^^^
  File "/workspace/collector/helper.py", line 245, in benchmark_with_power
    kernel_func()
  File "/workspace/collector/sglang/collect_gemm.py", line 342, in kernel_func
    op()
  File "/workspace/collector/sglang/collect_gemm.py", line 285, in gemm_op
    a_fp8, scale_a = sglang_per_token_group_quant_fp8(
                     ^^^^^^^^^^^^^^^^^^^^^^^^^^^^^^^^^
  File "/sgl-workspace/sglang/python/sglang/srt/layers/quantization/fp8_kernel.py", line 494, in sglang_per_token_group_quant_fp8
    x.shape[-1] % group_size == 0
AssertionError: the last dimension of `x` cannot be divisible by `group_size`
2026-05-12 09:14:03,336|ERROR|Worker-worker_0|worker|Task sglang.gemm:run_gemm:['fp8_block', 4778, 5120, 1728] failed
Traceback (most recent call last):
  File "/workspace/collector/collect.py", line 364, in worker
    func(*task, device=device)
  File "/workspace/collector/sglang/collect_gemm.py", line 348, in run_gemm
    with benchmark_with_power(
         ^^^^^^^^^^^^^^^^^^^^^
  File "/usr/lib/python3.12/contextlib.py", line 137, in __enter__
    return next(self.gen)
           ^^^^^^^^^^^^^^
  File "/workspace/collector/helper.py", line 245, in benchmark_with_power
    kernel_func()
  File "/workspace/collector/sglang/collect_gemm.py", line 342, in kernel_func
    op()
  File "/workspace/collector/sglang/collect_gemm.py", line 285, in gemm_op
    a_fp8, scale_a = sglang_per_token_group_quant_fp8(
                     ^^^^^^^^^^^^^^^^^^^^^^^^^^^^^^^^^
  File "/sgl-workspace/sglang/python/sglang/srt/layers/quantization/fp8_kernel.py", line 494, in sglang_per_token_group_quant_fp8
    x.shape[-1] % group_size == 0
AssertionError: the last dimension of `x` cannot be divisible by `group_size`
2026-05-12 09:14:08,198|ERROR|Worker-worker_0|worker|Task sglang.gemm:run_gemm:['fp8_block', 21560, 5120, 1728] failed
Traceback (most recent call last):
  File "/workspace/collector/collect.py", line 364, in worker
    func(*task, device=device)
  File "/workspace/collector/sglang/collect_gemm.py", line 348, in run_gemm
    with benchmark_with_power(
         ^^^^^^^^^^^^^^^^^^^^^
  File "/usr/lib/python3.12/contextlib.py", line 137, in __enter__
    return next(self.gen)
           ^^^^^^^^^^^^^^
  File "/workspace/collector/helper.py", line 245, in benchmark_with_power
    kernel_func()
  File "/workspace/collector/sglang/collect_gemm.py", line 342, in kernel_func
    op()
  File "/workspace/collector/sglang/collect_gemm.py", line 285, in gemm_op
    a_fp8, scale_a = sglang_per_token_group_quant_fp8(
                     ^^^^^^^^^^^^^^^^^^^^^^^^^^^^^^^^^
  File "/sgl-workspace/sglang/python/sglang/srt/layers/quantization/fp8_kernel.py", line 494, in sglang_per_token_group_quant_fp8
    x.shape[-1] % group_size == 0
AssertionError: the last dimension of `x` cannot be divisible by `group_size`
2026-05-12 09:14:16,927|ERROR|Worker-worker_0|worker|Task sglang.gemm:run_gemm:['fp8_block', 71280, 5120, 1728] failed
Traceback (most recent call last):
  File "/workspace/collector/collect.py", line 364, in worker
    func(*task, device=device)
  File "/workspace/collector/sglang/collect_gemm.py", line 348, in run_gemm
    with benchmark_with_power(
         ^^^^^^^^^^^^^^^^^^^^^
  File "/usr/lib/python3.12/contextlib.py", line 137, in __enter__
    return next(self.gen)
           ^^^^^^^^^^^^^^
  File "/workspace/collector/helper.py", line 245, in benchmark_with_power
    kernel_func()
  File "/workspace/collector/sglang/collect_gemm.py", line 342, in kernel_func
    op()
  File "/workspace/collector/sglang/collect_gemm.py", line 285, in gemm_op
    a_fp8, scale_a = sglang_per_token_group_quant_fp8(
                     ^^^^^^^^^^^^^^^^^^^^^^^^^^^^^^^^^
  File "/sgl-workspace/sglang/python/sglang/srt/layers/quantization/fp8_kernel.py", line 494, in sglang_per_token_group_quant_fp8
    x.shape[-1] % group_size == 0
AssertionError: the last dimension of `x` cannot be divisible by `group_size`
2026-05-12 09:15:54,868|ERROR|Worker-worker_0|worker|Task sglang.gemm:run_gemm:['fp8_block', 13310, 5120, 1728] failed
Traceback (most recent call last):
  File "/workspace/collector/collect.py", line 364, in worker
    func(*task, device=device)
  File "/workspace/collector/sglang/collect_gemm.py", line 348, in run_gemm
    with benchmark_with_power(
         ^^^^^^^^^^^^^^^^^^^^^
  File "/usr/lib/python3.12/contextlib.py", line 137, in __enter__
    return next(self.gen)
           ^^^^^^^^^^^^^^
  File "/workspace/collector/helper.py", line 245, in benchmark_with_power
    kernel_func()
  File "/workspace/collector/sglang/collect_gemm.py", line 342, in kernel_func
    op()
  File "/workspace/collector/sglang/collect_gemm.py", line 285, in gemm_op
    a_fp8, scale_a = sglang_per_token_group_quant_fp8(
                     ^^^^^^^^^^^^^^^^^^^^^^^^^^^^^^^^^
  File "/sgl-workspace/sglang/python/sglang/srt/layers/quantization/fp8_kernel.py", line 494, in sglang_per_token_group_quant_fp8
    x.shape[-1] % group_size == 0
AssertionError: the last dimension of `x` cannot be divisible by `group_size`
2026-05-12 09:16:20,314|ERROR|Worker-worker_0|worker|Task sglang.gemm:run_gemm:['fp8_block', 35640, 5120, 1728] failed
Traceback (most recent call last):
  File "/workspace/collector/collect.py", line 364, in worker
    func(*task, device=device)
  File "/workspace/collector/sglang/collect_gemm.py", line 348, in run_gemm
    with benchmark_with_power(
         ^^^^^^^^^^^^^^^^^^^^^
  File "/usr/lib/python3.12/contextlib.py", line 137, in __enter__
    return next(self.gen)
           ^^^^^^^^^^^^^^
  File "/workspace/collector/helper.py", line 245, in benchmark_with_power
    kernel_func()
  File "/workspace/collector/sglang/collect_gemm.py", line 342, in kernel_func
    op()
  File "/workspace/collector/sglang/collect_gemm.py", line 285, in gemm_op
    a_fp8, scale_a = sglang_per_token_group_quant_fp8(
                     ^^^^^^^^^^^^^^^^^^^^^^^^^^^^^^^^^
  File "/sgl-workspace/sglang/python/sglang/srt/layers/quantization/fp8_kernel.py", line 494, in sglang_per_token_group_quant_fp8
    x.shape[-1] % group_size == 0
AssertionError: the last dimension of `x` cannot be divisible by `group_size`
2026-05-12 09:17:32,618|ERROR|Worker-worker_0|worker|Task sglang.gemm:run_gemm:['fp8_block', 23595, 5120, 1728] failed
Traceback (most recent call last):
  File "/workspace/collector/collect.py", line 364, in worker
    func(*task, device=device)
  File "/workspace/collector/sglang/collect_gemm.py", line 348, in run_gemm
    with benchmark_with_power(
         ^^^^^^^^^^^^^^^^^^^^^
  File "/usr/lib/python3.12/contextlib.py", line 137, in __enter__
    return next(self.gen)
           ^^^^^^^^^^^^^^
  File "/workspace/collector/helper.py", line 245, in benchmark_with_power
    kernel_func()
  File "/workspace/collector/sglang/collect_gemm.py", line 342, in kernel_func
    op()
  File "/workspace/collector/sglang/collect_gemm.py", line 285, in gemm_op
    a_fp8, scale_a = sglang_per_token_group_quant_fp8(
                     ^^^^^^^^^^^^^^^^^^^^^^^^^^^^^^^^^
  File "/sgl-workspace/sglang/python/sglang/srt/layers/quantization/fp8_kernel.py", line 494, in sglang_per_token_group_quant_fp8
    x.shape[-1] % group_size == 0
AssertionError: the last dimension of `x` cannot be divisible by `group_size`
2026-05-12 09:17:32,621|ERROR|Worker-worker_0|worker|Task sglang.gemm:run_gemm:['fp8_block', 3949, 5120, 1728] failed
Traceback (most recent call last):
  File "/workspace/collector/collect.py", line 364, in worker
    func(*task, device=device)
  File "/workspace/collector/sglang/collect_gemm.py", line 348, in run_gemm
    with benchmark_with_power(
         ^^^^^^^^^^^^^^^^^^^^^
  File "/usr/lib/python3.12/contextlib.py", line 137, in __enter__
    return next(self.gen)
           ^^^^^^^^^^^^^^
  File "/workspace/collector/helper.py", line 245, in benchmark_with_power
    kernel_func()
  File "/workspace/collector/sglang/collect_gemm.py", line 342, in kernel_func
    op()
  File "/workspace/collector/sglang/collect_gemm.py", line 285, in gemm_op
    a_fp8, scale_a = sglang_per_token_group_quant_fp8(
                     ^^^^^^^^^^^^^^^^^^^^^^^^^^^^^^^^^
  File "/sgl-workspace/sglang/python/sglang/srt/layers/quantization/fp8_kernel.py", line 494, in sglang_per_token_group_quant_fp8
    x.shape[-1] % group_size == 0
AssertionError: the last dimension of `x` cannot be divisible by `group_size`
2026-05-12 09:18:49,724|ERROR|Worker-worker_0|worker|Task sglang.gemm:run_gemm:['fp8_block', 8910, 5120, 1728] failed
Traceback (most recent call last):
  File "/workspace/collector/collect.py", line 364, in worker
    func(*task, device=device)
  File "/workspace/collector/sglang/collect_gemm.py", line 348, in run_gemm
    with benchmark_with_power(
         ^^^^^^^^^^^^^^^^^^^^^
  File "/usr/lib/python3.12/contextlib.py", line 137, in __enter__
    return next(self.gen)
           ^^^^^^^^^^^^^^
  File "/workspace/collector/helper.py", line 245, in benchmark_with_power
    kernel_func()
  File "/workspace/collector/sglang/collect_gemm.py", line 342, in kernel_func
    op()
  File "/workspace/collector/sglang/collect_gemm.py", line 285, in gemm_op
    a_fp8, scale_a = sglang_per_token_group_quant_fp8(
                     ^^^^^^^^^^^^^^^^^^^^^^^^^^^^^^^^^
  File "/sgl-workspace/sglang/python/sglang/srt/layers/quantization/fp8_kernel.py", line 494, in sglang_per_token_group_quant_fp8
    x.shape[-1] % group_size == 0
AssertionError: the last dimension of `x` cannot be divisible by `group_size`
2026-05-12 09:19:08,262|ERROR|Worker-worker_0|worker|Task sglang.gemm:run_gemm:['fp8_block', 7898, 5120, 1728] failed
Traceback (most recent call last):
  File "/workspace/collector/collect.py", line 364, in worker
    func(*task, device=device)
  File "/workspace/collector/sglang/collect_gemm.py", line 348, in run_gemm
    with benchmark_with_power(
         ^^^^^^^^^^^^^^^^^^^^^
  File "/usr/lib/python3.12/contextlib.py", line 137, in __enter__
    return next(self.gen)
           ^^^^^^^^^^^^^^
  File "/workspace/collector/helper.py", line 245, in benchmark_with_power
    kernel_func()
  File "/workspace/collector/sglang/collect_gemm.py", line 342, in kernel_func
    op()
  File "/workspace/collector/sglang/collect_gemm.py", line 285, in gemm_op
    a_fp8, scale_a = sglang_per_token_group_quant_fp8(
                     ^^^^^^^^^^^^^^^^^^^^^^^^^^^^^^^^^
  File "/sgl-workspace/sglang/python/sglang/srt/layers/quantization/fp8_kernel.py", line 494, in sglang_per_token_group_quant_fp8
    x.shape[-1] % group_size == 0
AssertionError: the last dimension of `x` cannot be divisible by `group_size`
2026-05-12 09:19:28,302|ERROR|Worker-worker_0|worker|Task sglang.gemm:run_gemm:['fp8_block', 47190, 5120, 1728] failed
Traceback (most recent call last):
  File "/workspace/collector/collect.py", line 364, in worker
    func(*task, device=device)
  File "/workspace/collector/sglang/collect_gemm.py", line 348, in run_gemm
    with benchmark_with_power(
         ^^^^^^^^^^^^^^^^^^^^^
  File "/usr/lib/python3.12/contextlib.py", line 137, in __enter__
    return next(self.gen)
           ^^^^^^^^^^^^^^
  File "/workspace/collector/helper.py", line 245, in benchmark_with_power
    kernel_func()
  File "/workspace/collector/sglang/collect_gemm.py", line 342, in kernel_func
    op()
  File "/workspace/collector/sglang/collect_gemm.py", line 285, in gemm_op
    a_fp8, scale_a = sglang_per_token_group_quant_fp8(
                     ^^^^^^^^^^^^^^^^^^^^^^^^^^^^^^^^^
  File "/sgl-workspace/sglang/python/sglang/srt/layers/quantization/fp8_kernel.py", line 494, in sglang_per_token_group_quant_fp8
    x.shape[-1] % group_size == 0
AssertionError: the last dimension of `x` cannot be divisible by `group_size`
2026-05-12 09:19:30,542|ERROR|Worker-worker_0|worker|Task sglang.gemm:run_gemm:['fp8_block', 17820, 5120, 1728] failed
Traceback (most recent call last):
  File "/workspace/collector/collect.py", line 364, in worker
    func(*task, device=device)
  File "/workspace/collector/sglang/collect_gemm.py", line 348, in run_gemm
    with benchmark_with_power(
         ^^^^^^^^^^^^^^^^^^^^^
  File "/usr/lib/python3.12/contextlib.py", line 137, in __enter__
    return next(self.gen)
           ^^^^^^^^^^^^^^
  File "/workspace/collector/helper.py", line 245, in benchmark_with_power
    kernel_func()
  File "/workspace/collector/sglang/collect_gemm.py", line 342, in kernel_func
    op()
  File "/workspace/collector/sglang/collect_gemm.py", line 285, in gemm_op
    a_fp8, scale_a = sglang_per_token_group_quant_fp8(
                     ^^^^^^^^^^^^^^^^^^^^^^^^^^^^^^^^^
  File "/sgl-workspace/sglang/python/sglang/srt/layers/quantization/fp8_kernel.py", line 494, in sglang_per_token_group_quant_fp8
    x.shape[-1] % group_size == 0
AssertionError: the last dimension of `x` cannot be divisible by `group_size`
2026-05-12 09:19:43,704|ERROR|Worker-worker_0|worker|Task sglang.gemm:run_gemm:['fp8_block', 257, 5120, 1728] failed
Traceback (most recent call last):
  File "/workspace/collector/collect.py", line 364, in worker
    func(*task, device=device)
  File "/workspace/collector/sglang/collect_gemm.py", line 348, in run_gemm
    with benchmark_with_power(
         ^^^^^^^^^^^^^^^^^^^^^
  File "/usr/lib/python3.12/contextlib.py", line 137, in __enter__
    return next(self.gen)
           ^^^^^^^^^^^^^^
  File "/workspace/collector/helper.py", line 245, in benchmark_with_power
    kernel_func()
  File "/workspace/collector/sglang/collect_gemm.py", line 342, in kernel_func
    op()
  File "/workspace/collector/sglang/collect_gemm.py", line 285, in gemm_op
    a_fp8, scale_a = sglang_per_token_group_quant_fp8(
                     ^^^^^^^^^^^^^^^^^^^^^^^^^^^^^^^^^
  File "/sgl-workspace/sglang/python/sglang/srt/layers/quantization/fp8_kernel.py", line 494, in sglang_per_token_group_quant_fp8
    x.shape[-1] % group_size == 0
AssertionError: the last dimension of `x` cannot be divisible by `group_size`
2026-05-12 09:20:03,991|ERROR|Worker-worker_0|worker|Task sglang.gemm:run_gemm:['fp8_block', 15795, 5120, 1728] failed
Traceback (most recent call last):
  File "/workspace/collector/collect.py", line 364, in worker
    func(*task, device=device)
  File "/workspace/collector/sglang/collect_gemm.py", line 348, in run_gemm
    with benchmark_with_power(
         ^^^^^^^^^^^^^^^^^^^^^
  File "/usr/lib/python3.12/contextlib.py", line 137, in __enter__
    return next(self.gen)
           ^^^^^^^^^^^^^^
  File "/workspace/collector/helper.py", line 245, in benchmark_with_power
    kernel_func()
  File "/workspace/collector/sglang/collect_gemm.py", line 342, in kernel_func
    op()
  File "/workspace/collector/sglang/collect_gemm.py", line 285, in gemm_op
    a_fp8, scale_a = sglang_per_token_group_quant_fp8(
                     ^^^^^^^^^^^^^^^^^^^^^^^^^^^^^^^^^
  File "/sgl-workspace/sglang/python/sglang/srt/layers/quantization/fp8_kernel.py", line 494, in sglang_per_token_group_quant_fp8
    x.shape[-1] % group_size == 0
AssertionError: the last dimension of `x` cannot be divisible by `group_size`
2026-05-12 09:20:19,334|ERROR|Worker-worker_0|worker|Task sglang.gemm:run_gemm:['fp8_block', 43120, 5120, 1728] failed
Traceback (most recent call last):
  File "/workspace/collector/collect.py", line 364, in worker
    func(*task, device=device)
  File "/workspace/collector/sglang/collect_gemm.py", line 348, in run_gemm
    with benchmark_with_power(
         ^^^^^^^^^^^^^^^^^^^^^
  File "/usr/lib/python3.12/contextlib.py", line 137, in __enter__
    return next(self.gen)
           ^^^^^^^^^^^^^^
  File "/workspace/collector/helper.py", line 245, in benchmark_with_power
    kernel_func()
  File "/workspace/collector/sglang/collect_gemm.py", line 342, in kernel_func
    op()
  File "/workspace/collector/sglang/collect_gemm.py", line 285, in gemm_op
    a_fp8, scale_a = sglang_per_token_group_quant_fp8(
                     ^^^^^^^^^^^^^^^^^^^^^^^^^^^^^^^^^
  File "/sgl-workspace/sglang/python/sglang/srt/layers/quantization/fp8_kernel.py", line 494, in sglang_per_token_group_quant_fp8
    x.shape[-1] % group_size == 0
AssertionError: the last dimension of `x` cannot be divisible by `group_size`
2026-05-12 09:20:38,515|ERROR|Worker-worker_0|worker|Task sglang.gemm:run_gemm:['fp8_block', 26620, 5120, 1728] failed
Traceback (most recent call last):
  File "/workspace/collector/collect.py", line 364, in worker
    func(*task, device=device)
  File "/workspace/collector/sglang/collect_gemm.py", line 348, in run_gemm
    with benchmark_with_power(
         ^^^^^^^^^^^^^^^^^^^^^
  File "/usr/lib/python3.12/contextlib.py", line 137, in __enter__
    return next(self.gen)
           ^^^^^^^^^^^^^^
  File "/workspace/collector/helper.py", line 245, in benchmark_with_power
    kernel_func()
  File "/workspace/collector/sglang/collect_gemm.py", line 342, in kernel_func
    op()
  File "/workspace/collector/sglang/collect_gemm.py", line 285, in gemm_op
    a_fp8, scale_a = sglang_per_token_group_quant_fp8(
                     ^^^^^^^^^^^^^^^^^^^^^^^^^^^^^^^^^
  File "/sgl-workspace/sglang/python/sglang/srt/layers/quantization/fp8_kernel.py", line 494, in sglang_per_token_group_quant_fp8
    x.shape[-1] % group_size == 0
AssertionError: the last dimension of `x` cannot be divisible by `group_size`
2026-05-12 09:20:42,295|ERROR|Worker-worker_0|worker|Task sglang.gemm:run_gemm:['fp8_block', 19110, 5120, 1728] failed
Traceback (most recent call last):
  File "/workspace/collector/collect.py", line 364, in worker
    func(*task, device=device)
  File "/workspace/collector/sglang/collect_gemm.py", line 348, in run_gemm
    with benchmark_with_power(
         ^^^^^^^^^^^^^^^^^^^^^
  File "/usr/lib/python3.12/contextlib.py", line 137, in __enter__
    return next(self.gen)
           ^^^^^^^^^^^^^^
  File "/workspace/collector/helper.py", line 245, in benchmark_with_power
    kernel_func()
  File "/workspace/collector/sglang/collect_gemm.py", line 342, in kernel_func
    op()
  File "/workspace/collector/sglang/collect_gemm.py", line 285, in gemm_op
    a_fp8, scale_a = sglang_per_token_group_quant_fp8(
                     ^^^^^^^^^^^^^^^^^^^^^^^^^^^^^^^^^
  File "/sgl-workspace/sglang/python/sglang/srt/layers/quantization/fp8_kernel.py", line 494, in sglang_per_token_group_quant_fp8
    x.shape[-1] % group_size == 0
AssertionError: the last dimension of `x` cannot be divisible by `group_size`
2026-05-12 09:20:59,144|ERROR|Worker-worker_0|worker|Task sglang.gemm:run_gemm:['fp8_block', 2389, 5120, 1728] failed
Traceback (most recent call last):
  File "/workspace/collector/collect.py", line 364, in worker
    func(*task, device=device)
  File "/workspace/collector/sglang/collect_gemm.py", line 348, in run_gemm
    with benchmark_with_power(
         ^^^^^^^^^^^^^^^^^^^^^
  File "/usr/lib/python3.12/contextlib.py", line 137, in __enter__
    return next(self.gen)
           ^^^^^^^^^^^^^^
  File "/workspace/collector/helper.py", line 245, in benchmark_with_power
    kernel_func()
  File "/workspace/collector/sglang/collect_gemm.py", line 342, in kernel_func
    op()
  File "/workspace/collector/sglang/collect_gemm.py", line 285, in gemm_op
    a_fp8, scale_a = sglang_per_token_group_quant_fp8(
                     ^^^^^^^^^^^^^^^^^^^^^^^^^^^^^^^^^
  File "/sgl-workspace/sglang/python/sglang/srt/layers/quantization/fp8_kernel.py", line 494, in sglang_per_token_group_quant_fp8
    x.shape[-1] % group_size == 0
AssertionError: the last dimension of `x` cannot be divisible by `group_size`
2026-05-12 09:21:11,934|ERROR|Worker-worker_0|worker|Task sglang.gemm:run_gemm:['fp8_block', 31590, 5120, 1728] failed
Traceback (most recent call last):
  File "/workspace/collector/collect.py", line 364, in worker
    func(*task, device=device)
  File "/workspace/collector/sglang/collect_gemm.py", line 348, in run_gemm
    with benchmark_with_power(
         ^^^^^^^^^^^^^^^^^^^^^
  File "/usr/lib/python3.12/contextlib.py", line 137, in __enter__
    return next(self.gen)
           ^^^^^^^^^^^^^^
  File "/workspace/collector/helper.py", line 245, in benchmark_with_power
    kernel_func()
  File "/workspace/collector/sglang/collect_gemm.py", line 342, in kernel_func
    op()
  File "/workspace/collector/sglang/collect_gemm.py", line 285, in gemm_op
    a_fp8, scale_a = sglang_per_token_group_quant_fp8(
                     ^^^^^^^^^^^^^^^^^^^^^^^^^^^^^^^^^
  File "/sgl-workspace/sglang/python/sglang/srt/layers/quantization/fp8_kernel.py", line 494, in sglang_per_token_group_quant_fp8
    x.shape[-1] % group_size == 0
AssertionError: the last dimension of `x` cannot be divisible by `group_size`
2026-05-12 09:21:46,031|ERROR|Worker-worker_0|worker|Task sglang.gemm:run_gemm:['fp8_block', 5899, 5120, 1728] failed
Traceback (most recent call last):
  File "/workspace/collector/collect.py", line 364, in worker
    func(*task, device=device)
  File "/workspace/collector/sglang/collect_gemm.py", line 348, in run_gemm
    with benchmark_with_power(
         ^^^^^^^^^^^^^^^^^^^^^
  File "/usr/lib/python3.12/contextlib.py", line 137, in __enter__
    return next(self.gen)
           ^^^^^^^^^^^^^^
  File "/workspace/collector/helper.py", line 245, in benchmark_with_power
    kernel_func()
  File "/workspace/collector/sglang/collect_gemm.py", line 342, in kernel_func
    op()
  File "/workspace/collector/sglang/collect_gemm.py", line 285, in gemm_op
    a_fp8, scale_a = sglang_per_token_group_quant_fp8(
                     ^^^^^^^^^^^^^^^^^^^^^^^^^^^^^^^^^
  File "/sgl-workspace/sglang/python/sglang/srt/layers/quantization/fp8_kernel.py", line 494, in sglang_per_token_group_quant_fp8
    x.shape[-1] % group_size == 0
AssertionError: the last dimension of `x` cannot be divisible by `group_size`
2026-05-12 09:21:48,002|ERROR|Worker-worker_0|worker|Task sglang.gemm:run_gemm:['fp8_block', 53240, 5120, 1728] failed
Traceback (most recent call last):
  File "/workspace/collector/collect.py", line 364, in worker
    func(*task, device=device)
  File "/workspace/collector/sglang/collect_gemm.py", line 348, in run_gemm
    with benchmark_with_power(
         ^^^^^^^^^^^^^^^^^^^^^
  File "/usr/lib/python3.12/contextlib.py", line 137, in __enter__
    return next(self.gen)
           ^^^^^^^^^^^^^^
  File "/workspace/collector/helper.py", line 245, in benchmark_with_power
    kernel_func()
  File "/workspace/collector/sglang/collect_gemm.py", line 342, in kernel_func
    op()
  File "/workspace/collector/sglang/collect_gemm.py", line 285, in gemm_op
    a_fp8, scale_a = sglang_per_token_group_quant_fp8(
                     ^^^^^^^^^^^^^^^^^^^^^^^^^^^^^^^^^
  File "/sgl-workspace/sglang/python/sglang/srt/layers/quantization/fp8_kernel.py", line 494, in sglang_per_token_group_quant_fp8
    x.shape[-1] % group_size == 0
AssertionError: the last dimension of `x` cannot be divisible by `group_size`
2026-05-12 09:22:14,866|ERROR|Worker-worker_0|worker|Task sglang.gemm:run_gemm:['fp8_block', 106480, 5120, 1728] failed
Traceback (most recent call last):
  File "/workspace/collector/collect.py", line 364, in worker
    func(*task, device=device)
  File "/workspace/collector/sglang/collect_gemm.py", line 348, in run_gemm
    with benchmark_with_power(
         ^^^^^^^^^^^^^^^^^^^^^
  File "/usr/lib/python3.12/contextlib.py", line 137, in __enter__
    return next(self.gen)
           ^^^^^^^^^^^^^^
  File "/workspace/collector/helper.py", line 245, in benchmark_with_power
    kernel_func()
  File "/workspace/collector/sglang/collect_gemm.py", line 342, in kernel_func
    op()
  File "/workspace/collector/sglang/collect_gemm.py", line 285, in gemm_op
    a_fp8, scale_a = sglang_per_token_group_quant_fp8(
                     ^^^^^^^^^^^^^^^^^^^^^^^^^^^^^^^^^
  File "/sgl-workspace/sglang/python/sglang/srt/layers/quantization/fp8_kernel.py", line 494, in sglang_per_token_group_quant_fp8
    x.shape[-1] % group_size == 0
AssertionError: the last dimension of `x` cannot be divisible by `group_size`
2026-05-12 09:22:15,781|ERROR|Worker-worker_0|worker|Task sglang.gemm:run_gemm:['fp8_block', 5390, 5120, 1728] failed
Traceback (most recent call last):
  File "/workspace/collector/collect.py", line 364, in worker
    func(*task, device=device)
  File "/workspace/collector/sglang/collect_gemm.py", line 348, in run_gemm
    with benchmark_with_power(
         ^^^^^^^^^^^^^^^^^^^^^
  File "/usr/lib/python3.12/contextlib.py", line 137, in __enter__
    return next(self.gen)
           ^^^^^^^^^^^^^^
  File "/workspace/collector/helper.py", line 245, in benchmark_with_power
    kernel_func()
  File "/workspace/collector/sglang/collect_gemm.py", line 342, in kernel_func
    op()
  File "/workspace/collector/sglang/collect_gemm.py", line 285, in gemm_op
    a_fp8, scale_a = sglang_per_token_group_quant_fp8(
                     ^^^^^^^^^^^^^^^^^^^^^^^^^^^^^^^^^
  File "/sgl-workspace/sglang/python/sglang/srt/layers/quantization/fp8_kernel.py", line 494, in sglang_per_token_group_quant_fp8
    x.shape[-1] % group_size == 0
AssertionError: the last dimension of `x` cannot be divisible by `group_size`
2026-05-12 09:22:28,094|ERROR|Worker-worker_0|worker|Task sglang.gemm:run_gemm:['fp8_block', 9555, 5120, 1728] failed
Traceback (most recent call last):
  File "/workspace/collector/collect.py", line 364, in worker
    func(*task, device=device)
  File "/workspace/collector/sglang/collect_gemm.py", line 348, in run_gemm
    with benchmark_with_power(
         ^^^^^^^^^^^^^^^^^^^^^
  File "/usr/lib/python3.12/contextlib.py", line 137, in __enter__
    return next(self.gen)
           ^^^^^^^^^^^^^^
  File "/workspace/collector/helper.py", line 245, in benchmark_with_power
    kernel_func()
  File "/workspace/collector/sglang/collect_gemm.py", line 342, in kernel_func
    op()
  File "/workspace/collector/sglang/collect_gemm.py", line 285, in gemm_op
    a_fp8, scale_a = sglang_per_token_group_quant_fp8(
                     ^^^^^^^^^^^^^^^^^^^^^^^^^^^^^^^^^
  File "/sgl-workspace/sglang/python/sglang/srt/layers/quantization/fp8_kernel.py", line 494, in sglang_per_token_group_quant_fp8
    x.shape[-1] % group_size == 0
AssertionError: the last dimension of `x` cannot be divisible by `group_size`
2026-05-12 09:22:48,854|ERROR|Worker-worker_0|worker|Task sglang.gemm:run_gemm:['fp8_block', 10780, 5120, 1728] failed
Traceback (most recent call last):
  File "/workspace/collector/collect.py", line 364, in worker
    func(*task, device=device)
  File "/workspace/collector/sglang/collect_gemm.py", line 348, in run_gemm
    with benchmark_with_power(
         ^^^^^^^^^^^^^^^^^^^^^
  File "/usr/lib/python3.12/contextlib.py", line 137, in __enter__
    return next(self.gen)
           ^^^^^^^^^^^^^^
  File "/workspace/collector/helper.py", line 245, in benchmark_with_power
    kernel_func()
  File "/workspace/collector/sglang/collect_gemm.py", line 342, in kernel_func
    op()
  File "/workspace/collector/sglang/collect_gemm.py", line 285, in gemm_op
    a_fp8, scale_a = sglang_per_token_group_quant_fp8(
                     ^^^^^^^^^^^^^^^^^^^^^^^^^^^^^^^^^
  File "/sgl-workspace/sglang/python/sglang/srt/layers/quantization/fp8_kernel.py", line 494, in sglang_per_token_group_quant_fp8
    x.shape[-1] % group_size == 0
AssertionError: the last dimension of `x` cannot be divisible by `group_size`
2026-05-12 09:23:06,726|ERROR|root|parallel_run|sglang.gemm: Completed with 25 errors
2026-05-12 09:23:06,727|ERROR|root|parallel_run|Error details saved to gemm_20260512_091305/errors_sglang.gemm.json
2026-05-12 09:23:06,729|INFO|root|generate_collection_summary|============================================================
2026-05-12 09:23:06,729|INFO|root|generate_collection_summary|COLLECTION SUMMARY - sglang v0.5.10.post1
2026-05-12 09:23:06,729|INFO|root|generate_collection_summary|============================================================
2026-05-12 09:23:06,729|INFO|root|generate_collection_summary|Total errors: 25
2026-05-12 09:23:06,729|INFO|root|generate_collection_summary|
Errors by module:
2026-05-12 09:23:06,729|INFO|root|generate_collection_summary|  sglang.gemm: 25
2026-05-12 09:23:06,729|INFO|root|generate_collection_summary|
Errors by type:
2026-05-12 09:23:06,730|INFO|root|generate_collection_summary|  AssertionError: 25
2026-05-12 09:23:06,730|INFO|root|generate_collection_summary|
Detailed error report saved to: gemm_20260512_091305/collection_summary_sglang.json
