2026-05-12 09:08:19,357|INFO|root|main|Starting collection with 1 GPU processes
2026-05-12 09:08:19,366|INFO|root|collect_sglang|SGLang version: 0.5.10.post1
2026-05-12 09:08:19,412|INFO|root|collect_module_safe|Starting collection: sglang.wan_patch_embed
2026-05-12 09:08:19,412|INFO|root|collect_module_safe|Generated 15 test cases for sglang.wan_patch_embed
2026-05-12 09:08:20,797|INFO|root|start_process|Started worker process 182 on device 0
2026-05-12 09:08:22,428|INFO|Worker-worker_0|worker|Worker 0 initialized for sglang.wan_patch_embed
2026-05-12 09:08:24,299|INFO|root|parallel_run|sglang.wan_patch_embed: Completed successfully with no errors
2026-05-12 09:08:24,300|INFO|root|collect_module_safe|Starting collection: sglang.wan_rope
2026-05-12 09:08:24,300|INFO|root|collect_module_safe|Generated 132 test cases for sglang.wan_rope
2026-05-12 09:08:25,753|INFO|root|start_process|Started worker process 336 on device 0
2026-05-12 09:08:27,404|INFO|Worker-worker_0|worker|Worker 0 initialized for sglang.wan_rope
2026-05-12 09:08:39,766|INFO|root|parallel_run|sglang.wan_rope: Completed successfully with no errors
2026-05-12 09:08:39,767|INFO|root|collect_module_safe|Starting collection: sglang.wan_attention
2026-05-12 09:08:39,771|INFO|root|collect_module_safe|Generated 485 test cases for sglang.wan_attention
2026-05-12 09:08:41,225|INFO|root|start_process|Started worker process 561 on device 0
2026-05-12 09:08:42,890|INFO|Worker-worker_0|worker|Worker 0 initialized for sglang.wan_attention
2026-05-12 09:08:58,568|INFO|root|parallel_run|sglang.wan_attention: Completed successfully with no errors
2026-05-12 09:08:58,570|INFO|root|collect_module_safe|Starting collection: sglang.wan_elementwise
2026-05-12 09:08:58,571|INFO|root|collect_module_safe|Generated 96 test cases for sglang.wan_elementwise
2026-05-12 09:09:00,026|INFO|root|start_process|Started worker process 781 on device 0
2026-05-12 09:09:01,735|INFO|Worker-worker_0|worker|Worker 0 initialized for sglang.wan_elementwise
2026-05-12 09:09:17,026|INFO|root|parallel_run|sglang.wan_elementwise: Completed successfully with no errors
2026-05-12 09:09:17,027|INFO|root|generate_collection_summary|============================================================
2026-05-12 09:09:17,027|INFO|root|generate_collection_summary|COLLECTION SUMMARY - sglang v0.5.10.post1
2026-05-12 09:09:17,027|INFO|root|generate_collection_summary|============================================================
2026-05-12 09:09:17,027|INFO|root|generate_collection_summary|Total errors: 0
2026-05-12 09:09:17,027|INFO|root|generate_collection_summary|
Detailed error report saved to: wan_patch_embed+wan_rope+wan_attention+wan_elementwise_20260512_090819/collection_summary_sglang.json
