2026-05-11 18:09:57,760|INFO|root|main|Starting collection with 2 GPU processes
2026-05-11 18:09:57,769|INFO|root|collect_sglang|SGLang version: 0.5.10
2026-05-11 18:09:57,783|WARNING|py.warnings|_showwarnmsg|/home/ai_lab/ljc/scale-up-sim/aiconfigurator/collector/sglang/collect_wan_attention.py:8: UserWarning: pkg_resources is deprecated as an API. See https://setuptools.pypa.io/en/latest/pkg_resources.html. The pkg_resources package is slated for removal as early as 2025-11-30. Refrain from using this package or pin to Setuptools<81.
  import pkg_resources

2026-05-11 18:09:57,802|INFO|root|collect_module_safe|Starting collection: sglang.wan_attention
2026-05-11 18:09:57,804|INFO|root|collect_module_safe|Generated 1 test cases for sglang.wan_attention
2026-05-11 18:09:59,331|INFO|root|start_process|Started worker process 3531972 on device 0
2026-05-11 18:09:59,354|INFO|root|start_process|Started worker process 3531974 on device 1
2026-05-11 18:10:01,114|INFO|Worker-worker_0|worker|Worker 0 initialized for sglang.wan_attention
2026-05-11 18:10:01,552|INFO|Worker-worker_1|worker|Worker 1 initialized for sglang.wan_attention
2026-05-11 18:10:02,611|INFO|root|parallel_run|sglang.wan_attention: Completed successfully with no errors
2026-05-11 18:10:02,613|INFO|root|collect_module_safe|Starting collection: sglang.wan_elementwise
2026-05-11 18:10:02,613|INFO|root|collect_module_safe|Generated 1 test cases for sglang.wan_elementwise
2026-05-11 18:10:03,638|INFO|root|start_process|Started worker process 3532558 on device 0
2026-05-11 18:10:03,638|INFO|root|start_process|Started worker process 3532559 on device 1
2026-05-11 18:10:05,827|INFO|Worker-worker_1|worker|Worker 1 initialized for sglang.wan_elementwise
2026-05-11 18:10:05,960|INFO|Worker-worker_0|worker|Worker 0 initialized for sglang.wan_elementwise
2026-05-11 18:10:06,867|INFO|root|parallel_run|sglang.wan_elementwise: Completed successfully with no errors
2026-05-11 18:10:06,868|INFO|root|generate_collection_summary|============================================================
2026-05-11 18:10:06,868|INFO|root|generate_collection_summary|COLLECTION SUMMARY - sglang v0.5.10
2026-05-11 18:10:06,868|INFO|root|generate_collection_summary|============================================================
2026-05-11 18:10:06,868|INFO|root|generate_collection_summary|Total errors: 0
2026-05-11 18:10:06,868|INFO|root|generate_collection_summary|
Detailed error report saved to: wan_attention+wan_elementwise_20260511_180956/collection_summary_sglang.json
