16:36:05 [aiconfigurator] [I] [run.py:46] Writing Wan2.2 estimate log to /home/ai_lab/ljc/scale-up-sim/aiconfigurator/src/aiconfigurator/sdk/[self]cli/logs/wan2_2_estimate_20260519_163605.log
16:36:05 [aiconfigurator] [I] [run.py:47] Wan2.2 estimate input:
{'model_path': 'Wan-AI/Wan2.2-T2V-A14B-Diffusers',
 'system_name': 'h100_sxm',
 'backend_name': 'sglang',
 'backend_version': '0.5.10.post1-wan2.2-main0519-2',
 'database_mode': 'HYBRID',
 'isl': 1,
 'osl': 1,
 'batch_size': 1,
 'tp_size': 1,
 'video_height': 720,
 'video_width': 1280,
 'video_frames': 121,
 'denoising_steps': 50,
 'sp_size': 4,
 'ulysses_degree': 2,
 'ring_degree': 2}
16:36:05 [aiconfigurator] [I] [utils.py:1064] Quant inference result: quant_algo=None, kv_cache_quant_algo=None, quant_dynamic=None
16:36:05 [aiconfigurator] [I] [utils.py:1171] Loaded model config for Wan-AI/Wan2.2-T2V-A14B-Diffusers: architecture=WanTransformer3DModel, layers=40, n=40, n_kv=40, d=128, hidden_size=5120, inter_size=13824, vocab=16, context=131072, topk=0, num_experts=0, moe_inter_size=0, extra_params={'wan_model': 'Wan2.2-T2V-A14B', 'task': 't2v', 'height': 720, 'width': 1280, 'frames': 121, 'has_image_context': False, 'latent_channels': 16, 'patch_in_channels': 16, 'patch_size': (1, 2, 2), 'vae_stride': (4, 16, 16), 'text_tokens': 512, 'image_tokens': 257, 'denoising_steps': 50, 'freq_dim': 256, 'text_dim': 4096, 'ffn_dim': 13824, 't5_d_model': 4096, 't5_d_ff': 10240, 't5_num_heads': 64, 't5_d_kv': 64, 't5_num_layers': 24, 'clip_hidden_size': 768, 'clip_intermediate_size': 3072, 'clip_num_heads': 12, 'clip_head_dim': 64, 'clip_tokens': 50, 'clip_num_layers': 12, 'vae_base_dim': 96, 'vae_dim_mult': (1, 2, 4, 4), 'vae_temporal_downsample': (False, True, True), 'scheduler_num_train_timesteps': 1000, 'dit_architecture': 'WanTransformer3DModel'}
16:36:05 [aiconfigurator] [I] [models.py:176] Resolved quant modes for WanTransformer3DModel: gemm=GEMMQuantMode.bfloat16 moe=MoEQuantMode.bfloat16 kvcache=KVCacheQuantMode.bfloat16 fmha=FMHAQuantMode.bfloat16 comm=CommQuantMode.half
16:36:05 [aiconfigurator] [I] [perf_database.py:274] Loading database for system='h100_sxm', backend='sglang', version='0.5.10.post1-wan2.2-main0519-2'
16:36:05 [aiconfigurator] [I] [perf_database.py:2798] Merged GEMM fallback data for Wan profile: primary=/home/ai_lab/ljc/scale-up-sim/aiconfigurator/src/aiconfigurator/systems/data/h100_sxm/sglang/0.5.10.post1-wan2.2-main0519-2/gemm_perf.txt fallback=/home/ai_lab/ljc/scale-up-sim/aiconfigurator/src/aiconfigurator/systems/data/h100_sxm/sglang/0.5.10/gemm_perf.txt
16:36:07 [aiconfigurator] [I] [run.py:60] Raw estimate result:
{'model': 'Wan-AI/Wan2.2-T2V-A14B-Diffusers',
 'isl': 1,
 'osl': 1,
 'prefix': 0,
 'concurrency': 1,
 'request_rate': 0.0,
 'bs': 1,
 'global_bs': 1,
 'ttft': 157731.19490387966,
 'tpot': 0.0,
 'seq/s': 0.006339899983699442,
 'seq/s/gpu': 0.006339899983699442,
 'tokens/s': 0.006339899983699442,
 'tokens/s/gpu': 0.006339899983699442,
 'tokens/s/user': 0.0,
 'request_latency': 157731.19490387966,
 'context_latency': 157731.19490387966,
 'generation_latency': 0,
 'num_total_gpus': 4,
 'tp': 1,
 'pp': 1,
 'dp': 1,
 'moe_tp': 1,
 'moe_ep': 1,
 'parallel': 'tp1pp1dp1sp4u2r2etp1ep1',
 'gemm': 'bfloat16',
 'kvcache': 'bfloat16',
 'fmha': 'bfloat16',
 'moe': 'bfloat16',
 'comm': 'half',
 'memory': 1349.194474709034,
 'backend': 'sglang',
 'version': '0.5.10.post1-wan2.2-main0519-2',
 'system': 'h100_sxm',
 'power_w': 0.0,
 'sp': 4,
 'sp_size': 4,
 'ulysses_degree': 2,
 'ring_degree': 2,
 'sp_algorithm': 'usp',
 'wan_batch_model': 'serial_single_video_collect'}
