15:52:35 [aiconfigurator] [I] [run.py:46] Writing Wan2.2 estimate log to /home/ai_lab/ljc/scale-up-sim/aiconfigurator/src/aiconfigurator/sdk/[self]cli/logs/wan2_2_estimate_20260519_155235.log
15:52:35 [aiconfigurator] [I] [run.py:47] Wan2.2 estimate input:
{'model_path': 'Wan-AI/Wan2.2-T2V-A14B-Diffusers',
 'system_name': 'h100_sxm',
 'backend_name': 'sglang',
 'backend_version': '0.5.10.post1-wan2.2-main0519',
 'database_mode': 'HYBRID',
 'isl': 1,
 'osl': 1,
 'batch_size': 1,
 'tp_size': 1,
 'video_height': 720,
 'video_width': 1280,
 'video_frames': 121,
 'denoising_steps': 50,
 'sp_size': 16,
 'ulysses_degree': 4,
 'ring_degree': 4}
15:52:35 [aiconfigurator] [I] [utils.py:1064] Quant inference result: quant_algo=None, kv_cache_quant_algo=None, quant_dynamic=None
15:52:35 [aiconfigurator] [I] [utils.py:1171] Loaded model config for Wan-AI/Wan2.2-T2V-A14B-Diffusers: architecture=WanTransformer3DModel, layers=40, n=40, n_kv=40, d=128, hidden_size=5120, inter_size=13824, vocab=16, context=131072, topk=0, num_experts=0, moe_inter_size=0, extra_params={'wan_model': 'Wan2.2-T2V-A14B', 'task': 't2v', 'height': 720, 'width': 1280, 'frames': 121, 'has_image_context': False, 'latent_channels': 16, 'patch_in_channels': 16, 'patch_size': (1, 2, 2), 'vae_stride': (4, 16, 16), 'text_tokens': 512, 'image_tokens': 257, 'denoising_steps': 50, 'freq_dim': 256, 'text_dim': 4096, 'ffn_dim': 13824, 't5_d_model': 4096, 't5_d_ff': 10240, 't5_num_heads': 64, 't5_d_kv': 64, 't5_num_layers': 24, 'clip_hidden_size': 768, 'clip_intermediate_size': 3072, 'clip_num_heads': 12, 'clip_head_dim': 64, 'clip_tokens': 50, 'clip_num_layers': 12, 'vae_base_dim': 96, 'vae_dim_mult': (1, 2, 4, 4), 'vae_temporal_downsample': (False, True, True), 'scheduler_num_train_timesteps': 1000, 'dit_architecture': 'WanTransformer3DModel'}
15:52:35 [aiconfigurator] [I] [models.py:176] Resolved quant modes for WanTransformer3DModel: gemm=GEMMQuantMode.bfloat16 moe=MoEQuantMode.bfloat16 kvcache=KVCacheQuantMode.bfloat16 fmha=FMHAQuantMode.bfloat16 comm=CommQuantMode.half
15:52:35 [aiconfigurator] [I] [perf_database.py:274] Loading database for system='h100_sxm', backend='sglang', version='0.5.10.post1-wan2.2-main0519'
15:52:36 [aiconfigurator] [I] [perf_database.py:2798] Merged GEMM fallback data for Wan profile: primary=/home/ai_lab/ljc/scale-up-sim/aiconfigurator/src/aiconfigurator/systems/data/h100_sxm/sglang/0.5.10.post1-wan2.2-main0519/gemm_perf.txt fallback=/home/ai_lab/ljc/scale-up-sim/aiconfigurator/src/aiconfigurator/systems/data/h100_sxm/sglang/0.5.10/gemm_perf.txt
15:52:38 [aiconfigurator] [W] [perf_database.py:4483] Wan t5 query used nearest fallback: source=('/home/ai_lab/ljc/scale-up-sim/aiconfigurator/src/aiconfigurator/systems/data/h100_sxm/sglang/0.5.10.post1-wan2.2-main0519/wan_t5_perf.txt',) requested=('wan_t5_attention_compute_bias_softmax', 1, 512, 4096, 4, 64, 10240) nearest=('wan_t5_attention_compute_bias_softmax', 1, 512, 4096, 64, 64, 10240) result=nearest
15:52:38 [aiconfigurator] [W] [perf_database.py:4483] Wan t5 query used nearest fallback: source=('/home/ai_lab/ljc/scale-up-sim/aiconfigurator/src/aiconfigurator/systems/data/h100_sxm/sglang/0.5.10.post1-wan2.2-main0519/wan_t5_perf.txt',) requested=('wan_t5_ffn_gated_act_mul', 1, 512, 4096, 64, 64, 640) nearest=('wan_t5_ffn_gated_act_mul', 1, 512, 4096, 64, 64, 10240) result=nearest
15:52:38 [aiconfigurator] [W] [perf_database.py:4688] GEMM query used 3d interpolation: source=('/home/ai_lab/ljc/scale-up-sim/aiconfigurator/src/aiconfigurator/systems/data/h100_sxm/sglang/0.5.10.post1-wan2.2-main0519/gemm_perf.txt', '/home/ai_lab/ljc/scale-up-sim/aiconfigurator/src/aiconfigurator/systems/data/h100_sxm/sglang/0.5.10/gemm_perf.txt') m=512 n=4096 k=640 quant_mode=bfloat16
15:52:38 [aiconfigurator] [W] [perf_database.py:4483] Wan elementwise query used nearest fallback: source=('/home/ai_lab/ljc/scale-up-sim/aiconfigurator/src/aiconfigurator/systems/data/h100_sxm/sglang/0.5.10.post1-wan2.2-main0519/wan_elementwise_perf.txt',) requested=('fp32_layernorm_modulation', 1, 6655, 5120, 1) nearest=('fp32_layernorm_modulation', 1, 5899, 5120, 1) result=nearest
15:52:38 [aiconfigurator] [W] [perf_database.py:4675] GEMM query used 1d interpolation: source=('/home/ai_lab/ljc/scale-up-sim/aiconfigurator/src/aiconfigurator/systems/data/h100_sxm/sglang/0.5.10.post1-wan2.2-main0519/gemm_perf.txt', '/home/ai_lab/ljc/scale-up-sim/aiconfigurator/src/aiconfigurator/systems/data/h100_sxm/sglang/0.5.10/gemm_perf.txt') m=6655 n=5120 k=5120 quant_mode=bfloat16 bounds=(5899,7898)
15:52:38 [aiconfigurator] [W] [perf_database.py:4483] Wan elementwise query used nearest fallback: source=('/home/ai_lab/ljc/scale-up-sim/aiconfigurator/src/aiconfigurator/systems/data/h100_sxm/sglang/0.5.10.post1-wan2.2-main0519/wan_elementwise_perf.txt',) requested=('rmsnorm_qk', 1, 6655, 5120, 1) nearest=('rmsnorm_qk', 1, 5899, 5120, 1) result=nearest
15:52:38 [aiconfigurator] [W] [perf_database.py:4483] Wan rope query used nearest fallback: source=('/home/ai_lab/ljc/scale-up-sim/aiconfigurator/src/aiconfigurator/systems/data/h100_sxm/sglang/0.5.10.post1-wan2.2-main0519/wan_rope_perf.txt',) requested=(1, 26620, 10, 128, 1, 16, 'usp') nearest=(1, 23595, 10, 128, 1, 8, 'usp') result=nearest
15:52:38 [aiconfigurator] [W] [perf_database.py:4483] Wan attention query used nearest fallback: source=('/home/ai_lab/ljc/scale-up-sim/aiconfigurator/src/aiconfigurator/systems/data/h100_sxm/sglang/0.5.10.post1-wan2.2-main0519/wan_attention_perf.txt',) requested=('Wan2.2-T2V-A14B', 't2v', 'self_attn', 'fa', 1, 26620, 26620, 10, 128, 1, 16, 'usp') nearest=('Wan2.2-T2V-A14B', 't2v', 'self_attn', 'fa', 1, 23595, 23595, 10, 128, 1, 8, 'usp') result=nearest
15:52:38 [aiconfigurator] [W] [perf_database.py:4483] Wan elementwise query used nearest fallback: source=('/home/ai_lab/ljc/scale-up-sim/aiconfigurator/src/aiconfigurator/systems/data/h100_sxm/sglang/0.5.10.post1-wan2.2-main0519/wan_elementwise_perf.txt',) requested=('scale_residual_layernorm_scale_shift', 1, 6655, 5120, 1) nearest=('scale_residual_layernorm_scale_shift', 1, 5899, 5120, 1) result=nearest
15:52:38 [aiconfigurator] [W] [perf_database.py:4483] Wan elementwise query used nearest fallback: source=('/home/ai_lab/ljc/scale-up-sim/aiconfigurator/src/aiconfigurator/systems/data/h100_sxm/sglang/0.5.10.post1-wan2.2-main0519/wan_elementwise_perf.txt',) requested=('rmsnorm_qk', 1, 6655, 5120, 1) nearest=('rmsnorm_qk', 1, 5899, 5120, 1) result=nearest
15:52:38 [aiconfigurator] [W] [perf_database.py:4483] Wan attention query used nearest fallback: source=('/home/ai_lab/ljc/scale-up-sim/aiconfigurator/src/aiconfigurator/systems/data/h100_sxm/sglang/0.5.10.post1-wan2.2-main0519/wan_attention_perf.txt',) requested=('Wan2.2-T2V-A14B', 't2v', 'cross_attn_text', 'fa', 1, 6655, 512, 40, 128, 1, 16, 'cross_local') nearest=('Wan2.2-T2V-A14B', 't2v', 'cross_attn_text', 'fa', 1, 5899, 512, 40, 128, 1, 8, 'cross_local') result=nearest
15:52:38 [aiconfigurator] [W] [perf_database.py:4483] Wan elementwise query used nearest fallback: source=('/home/ai_lab/ljc/scale-up-sim/aiconfigurator/src/aiconfigurator/systems/data/h100_sxm/sglang/0.5.10.post1-wan2.2-main0519/wan_elementwise_perf.txt',) requested=('scale_residual_layernorm_scale_shift', 1, 6655, 5120, 1) nearest=('scale_residual_layernorm_scale_shift', 1, 5899, 5120, 1) result=nearest
15:52:38 [aiconfigurator] [W] [perf_database.py:4675] GEMM query used 1d interpolation: source=('/home/ai_lab/ljc/scale-up-sim/aiconfigurator/src/aiconfigurator/systems/data/h100_sxm/sglang/0.5.10.post1-wan2.2-main0519/gemm_perf.txt', '/home/ai_lab/ljc/scale-up-sim/aiconfigurator/src/aiconfigurator/systems/data/h100_sxm/sglang/0.5.10/gemm_perf.txt') m=6655 n=13824 k=5120 quant_mode=bfloat16 bounds=(5899,7898)
15:52:38 [aiconfigurator] [W] [perf_database.py:4675] GEMM query used 1d interpolation: source=('/home/ai_lab/ljc/scale-up-sim/aiconfigurator/src/aiconfigurator/systems/data/h100_sxm/sglang/0.5.10.post1-wan2.2-main0519/gemm_perf.txt', '/home/ai_lab/ljc/scale-up-sim/aiconfigurator/src/aiconfigurator/systems/data/h100_sxm/sglang/0.5.10/gemm_perf.txt') m=6655 n=5120 k=13824 quant_mode=bfloat16 bounds=(5899,7898)
15:52:38 [aiconfigurator] [W] [perf_database.py:4483] Wan elementwise query used nearest fallback: source=('/home/ai_lab/ljc/scale-up-sim/aiconfigurator/src/aiconfigurator/systems/data/h100_sxm/sglang/0.5.10.post1-wan2.2-main0519/wan_elementwise_perf.txt',) requested=('scale_residual', 1, 6655, 5120, 1) nearest=('scale_residual', 1, 5899, 5120, 1) result=nearest
15:52:38 [aiconfigurator] [W] [perf_database.py:4483] Wan vae query used nearest fallback: source=('/home/ai_lab/ljc/scale-up-sim/aiconfigurator/src/aiconfigurator/systems/data/h100_sxm/sglang/0.5.10.post1-wan2.2-main0519/wan_vae_perf.txt',) requested=('Wan2.2-T2V-A14B', 't2v', 'decode', 'decode_post_quant_conv', 1, 16, 16, 31, 2, 80, '1x1') nearest=('Wan2.2-T2V-A14B', 't2v', 'decode', 'decode_post_quant_conv', 1, 16, 16, 31, 4, 52, '1x1') result=nearest
15:52:38 [aiconfigurator] [W] [perf_database.py:4483] Wan vae query used nearest fallback: source=('/home/ai_lab/ljc/scale-up-sim/aiconfigurator/src/aiconfigurator/systems/data/h100_sxm/sglang/0.5.10.post1-wan2.2-main0519/wan_vae_perf.txt',) requested=('Wan2.2-T2V-A14B', 't2v', 'decode', 'decode_conv_in', 1, 16, 384, 1, 2, 80, '3x3x3') nearest=('Wan2.2-T2V-A14B', 't2v', 'decode', 'decode_conv_in', 1, 16, 384, 1, 4, 52, '3x3x3') result=nearest
15:52:38 [aiconfigurator] [W] [perf_database.py:4483] Wan vae query used nearest fallback: source=('/home/ai_lab/ljc/scale-up-sim/aiconfigurator/src/aiconfigurator/systems/data/h100_sxm/sglang/0.5.10.post1-wan2.2-main0519/wan_vae_perf.txt',) requested=('Wan2.2-T2V-A14B', 't2v', 'decode', 'decode_resblock_0_conv1', 1, 384, 384, 1, 2, 80, '3x3x3') nearest=('Wan2.2-T2V-A14B', 't2v', 'decode', 'decode_resblock_0_conv1', 1, 384, 384, 1, 4, 52, '3x3x3') result=nearest
15:52:38 [aiconfigurator] [W] [perf_database.py:4483] Wan vae query used nearest fallback: source=('/home/ai_lab/ljc/scale-up-sim/aiconfigurator/src/aiconfigurator/systems/data/h100_sxm/sglang/0.5.10.post1-wan2.2-main0519/wan_vae_perf.txt',) requested=('Wan2.2-T2V-A14B', 't2v', 'decode', 'decode_resblock_0_conv2', 1, 384, 384, 1, 2, 80, '3x3x3') nearest=('Wan2.2-T2V-A14B', 't2v', 'decode', 'decode_resblock_0_conv2', 1, 384, 384, 1, 4, 52, '3x3x3') result=nearest
15:52:38 [aiconfigurator] [W] [perf_database.py:4483] Wan vae query used nearest fallback: source=('/home/ai_lab/ljc/scale-up-sim/aiconfigurator/src/aiconfigurator/systems/data/h100_sxm/sglang/0.5.10.post1-wan2.2-main0519/wan_vae_perf.txt',) requested=('Wan2.2-T2V-A14B', 't2v', 'decode', 'decode_upsample3d_0_time_conv', 1, 384, 768, 1, 2, 80, '3x1x1') nearest=('Wan2.2-T2V-A14B', 't2v', 'decode', 'decode_upsample3d_0_time_conv', 1, 384, 768, 1, 4, 52, '3x1x1') result=nearest
15:52:38 [aiconfigurator] [W] [perf_database.py:4483] Wan vae query used nearest fallback: source=('/home/ai_lab/ljc/scale-up-sim/aiconfigurator/src/aiconfigurator/systems/data/h100_sxm/sglang/0.5.10.post1-wan2.2-main0519/wan_vae_perf.txt',) requested=('Wan2.2-T2V-A14B', 't2v', 'decode', 'decode_upsample2d_0_conv', 1, 384, 384, 1, 4, 160, '2d_3x3') nearest=('Wan2.2-T2V-A14B', 't2v', 'decode', 'decode_upsample2d_0_conv', 1, 384, 384, 1, 8, 104, '2d_3x3') result=nearest
15:52:38 [aiconfigurator] [W] [perf_database.py:4483] Wan vae query used nearest fallback: source=('/home/ai_lab/ljc/scale-up-sim/aiconfigurator/src/aiconfigurator/systems/data/h100_sxm/sglang/0.5.10.post1-wan2.2-main0519/wan_vae_perf.txt',) requested=('Wan2.2-T2V-A14B', 't2v', 'decode', 'decode_resblock_1_conv1', 1, 384, 384, 1, 4, 160, '3x3x3') nearest=('Wan2.2-T2V-A14B', 't2v', 'decode', 'decode_resblock_1_conv1', 1, 384, 384, 1, 8, 104, '3x3x3') result=nearest
15:52:38 [aiconfigurator] [W] [perf_database.py:4483] Wan vae query used nearest fallback: source=('/home/ai_lab/ljc/scale-up-sim/aiconfigurator/src/aiconfigurator/systems/data/h100_sxm/sglang/0.5.10.post1-wan2.2-main0519/wan_vae_perf.txt',) requested=('Wan2.2-T2V-A14B', 't2v', 'decode', 'decode_resblock_1_conv2', 1, 384, 384, 1, 4, 160, '3x3x3') nearest=('Wan2.2-T2V-A14B', 't2v', 'decode', 'decode_resblock_1_conv2', 1, 384, 384, 1, 8, 104, '3x3x3') result=nearest
15:52:38 [aiconfigurator] [W] [perf_database.py:4483] Wan vae query used nearest fallback: source=('/home/ai_lab/ljc/scale-up-sim/aiconfigurator/src/aiconfigurator/systems/data/h100_sxm/sglang/0.5.10.post1-wan2.2-main0519/wan_vae_perf.txt',) requested=('Wan2.2-T2V-A14B', 't2v', 'decode', 'decode_upsample3d_1_time_conv', 1, 384, 768, 1, 4, 160, '3x1x1') nearest=('Wan2.2-T2V-A14B', 't2v', 'decode', 'decode_upsample3d_1_time_conv', 1, 384, 768, 1, 8, 104, '3x1x1') result=nearest
15:52:38 [aiconfigurator] [W] [perf_database.py:4483] Wan vae query used nearest fallback: source=('/home/ai_lab/ljc/scale-up-sim/aiconfigurator/src/aiconfigurator/systems/data/h100_sxm/sglang/0.5.10.post1-wan2.2-main0519/wan_vae_perf.txt',) requested=('Wan2.2-T2V-A14B', 't2v', 'decode', 'decode_upsample2d_1_conv', 1, 384, 384, 1, 8, 320, '2d_3x3') nearest=('Wan2.2-T2V-A14B', 't2v', 'decode', 'decode_upsample2d_1_conv', 1, 384, 384, 1, 16, 208, '2d_3x3') result=nearest
15:52:38 [aiconfigurator] [W] [perf_database.py:4483] Wan vae query used nearest fallback: source=('/home/ai_lab/ljc/scale-up-sim/aiconfigurator/src/aiconfigurator/systems/data/h100_sxm/sglang/0.5.10.post1-wan2.2-main0519/wan_vae_perf.txt',) requested=('Wan2.2-T2V-A14B', 't2v', 'decode', 'decode_resblock_2_conv1', 1, 384, 192, 1, 8, 320, '3x3x3') nearest=('Wan2.2-T2V-A14B', 't2v', 'decode', 'decode_resblock_2_conv1', 1, 384, 192, 1, 16, 208, '3x3x3') result=nearest
15:52:38 [aiconfigurator] [W] [perf_database.py:4483] Wan vae query used nearest fallback: source=('/home/ai_lab/ljc/scale-up-sim/aiconfigurator/src/aiconfigurator/systems/data/h100_sxm/sglang/0.5.10.post1-wan2.2-main0519/wan_vae_perf.txt',) requested=('Wan2.2-T2V-A14B', 't2v', 'decode', 'decode_resblock_2_conv2', 1, 192, 192, 1, 8, 320, '3x3x3') nearest=('Wan2.2-T2V-A14B', 't2v', 'decode', 'decode_resblock_2_conv2', 1, 192, 192, 1, 16, 208, '3x3x3') result=nearest
15:52:38 [aiconfigurator] [W] [perf_database.py:4483] Wan vae query used nearest fallback: source=('/home/ai_lab/ljc/scale-up-sim/aiconfigurator/src/aiconfigurator/systems/data/h100_sxm/sglang/0.5.10.post1-wan2.2-main0519/wan_vae_perf.txt',) requested=('Wan2.2-T2V-A14B', 't2v', 'decode', 'decode_upsample2d_2_conv', 1, 192, 192, 1, 16, 640, '2d_3x3') nearest=('Wan2.2-T2V-A14B', 't2v', 'decode', 'decode_upsample2d_2_conv', 1, 192, 192, 1, 32, 416, '2d_3x3') result=nearest
15:52:38 [aiconfigurator] [W] [perf_database.py:4483] Wan vae query used nearest fallback: source=('/home/ai_lab/ljc/scale-up-sim/aiconfigurator/src/aiconfigurator/systems/data/h100_sxm/sglang/0.5.10.post1-wan2.2-main0519/wan_vae_perf.txt',) requested=('Wan2.2-T2V-A14B', 't2v', 'decode', 'decode_resblock_3_conv1', 1, 192, 96, 1, 16, 640, '3x3x3') nearest=('Wan2.2-T2V-A14B', 't2v', 'decode', 'decode_resblock_3_conv1', 1, 192, 96, 1, 32, 416, '3x3x3') result=nearest
15:52:38 [aiconfigurator] [W] [perf_database.py:4483] Wan vae query used nearest fallback: source=('/home/ai_lab/ljc/scale-up-sim/aiconfigurator/src/aiconfigurator/systems/data/h100_sxm/sglang/0.5.10.post1-wan2.2-main0519/wan_vae_perf.txt',) requested=('Wan2.2-T2V-A14B', 't2v', 'decode', 'decode_resblock_3_conv2', 1, 96, 96, 1, 16, 640, '3x3x3') nearest=('Wan2.2-T2V-A14B', 't2v', 'decode', 'decode_resblock_3_conv2', 1, 96, 96, 1, 32, 416, '3x3x3') result=nearest
15:52:38 [aiconfigurator] [W] [perf_database.py:4483] Wan vae query used nearest fallback: source=('/home/ai_lab/ljc/scale-up-sim/aiconfigurator/src/aiconfigurator/systems/data/h100_sxm/sglang/0.5.10.post1-wan2.2-main0519/wan_vae_perf.txt',) requested=('Wan2.2-T2V-A14B', 't2v', 'decode', 'decode_conv_out', 1, 96, 3, 1, 16, 640, '3x3x3') nearest=('Wan2.2-T2V-A14B', 't2v', 'decode', 'decode_conv_out', 1, 96, 3, 1, 32, 416, '3x3x3') result=nearest
15:52:38 [aiconfigurator] [W] [perf_database.py:4483] Wan vae_elementwise query used nearest fallback: source=('/home/ai_lab/ljc/scale-up-sim/aiconfigurator/src/aiconfigurator/systems/data/h100_sxm/sglang/0.5.10.post1-wan2.2-main0519/wan_vae_elementwise_perf.txt',) requested=('Wan2.2-T2V-A14B', 't2v', 'wan_vae_rms_norm_5d', 1, 96, 31, 12, 320) nearest=('Wan2.2-T2V-A14B', 't2v', 'wan_vae_rms_norm_5d', 1, 96, 31, 15, 208) result=nearest
15:52:38 [aiconfigurator] [W] [perf_database.py:4483] Wan vae_elementwise query used nearest fallback: source=('/home/ai_lab/ljc/scale-up-sim/aiconfigurator/src/aiconfigurator/systems/data/h100_sxm/sglang/0.5.10.post1-wan2.2-main0519/wan_vae_elementwise_perf.txt',) requested=('Wan2.2-T2V-A14B', 't2v', 'wan_vae_rms_norm_5d', 1, 192, 31, 6, 160) nearest=('Wan2.2-T2V-A14B', 't2v', 'wan_vae_rms_norm_5d', 1, 192, 31, 8, 104) result=nearest
15:52:38 [aiconfigurator] [W] [perf_database.py:4483] Wan vae_elementwise query used nearest fallback: source=('/home/ai_lab/ljc/scale-up-sim/aiconfigurator/src/aiconfigurator/systems/data/h100_sxm/sglang/0.5.10.post1-wan2.2-main0519/wan_vae_elementwise_perf.txt',) requested=('Wan2.2-T2V-A14B', 't2v', 'wan_vae_rms_norm_5d', 1, 384, 31, 3, 80) nearest=('Wan2.2-T2V-A14B', 't2v', 'wan_vae_rms_norm_5d', 1, 384, 31, 4, 52) result=nearest
15:52:38 [aiconfigurator] [W] [perf_database.py:4483] Wan vae_elementwise query used nearest fallback: source=('/home/ai_lab/ljc/scale-up-sim/aiconfigurator/src/aiconfigurator/systems/data/h100_sxm/sglang/0.5.10.post1-wan2.2-main0519/wan_vae_elementwise_perf.txt',) requested=('Wan2.2-T2V-A14B', 't2v', 'wan_vae_silu', 1, 96, 31, 12, 320) nearest=('Wan2.2-T2V-A14B', 't2v', 'wan_vae_silu', 1, 96, 31, 15, 208) result=nearest
15:52:38 [aiconfigurator] [W] [perf_database.py:4483] Wan vae_elementwise query used nearest fallback: source=('/home/ai_lab/ljc/scale-up-sim/aiconfigurator/src/aiconfigurator/systems/data/h100_sxm/sglang/0.5.10.post1-wan2.2-main0519/wan_vae_elementwise_perf.txt',) requested=('Wan2.2-T2V-A14B', 't2v', 'wan_vae_silu', 1, 192, 31, 6, 160) nearest=('Wan2.2-T2V-A14B', 't2v', 'wan_vae_silu', 1, 192, 31, 8, 104) result=nearest
15:52:38 [aiconfigurator] [W] [perf_database.py:4483] Wan vae_elementwise query used nearest fallback: source=('/home/ai_lab/ljc/scale-up-sim/aiconfigurator/src/aiconfigurator/systems/data/h100_sxm/sglang/0.5.10.post1-wan2.2-main0519/wan_vae_elementwise_perf.txt',) requested=('Wan2.2-T2V-A14B', 't2v', 'wan_vae_silu', 1, 384, 31, 3, 80) nearest=('Wan2.2-T2V-A14B', 't2v', 'wan_vae_silu', 1, 384, 31, 4, 52) result=nearest
15:52:38 [aiconfigurator] [W] [perf_database.py:4483] Wan vae_elementwise query used nearest fallback: source=('/home/ai_lab/ljc/scale-up-sim/aiconfigurator/src/aiconfigurator/systems/data/h100_sxm/sglang/0.5.10.post1-wan2.2-main0519/wan_vae_elementwise_perf.txt',) requested=('Wan2.2-T2V-A14B', 't2v', 'wan_vae_avg_down3d', 1, 96, 1, 12, 320) nearest=('Wan2.2-T2V-A14B', 't2v', 'wan_vae_avg_down3d', 1, 96, 1, 14, 208) result=nearest
15:52:38 [aiconfigurator] [W] [perf_database.py:4483] Wan vae_elementwise query used nearest fallback: source=('/home/ai_lab/ljc/scale-up-sim/aiconfigurator/src/aiconfigurator/systems/data/h100_sxm/sglang/0.5.10.post1-wan2.2-main0519/wan_vae_elementwise_perf.txt',) requested=('Wan2.2-T2V-A14B', 't2v', 'wan_vae_avg_down3d', 1, 192, 1, 6, 160) nearest=('Wan2.2-T2V-A14B', 't2v', 'wan_vae_avg_down3d', 1, 192, 1, 8, 104) result=nearest
15:52:38 [aiconfigurator] [W] [perf_database.py:4483] Wan vae_elementwise query used nearest fallback: source=('/home/ai_lab/ljc/scale-up-sim/aiconfigurator/src/aiconfigurator/systems/data/h100_sxm/sglang/0.5.10.post1-wan2.2-main0519/wan_vae_elementwise_perf.txt',) requested=('Wan2.2-T2V-A14B', 't2v', 'wan_vae_avg_down3d', 1, 384, 1, 2, 80) nearest=('Wan2.2-T2V-A14B', 't2v', 'wan_vae_avg_down3d', 1, 384, 1, 4, 52) result=nearest
15:52:38 [aiconfigurator] [W] [perf_database.py:4483] Wan vae_elementwise query used nearest fallback: source=('/home/ai_lab/ljc/scale-up-sim/aiconfigurator/src/aiconfigurator/systems/data/h100_sxm/sglang/0.5.10.post1-wan2.2-main0519/wan_vae_elementwise_perf.txt',) requested=('Wan2.2-T2V-A14B', 't2v', 'wan_vae_dup_up3d', 1, 96, 1, 12, 320) nearest=('Wan2.2-T2V-A14B', 't2v', 'wan_vae_dup_up3d', 1, 96, 1, 15, 208) result=nearest
15:52:38 [aiconfigurator] [W] [perf_database.py:4483] Wan vae_elementwise query used nearest fallback: source=('/home/ai_lab/ljc/scale-up-sim/aiconfigurator/src/aiconfigurator/systems/data/h100_sxm/sglang/0.5.10.post1-wan2.2-main0519/wan_vae_elementwise_perf.txt',) requested=('Wan2.2-T2V-A14B', 't2v', 'wan_vae_dup_up3d', 1, 192, 1, 6, 160) nearest=('Wan2.2-T2V-A14B', 't2v', 'wan_vae_dup_up3d', 1, 192, 1, 8, 104) result=nearest
15:52:38 [aiconfigurator] [W] [perf_database.py:4483] Wan vae_elementwise query used nearest fallback: source=('/home/ai_lab/ljc/scale-up-sim/aiconfigurator/src/aiconfigurator/systems/data/h100_sxm/sglang/0.5.10.post1-wan2.2-main0519/wan_vae_elementwise_perf.txt',) requested=('Wan2.2-T2V-A14B', 't2v', 'wan_vae_dup_up3d', 1, 384, 1, 3, 80) nearest=('Wan2.2-T2V-A14B', 't2v', 'wan_vae_dup_up3d', 1, 384, 1, 4, 52) result=nearest
15:52:38 [aiconfigurator] [W] [perf_database.py:4483] Wan vae_attention query used nearest fallback: source=('/home/ai_lab/ljc/scale-up-sim/aiconfigurator/src/aiconfigurator/systems/data/h100_sxm/sglang/0.5.10.post1-wan2.2-main0519/wan_vae_attention_perf.txt',) requested=('Wan2.2-T2V-A14B', 't2v', 1, 384, 1, 3, 80, 240) nearest=('Wan2.2-T2V-A14B', 't2v', 1, 384, 1, 4, 52, 208) result=nearest
15:52:38 [aiconfigurator] [W] [perf_database.py:4483] Wan vae_attention query used nearest fallback: source=('/home/ai_lab/ljc/scale-up-sim/aiconfigurator/src/aiconfigurator/systems/data/h100_sxm/sglang/0.5.10.post1-wan2.2-main0519/wan_vae_attention_perf.txt',) requested=('Wan2.2-T2V-A14B', 't2v', 1, 192, 1, 6, 160, 960) nearest=('Wan2.2-T2V-A14B', 't2v', 1, 192, 1, 8, 104, 832) result=nearest
15:52:38 [aiconfigurator] [W] [perf_database.py:4483] Wan vae_attention query used nearest fallback: source=('/home/ai_lab/ljc/scale-up-sim/aiconfigurator/src/aiconfigurator/systems/data/h100_sxm/sglang/0.5.10.post1-wan2.2-main0519/wan_vae_attention_perf.txt',) requested=('Wan2.2-T2V-A14B', 't2v', 1, 96, 1, 12, 320, 3840) nearest=('Wan2.2-T2V-A14B', 't2v', 1, 96, 1, 15, 208, 3120) result=nearest
15:52:38 [aiconfigurator] [I] [run.py:60] Raw estimate result:
{'model': 'Wan-AI/Wan2.2-T2V-A14B-Diffusers',
 'isl': 1,
 'osl': 1,
 'prefix': 0,
 'concurrency': 1,
 'request_rate': 0.0,
 'bs': 1,
 'global_bs': 1,
 'ttft': 38556.24609269933,
 'tpot': 0.0,
 'seq/s': 0.025936134902649437,
 'seq/s/gpu': 0.025936134902649437,
 'tokens/s': 0.025936134902649437,
 'tokens/s/gpu': 0.025936134902649437,
 'tokens/s/user': 0.0,
 'request_latency': 38556.24609269933,
 'context_latency': 38556.24609269933,
 'generation_latency': 0,
 'num_total_gpus': 16,
 'tp': 1,
 'pp': 1,
 'dp': 1,
 'moe_tp': 1,
 'moe_ep': 1,
 'parallel': 'tp1pp1dp1sp16u4r4etp1ep1',
 'gemm': 'bfloat16',
 'kvcache': 'bfloat16',
 'fmha': 'bfloat16',
 'moe': 'bfloat16',
 'comm': 'half',
 'memory': 1347.577287209034,
 'backend': 'sglang',
 'version': '0.5.10.post1-wan2.2-main0519',
 'system': 'h100_sxm',
 'power_w': 0.0,
 'sp': 16,
 'sp_size': 16,
 'ulysses_degree': 4,
 'ring_degree': 4,
 'sp_algorithm': 'usp',
 'wan_batch_model': 'serial_single_video_collect'}
