00:19:45 [aiconfigurator] [I] [wan32_sweep.py:120] === WAN 32GPU sweep start ===
00:19:45 [aiconfigurator] [I] [wan32_sweep.py:121] model=Wan-AI/Wan2.2-I2V-A14B-Diffusers backend=sglang backend_version=0.5.10.post1-wan2.2-main0520 database_mode=HYBRID
00:19:45 [aiconfigurator] [I] [wan32_sweep.py:122] task=i2v shape=720x1280x121 num_heads=40
00:19:45 [aiconfigurator] [I] [wan32_sweep.py:124] legal configs=10
00:19:45 [aiconfigurator] [I] [wan32_sweep.py:126] --- config tp=1 sp=32 ulysses=1 ring=32 alg=ring ---
00:19:45 [aiconfigurator] [I] [utils.py:1084] Quant inference result: quant_algo=None, kv_cache_quant_algo=None, quant_dynamic=None
00:19:45 [aiconfigurator] [I] [utils.py:1191] Loaded model config for Wan-AI/Wan2.2-I2V-A14B-Diffusers: architecture=WanModel, layers=40, n=40, n_kv=40, d=128, hidden_size=5120, inter_size=13824, vocab=16, context=512, topk=0, num_experts=0, moe_inter_size=0, extra_params={'wan_model': 'Wan2.2-I2V-A14B', 'task': 'i2v', 'height': 720, 'width': 1280, 'frames': 121, 'has_image_context': True, 'latent_channels': 16, 'vae_latent_channels': 16, 'patch_in_channels': 36, 'patch_size': (1, 2, 2), 'vae_stride': (4, 8, 8), 'latent_prepare_stride': (4, 8, 8), 'text_tokens': 512, 'image_tokens': 257, 'denoising_steps': 50, 'freq_dim': 256, 'text_dim': 4096, 'ffn_dim': 13824, 'vae_base_dim': 96, 'vae_dim_mult': (1, 2, 4, 4), 'vae_temporal_downsample': (False, True, True), 'dit_architecture': 'WanModel'}
00:19:45 [aiconfigurator] [I] [models.py:176] Resolved quant modes for WanModel: gemm=GEMMQuantMode.bfloat16 moe=MoEQuantMode.bfloat16 kvcache=KVCacheQuantMode.bfloat16 fmha=FMHAQuantMode.bfloat16 comm=CommQuantMode.half
00:19:45 [aiconfigurator] [I] [wan32_sweep.py:174] result parallel=tp1pp1dp1sp32u1r32etp1ep1 ttft=97623.82152074773 tpot=0.0 req_lat=97623.82152074773 tok/s/gpu=0.010243401502034753
00:19:45 [aiconfigurator] [I] [wan32_sweep.py:126] --- config tp=1 sp=32 ulysses=2 ring=16 alg=usp ---
00:19:45 [aiconfigurator] [I] [models.py:176] Resolved quant modes for WanModel: gemm=GEMMQuantMode.bfloat16 moe=MoEQuantMode.bfloat16 kvcache=KVCacheQuantMode.bfloat16 fmha=FMHAQuantMode.bfloat16 comm=CommQuantMode.half
00:19:45 [aiconfigurator] [I] [wan32_sweep.py:174] result parallel=tp1pp1dp1sp32u2r16etp1ep1 ttft=52607.30737829651 tpot=0.0 req_lat=52607.30737829651 tok/s/gpu=0.019008766078998308
00:19:45 [aiconfigurator] [I] [wan32_sweep.py:126] --- config tp=1 sp=32 ulysses=4 ring=8 alg=usp ---
00:19:45 [aiconfigurator] [I] [models.py:176] Resolved quant modes for WanModel: gemm=GEMMQuantMode.bfloat16 moe=MoEQuantMode.bfloat16 kvcache=KVCacheQuantMode.bfloat16 fmha=FMHAQuantMode.bfloat16 comm=CommQuantMode.half
00:19:45 [aiconfigurator] [I] [wan32_sweep.py:174] result parallel=tp1pp1dp1sp32u4r8etp1ep1 ttft=31162.202411027873 tpot=0.0 req_lat=31162.202411027873 tok/s/gpu=0.03209015803215866
00:19:45 [aiconfigurator] [I] [wan32_sweep.py:126] --- config tp=1 sp=32 ulysses=8 ring=4 alg=usp ---
00:19:45 [aiconfigurator] [I] [models.py:176] Resolved quant modes for WanModel: gemm=GEMMQuantMode.bfloat16 moe=MoEQuantMode.bfloat16 kvcache=KVCacheQuantMode.bfloat16 fmha=FMHAQuantMode.bfloat16 comm=CommQuantMode.half
00:19:45 [aiconfigurator] [I] [wan32_sweep.py:174] result parallel=tp1pp1dp1sp32u8r4etp1ep1 ttft=22642.32802964843 tpot=0.0 req_lat=22642.32802964843 tok/s/gpu=0.044165069894340145
00:19:45 [aiconfigurator] [I] [wan32_sweep.py:126] --- config tp=2 sp=16 ulysses=1 ring=16 alg=ring ---
00:19:45 [aiconfigurator] [I] [models.py:176] Resolved quant modes for WanModel: gemm=GEMMQuantMode.bfloat16 moe=MoEQuantMode.bfloat16 kvcache=KVCacheQuantMode.bfloat16 fmha=FMHAQuantMode.bfloat16 comm=CommQuantMode.half
00:19:45 [aiconfigurator] [I] [wan32_sweep.py:174] result parallel=tp2pp1dp1sp16u1r16etp2ep1 ttft=53597.03274462626 tpot=0.0 req_lat=53597.03274462626 tok/s/gpu=0.009328874648384914
00:19:45 [aiconfigurator] [I] [wan32_sweep.py:126] --- config tp=2 sp=16 ulysses=2 ring=8 alg=usp ---
00:19:45 [aiconfigurator] [I] [models.py:176] Resolved quant modes for WanModel: gemm=GEMMQuantMode.bfloat16 moe=MoEQuantMode.bfloat16 kvcache=KVCacheQuantMode.bfloat16 fmha=FMHAQuantMode.bfloat16 comm=CommQuantMode.half
00:19:45 [aiconfigurator] [I] [wan32_sweep.py:174] result parallel=tp2pp1dp1sp16u2r8etp2ep1 ttft=32364.495150899147 tpot=0.0 req_lat=32364.495150899147 tok/s/gpu=0.015449028253607998
00:19:45 [aiconfigurator] [I] [wan32_sweep.py:126] --- config tp=2 sp=16 ulysses=4 ring=4 alg=usp ---
00:19:45 [aiconfigurator] [I] [models.py:176] Resolved quant modes for WanModel: gemm=GEMMQuantMode.bfloat16 moe=MoEQuantMode.bfloat16 kvcache=KVCacheQuantMode.bfloat16 fmha=FMHAQuantMode.bfloat16 comm=CommQuantMode.half
00:19:45 [aiconfigurator] [I] [wan32_sweep.py:174] result parallel=tp2pp1dp1sp16u4r4etp2ep1 ttft=23734.056589516855 tpot=0.0 req_lat=23734.056589516855 tok/s/gpu=0.021066773735630432
00:19:45 [aiconfigurator] [I] [wan32_sweep.py:126] --- config tp=4 sp=8 ulysses=1 ring=8 alg=ring ---
00:19:45 [aiconfigurator] [I] [models.py:176] Resolved quant modes for WanModel: gemm=GEMMQuantMode.bfloat16 moe=MoEQuantMode.bfloat16 kvcache=KVCacheQuantMode.bfloat16 fmha=FMHAQuantMode.bfloat16 comm=CommQuantMode.half
00:19:45 [aiconfigurator] [I] [wan32_sweep.py:174] result parallel=tp4pp1dp1sp8u1r8etp4ep1 ttft=35293.60309741845 tpot=0.0 req_lat=35293.60309741845 tok/s/gpu=0.0070834366020930935
00:19:45 [aiconfigurator] [I] [wan32_sweep.py:126] --- config tp=4 sp=8 ulysses=2 ring=4 alg=usp ---
00:19:45 [aiconfigurator] [I] [models.py:176] Resolved quant modes for WanModel: gemm=GEMMQuantMode.bfloat16 moe=MoEQuantMode.bfloat16 kvcache=KVCacheQuantMode.bfloat16 fmha=FMHAQuantMode.bfloat16 comm=CommQuantMode.half
00:19:45 [aiconfigurator] [I] [wan32_sweep.py:174] result parallel=tp4pp1dp1sp8u2r4etp4ep1 ttft=27263.08785194268 tpot=0.0 req_lat=27263.08785194268 tok/s/gpu=0.00916990772863558
00:19:45 [aiconfigurator] [I] [wan32_sweep.py:126] --- config tp=8 sp=4 ulysses=1 ring=4 alg=ring ---
00:19:45 [aiconfigurator] [I] [models.py:176] Resolved quant modes for WanModel: gemm=GEMMQuantMode.bfloat16 moe=MoEQuantMode.bfloat16 kvcache=KVCacheQuantMode.bfloat16 fmha=FMHAQuantMode.bfloat16 comm=CommQuantMode.half
00:19:45 [aiconfigurator] [I] [wan32_sweep.py:174] result parallel=tp8pp1dp1sp4u1r4etp8ep1 ttft=33111.508745056075 tpot=0.0 req_lat=33111.508745056075 tok/s/gpu=0.003775122449491642
00:19:45 [aiconfigurator] [I] [wan32_sweep.py:185] === WAN 32GPU sweep end ===
00:19:45 [aiconfigurator] [I] [wan32_sweep.py:186] summary={'ok': 10}
